src/app/actions/actorFavorites.ts(16,48): error TS2345: Argument of type '[{ providers: (OAuthConfig<GoogleProfile> | OAuthConfig<FacebookProfile> | CredentialsConfig<{ username: { label: string; type: string; }; password: { ...; }; }>)[]; callbacks: { ...; }; pages: { ...; }; secret: string | undefined; }]' is not assignable to parameter of type 'GetServerSessionParams<GetServerSessionOptions>'.
  Type '[{ providers: (OAuthConfig<GoogleProfile> | OAuthConfig<FacebookProfile> | CredentialsConfig<{ username: { label: string; type: string; }; password: { ...; }; }>)[]; callbacks: { ...; }; pages: { ...; }; secret: string | undefined; }]' is not assignable to type '[GetServerSessionOptions]'.
    Type '{ providers: (OAuthConfig<GoogleProfile> | OAuthConfig<FacebookProfile> | CredentialsConfig<{ username: { label: string; type: string; }; password: { ...; }; }>)[]; callbacks: { ...; }; pages: { ...; }; secret: string | undefined; }' is not assignable to type 'GetServerSessionOptions'.
      Type '{ providers: (OAuthConfig<GoogleProfile> | OAuthConfig<FacebookProfile> | CredentialsConfig<{ username: { label: string; type: string; }; password: { ...; }; }>)[]; callbacks: { ...; }; pages: { ...; }; secret: string | undefined; }' is not assignable to type '{ callbacks?: (Omit<Partial<CallbacksOptions<Profile, Account>> | undefined, "session"> & { session?: ((params: { session: Session; token: JWT; user: AdapterUser; } & { ...; }) => any) | undefined; }) | undefined; }'.
        Types of property 'callbacks' are incompatible.
          Type '{ signIn({ user, account }: { user: Record<string, unknown>; account: Record<string, unknown> | null; }): Promise<boolean>; jwt({ token, user, account }: { token: Record<string, unknown>; user?: Record<string, unknown> | undefined; account?: Record<...> | ... 1 more ... | undefined; }): Promise<...>; session({ sessi...' is not assignable to type 'Omit<Partial<CallbacksOptions<Profile, Account>> | undefined, "session"> & { session?: ((params: { session: Session; token: JWT; user: AdapterUser; } & { ...; }) => any) | undefined; }'.
            Type '{ signIn({ user, account }: { user: Record<string, unknown>; account: Record<string, unknown> | null; }): Promise<boolean>; jwt({ token, user, account }: { token: Record<string, unknown>; user?: Record<string, unknown> | undefined; account?: Record<...> | ... 1 more ... | undefined; }): Promise<...>; session({ sessi...' is not assignable to type '{ session?: ((params: { session: Session; token: JWT; user: AdapterUser; } & { newSession: any; trigger: "update"; }) => any) | undefined; }'.
              Types of property 'session' are incompatible.
                Type '({ session, token }: { session: Record<string, unknown>; token: Record<string, unknown>; }) => Promise<Record<string, unknown>>' is not assignable to type '(params: { session: Session; token: JWT; user: AdapterUser; } & { newSession: any; trigger: "update"; }) => any'.
                  Types of parameters '__0' and 'params' are incompatible.
                    Type '{ session: Session; token: JWT; user: AdapterUser; } & { newSession: any; trigger: "update"; }' is not assignable to type '{ session: Record<string, unknown>; token: Record<string, unknown>; }'.
                      Types of property 'session' are incompatible.
                        Type 'Session' is not assignable to type 'Record<string, unknown>'.
                          Index signature for type 'string' is missing in type 'Session'.
src/app/actions/actorFavorites.ts(43,48): error TS2345: Argument of type '[{ providers: (OAuthConfig<GoogleProfile> | OAuthConfig<FacebookProfile> | CredentialsConfig<{ username: { label: string; type: string; }; password: { ...; }; }>)[]; callbacks: { ...; }; pages: { ...; }; secret: string | undefined; }]' is not assignable to parameter of type 'GetServerSessionParams<GetServerSessionOptions>'.
  Type '[{ providers: (OAuthConfig<GoogleProfile> | OAuthConfig<FacebookProfile> | CredentialsConfig<{ username: { label: string; type: string; }; password: { ...; }; }>)[]; callbacks: { ...; }; pages: { ...; }; secret: string | undefined; }]' is not assignable to type '[GetServerSessionOptions]'.
    Type '{ providers: (OAuthConfig<GoogleProfile> | OAuthConfig<FacebookProfile> | CredentialsConfig<{ username: { label: string; type: string; }; password: { ...; }; }>)[]; callbacks: { ...; }; pages: { ...; }; secret: string | undefined; }' is not assignable to type 'GetServerSessionOptions'.
      Type '{ providers: (OAuthConfig<GoogleProfile> | OAuthConfig<FacebookProfile> | CredentialsConfig<{ username: { label: string; type: string; }; password: { ...; }; }>)[]; callbacks: { ...; }; pages: { ...; }; secret: string | undefined; }' is not assignable to type '{ callbacks?: (Omit<Partial<CallbacksOptions<Profile, Account>> | undefined, "session"> & { session?: ((params: { session: Session; token: JWT; user: AdapterUser; } & { ...; }) => any) | undefined; }) | undefined; }'.
        Types of property 'callbacks' are incompatible.
          Type '{ signIn({ user, account }: { user: Record<string, unknown>; account: Record<string, unknown> | null; }): Promise<boolean>; jwt({ token, user, account }: { token: Record<string, unknown>; user?: Record<string, unknown> | undefined; account?: Record<...> | ... 1 more ... | undefined; }): Promise<...>; session({ sessi...' is not assignable to type 'Omit<Partial<CallbacksOptions<Profile, Account>> | undefined, "session"> & { session?: ((params: { session: Session; token: JWT; user: AdapterUser; } & { ...; }) => any) | undefined; }'.
            Type '{ signIn({ user, account }: { user: Record<string, unknown>; account: Record<string, unknown> | null; }): Promise<boolean>; jwt({ token, user, account }: { token: Record<string, unknown>; user?: Record<string, unknown> | undefined; account?: Record<...> | ... 1 more ... | undefined; }): Promise<...>; session({ sessi...' is not assignable to type '{ session?: ((params: { session: Session; token: JWT; user: AdapterUser; } & { newSession: any; trigger: "update"; }) => any) | undefined; }'.
              Types of property 'session' are incompatible.
                Type '({ session, token }: { session: Record<string, unknown>; token: Record<string, unknown>; }) => Promise<Record<string, unknown>>' is not assignable to type '(params: { session: Session; token: JWT; user: AdapterUser; } & { newSession: any; trigger: "update"; }) => any'.
                  Types of parameters '__0' and 'params' are incompatible.
                    Type '{ session: Session; token: JWT; user: AdapterUser; } & { newSession: any; trigger: "update"; }' is not assignable to type '{ session: Record<string, unknown>; token: Record<string, unknown>; }'.
                      Types of property 'session' are incompatible.
                        Type 'Session' is not assignable to type 'Record<string, unknown>'.
                          Index signature for type 'string' is missing in type 'Session'.
src/app/actions/actorFavorites.ts(70,48): error TS2345: Argument of type '[{ providers: (OAuthConfig<GoogleProfile> | OAuthConfig<FacebookProfile> | CredentialsConfig<{ username: { label: string; type: string; }; password: { ...; }; }>)[]; callbacks: { ...; }; pages: { ...; }; secret: string | undefined; }]' is not assignable to parameter of type 'GetServerSessionParams<GetServerSessionOptions>'.
  Type '[{ providers: (OAuthConfig<GoogleProfile> | OAuthConfig<FacebookProfile> | CredentialsConfig<{ username: { label: string; type: string; }; password: { ...; }; }>)[]; callbacks: { ...; }; pages: { ...; }; secret: string | undefined; }]' is not assignable to type '[GetServerSessionOptions]'.
    Type '{ providers: (OAuthConfig<GoogleProfile> | OAuthConfig<FacebookProfile> | CredentialsConfig<{ username: { label: string; type: string; }; password: { ...; }; }>)[]; callbacks: { ...; }; pages: { ...; }; secret: string | undefined; }' is not assignable to type 'GetServerSessionOptions'.
      Type '{ providers: (OAuthConfig<GoogleProfile> | OAuthConfig<FacebookProfile> | CredentialsConfig<{ username: { label: string; type: string; }; password: { ...; }; }>)[]; callbacks: { ...; }; pages: { ...; }; secret: string | undefined; }' is not assignable to type '{ callbacks?: (Omit<Partial<CallbacksOptions<Profile, Account>> | undefined, "session"> & { session?: ((params: { session: Session; token: JWT; user: AdapterUser; } & { ...; }) => any) | undefined; }) | undefined; }'.
        Types of property 'callbacks' are incompatible.
          Type '{ signIn({ user, account }: { user: Record<string, unknown>; account: Record<string, unknown> | null; }): Promise<boolean>; jwt({ token, user, account }: { token: Record<string, unknown>; user?: Record<string, unknown> | undefined; account?: Record<...> | ... 1 more ... | undefined; }): Promise<...>; session({ sessi...' is not assignable to type 'Omit<Partial<CallbacksOptions<Profile, Account>> | undefined, "session"> & { session?: ((params: { session: Session; token: JWT; user: AdapterUser; } & { ...; }) => any) | undefined; }'.
            Type '{ signIn({ user, account }: { user: Record<string, unknown>; account: Record<string, unknown> | null; }): Promise<boolean>; jwt({ token, user, account }: { token: Record<string, unknown>; user?: Record<string, unknown> | undefined; account?: Record<...> | ... 1 more ... | undefined; }): Promise<...>; session({ sessi...' is not assignable to type '{ session?: ((params: { session: Session; token: JWT; user: AdapterUser; } & { newSession: any; trigger: "update"; }) => any) | undefined; }'.
              Types of property 'session' are incompatible.
                Type '({ session, token }: { session: Record<string, unknown>; token: Record<string, unknown>; }) => Promise<Record<string, unknown>>' is not assignable to type '(params: { session: Session; token: JWT; user: AdapterUser; } & { newSession: any; trigger: "update"; }) => any'.
                  Types of parameters '__0' and 'params' are incompatible.
                    Type '{ session: Session; token: JWT; user: AdapterUser; } & { newSession: any; trigger: "update"; }' is not assignable to type '{ session: Record<string, unknown>; token: Record<string, unknown>; }'.
                      Types of property 'session' are incompatible.
                        Type 'Session' is not assignable to type 'Record<string, unknown>'.
                          Index signature for type 'string' is missing in type 'Session'.
src/app/actions/comments.ts(19,48): error TS2345: Argument of type '[{ providers: (OAuthConfig<GoogleProfile> | OAuthConfig<FacebookProfile> | CredentialsConfig<{ username: { label: string; type: string; }; password: { ...; }; }>)[]; callbacks: { ...; }; pages: { ...; }; secret: string | undefined; }]' is not assignable to parameter of type 'GetServerSessionParams<GetServerSessionOptions>'.
  Type '[{ providers: (OAuthConfig<GoogleProfile> | OAuthConfig<FacebookProfile> | CredentialsConfig<{ username: { label: string; type: string; }; password: { ...; }; }>)[]; callbacks: { ...; }; pages: { ...; }; secret: string | undefined; }]' is not assignable to type '[GetServerSessionOptions]'.
    Type '{ providers: (OAuthConfig<GoogleProfile> | OAuthConfig<FacebookProfile> | CredentialsConfig<{ username: { label: string; type: string; }; password: { ...; }; }>)[]; callbacks: { ...; }; pages: { ...; }; secret: string | undefined; }' is not assignable to type 'GetServerSessionOptions'.
      Type '{ providers: (OAuthConfig<GoogleProfile> | OAuthConfig<FacebookProfile> | CredentialsConfig<{ username: { label: string; type: string; }; password: { ...; }; }>)[]; callbacks: { ...; }; pages: { ...; }; secret: string | undefined; }' is not assignable to type '{ callbacks?: (Omit<Partial<CallbacksOptions<Profile, Account>> | undefined, "session"> & { session?: ((params: { session: Session; token: JWT; user: AdapterUser; } & { ...; }) => any) | undefined; }) | undefined; }'.
        Types of property 'callbacks' are incompatible.
          Type '{ signIn({ user, account }: { user: Record<string, unknown>; account: Record<string, unknown> | null; }): Promise<boolean>; jwt({ token, user, account }: { token: Record<string, unknown>; user?: Record<string, unknown> | undefined; account?: Record<...> | ... 1 more ... | undefined; }): Promise<...>; session({ sessi...' is not assignable to type 'Omit<Partial<CallbacksOptions<Profile, Account>> | undefined, "session"> & { session?: ((params: { session: Session; token: JWT; user: AdapterUser; } & { ...; }) => any) | undefined; }'.
            Type '{ signIn({ user, account }: { user: Record<string, unknown>; account: Record<string, unknown> | null; }): Promise<boolean>; jwt({ token, user, account }: { token: Record<string, unknown>; user?: Record<string, unknown> | undefined; account?: Record<...> | ... 1 more ... | undefined; }): Promise<...>; session({ sessi...' is not assignable to type '{ session?: ((params: { session: Session; token: JWT; user: AdapterUser; } & { newSession: any; trigger: "update"; }) => any) | undefined; }'.
              Types of property 'session' are incompatible.
                Type '({ session, token }: { session: Record<string, unknown>; token: Record<string, unknown>; }) => Promise<Record<string, unknown>>' is not assignable to type '(params: { session: Session; token: JWT; user: AdapterUser; } & { newSession: any; trigger: "update"; }) => any'.
                  Types of parameters '__0' and 'params' are incompatible.
                    Type '{ session: Session; token: JWT; user: AdapterUser; } & { newSession: any; trigger: "update"; }' is not assignable to type '{ session: Record<string, unknown>; token: Record<string, unknown>; }'.
                      Types of property 'session' are incompatible.
                        Type 'Session' is not assignable to type 'Record<string, unknown>'.
                          Index signature for type 'string' is missing in type 'Session'.
src/app/actions/comments.ts(119,48): error TS2345: Argument of type '[{ providers: (OAuthConfig<GoogleProfile> | OAuthConfig<FacebookProfile> | CredentialsConfig<{ username: { label: string; type: string; }; password: { ...; }; }>)[]; callbacks: { ...; }; pages: { ...; }; secret: string | undefined; }]' is not assignable to parameter of type 'GetServerSessionParams<GetServerSessionOptions>'.
  Type '[{ providers: (OAuthConfig<GoogleProfile> | OAuthConfig<FacebookProfile> | CredentialsConfig<{ username: { label: string; type: string; }; password: { ...; }; }>)[]; callbacks: { ...; }; pages: { ...; }; secret: string | undefined; }]' is not assignable to type '[GetServerSessionOptions]'.
    Type '{ providers: (OAuthConfig<GoogleProfile> | OAuthConfig<FacebookProfile> | CredentialsConfig<{ username: { label: string; type: string; }; password: { ...; }; }>)[]; callbacks: { ...; }; pages: { ...; }; secret: string | undefined; }' is not assignable to type 'GetServerSessionOptions'.
      Type '{ providers: (OAuthConfig<GoogleProfile> | OAuthConfig<FacebookProfile> | CredentialsConfig<{ username: { label: string; type: string; }; password: { ...; }; }>)[]; callbacks: { ...; }; pages: { ...; }; secret: string | undefined; }' is not assignable to type '{ callbacks?: (Omit<Partial<CallbacksOptions<Profile, Account>> | undefined, "session"> & { session?: ((params: { session: Session; token: JWT; user: AdapterUser; } & { ...; }) => any) | undefined; }) | undefined; }'.
        Types of property 'callbacks' are incompatible.
          Type '{ signIn({ user, account }: { user: Record<string, unknown>; account: Record<string, unknown> | null; }): Promise<boolean>; jwt({ token, user, account }: { token: Record<string, unknown>; user?: Record<string, unknown> | undefined; account?: Record<...> | ... 1 more ... | undefined; }): Promise<...>; session({ sessi...' is not assignable to type 'Omit<Partial<CallbacksOptions<Profile, Account>> | undefined, "session"> & { session?: ((params: { session: Session; token: JWT; user: AdapterUser; } & { ...; }) => any) | undefined; }'.
            Type '{ signIn({ user, account }: { user: Record<string, unknown>; account: Record<string, unknown> | null; }): Promise<boolean>; jwt({ token, user, account }: { token: Record<string, unknown>; user?: Record<string, unknown> | undefined; account?: Record<...> | ... 1 more ... | undefined; }): Promise<...>; session({ sessi...' is not assignable to type '{ session?: ((params: { session: Session; token: JWT; user: AdapterUser; } & { newSession: any; trigger: "update"; }) => any) | undefined; }'.
              Types of property 'session' are incompatible.
                Type '({ session, token }: { session: Record<string, unknown>; token: Record<string, unknown>; }) => Promise<Record<string, unknown>>' is not assignable to type '(params: { session: Session; token: JWT; user: AdapterUser; } & { newSession: any; trigger: "update"; }) => any'.
                  Types of parameters '__0' and 'params' are incompatible.
                    Type '{ session: Session; token: JWT; user: AdapterUser; } & { newSession: any; trigger: "update"; }' is not assignable to type '{ session: Record<string, unknown>; token: Record<string, unknown>; }'.
                      Types of property 'session' are incompatible.
                        Type 'Session' is not assignable to type 'Record<string, unknown>'.
                          Index signature for type 'string' is missing in type 'Session'.
src/app/actions/comments.ts(152,48): error TS2345: Argument of type '[{ providers: (OAuthConfig<GoogleProfile> | OAuthConfig<FacebookProfile> | CredentialsConfig<{ username: { label: string; type: string; }; password: { ...; }; }>)[]; callbacks: { ...; }; pages: { ...; }; secret: string | undefined; }]' is not assignable to parameter of type 'GetServerSessionParams<GetServerSessionOptions>'.
  Type '[{ providers: (OAuthConfig<GoogleProfile> | OAuthConfig<FacebookProfile> | CredentialsConfig<{ username: { label: string; type: string; }; password: { ...; }; }>)[]; callbacks: { ...; }; pages: { ...; }; secret: string | undefined; }]' is not assignable to type '[GetServerSessionOptions]'.
    Type '{ providers: (OAuthConfig<GoogleProfile> | OAuthConfig<FacebookProfile> | CredentialsConfig<{ username: { label: string; type: string; }; password: { ...; }; }>)[]; callbacks: { ...; }; pages: { ...; }; secret: string | undefined; }' is not assignable to type 'GetServerSessionOptions'.
      Type '{ providers: (OAuthConfig<GoogleProfile> | OAuthConfig<FacebookProfile> | CredentialsConfig<{ username: { label: string; type: string; }; password: { ...; }; }>)[]; callbacks: { ...; }; pages: { ...; }; secret: string | undefined; }' is not assignable to type '{ callbacks?: (Omit<Partial<CallbacksOptions<Profile, Account>> | undefined, "session"> & { session?: ((params: { session: Session; token: JWT; user: AdapterUser; } & { ...; }) => any) | undefined; }) | undefined; }'.
        Types of property 'callbacks' are incompatible.
          Type '{ signIn({ user, account }: { user: Record<string, unknown>; account: Record<string, unknown> | null; }): Promise<boolean>; jwt({ token, user, account }: { token: Record<string, unknown>; user?: Record<string, unknown> | undefined; account?: Record<...> | ... 1 more ... | undefined; }): Promise<...>; session({ sessi...' is not assignable to type 'Omit<Partial<CallbacksOptions<Profile, Account>> | undefined, "session"> & { session?: ((params: { session: Session; token: JWT; user: AdapterUser; } & { ...; }) => any) | undefined; }'.
            Type '{ signIn({ user, account }: { user: Record<string, unknown>; account: Record<string, unknown> | null; }): Promise<boolean>; jwt({ token, user, account }: { token: Record<string, unknown>; user?: Record<string, unknown> | undefined; account?: Record<...> | ... 1 more ... | undefined; }): Promise<...>; session({ sessi...' is not assignable to type '{ session?: ((params: { session: Session; token: JWT; user: AdapterUser; } & { newSession: any; trigger: "update"; }) => any) | undefined; }'.
              Types of property 'session' are incompatible.
                Type '({ session, token }: { session: Record<string, unknown>; token: Record<string, unknown>; }) => Promise<Record<string, unknown>>' is not assignable to type '(params: { session: Session; token: JWT; user: AdapterUser; } & { newSession: any; trigger: "update"; }) => any'.
                  Types of parameters '__0' and 'params' are incompatible.
                    Type '{ session: Session; token: JWT; user: AdapterUser; } & { newSession: any; trigger: "update"; }' is not assignable to type '{ session: Record<string, unknown>; token: Record<string, unknown>; }'.
                      Types of property 'session' are incompatible.
                        Type 'Session' is not assignable to type 'Record<string, unknown>'.
                          Index signature for type 'string' is missing in type 'Session'.
src/app/actions/comments.ts(182,48): error TS2345: Argument of type '[{ providers: (OAuthConfig<GoogleProfile> | OAuthConfig<FacebookProfile> | CredentialsConfig<{ username: { label: string; type: string; }; password: { ...; }; }>)[]; callbacks: { ...; }; pages: { ...; }; secret: string | undefined; }]' is not assignable to parameter of type 'GetServerSessionParams<GetServerSessionOptions>'.
  Type '[{ providers: (OAuthConfig<GoogleProfile> | OAuthConfig<FacebookProfile> | CredentialsConfig<{ username: { label: string; type: string; }; password: { ...; }; }>)[]; callbacks: { ...; }; pages: { ...; }; secret: string | undefined; }]' is not assignable to type '[GetServerSessionOptions]'.
    Type '{ providers: (OAuthConfig<GoogleProfile> | OAuthConfig<FacebookProfile> | CredentialsConfig<{ username: { label: string; type: string; }; password: { ...; }; }>)[]; callbacks: { ...; }; pages: { ...; }; secret: string | undefined; }' is not assignable to type 'GetServerSessionOptions'.
      Type '{ providers: (OAuthConfig<GoogleProfile> | OAuthConfig<FacebookProfile> | CredentialsConfig<{ username: { label: string; type: string; }; password: { ...; }; }>)[]; callbacks: { ...; }; pages: { ...; }; secret: string | undefined; }' is not assignable to type '{ callbacks?: (Omit<Partial<CallbacksOptions<Profile, Account>> | undefined, "session"> & { session?: ((params: { session: Session; token: JWT; user: AdapterUser; } & { ...; }) => any) | undefined; }) | undefined; }'.
        Types of property 'callbacks' are incompatible.
          Type '{ signIn({ user, account }: { user: Record<string, unknown>; account: Record<string, unknown> | null; }): Promise<boolean>; jwt({ token, user, account }: { token: Record<string, unknown>; user?: Record<string, unknown> | undefined; account?: Record<...> | ... 1 more ... | undefined; }): Promise<...>; session({ sessi...' is not assignable to type 'Omit<Partial<CallbacksOptions<Profile, Account>> | undefined, "session"> & { session?: ((params: { session: Session; token: JWT; user: AdapterUser; } & { ...; }) => any) | undefined; }'.
            Type '{ signIn({ user, account }: { user: Record<string, unknown>; account: Record<string, unknown> | null; }): Promise<boolean>; jwt({ token, user, account }: { token: Record<string, unknown>; user?: Record<string, unknown> | undefined; account?: Record<...> | ... 1 more ... | undefined; }): Promise<...>; session({ sessi...' is not assignable to type '{ session?: ((params: { session: Session; token: JWT; user: AdapterUser; } & { newSession: any; trigger: "update"; }) => any) | undefined; }'.
              Types of property 'session' are incompatible.
                Type '({ session, token }: { session: Record<string, unknown>; token: Record<string, unknown>; }) => Promise<Record<string, unknown>>' is not assignable to type '(params: { session: Session; token: JWT; user: AdapterUser; } & { newSession: any; trigger: "update"; }) => any'.
                  Types of parameters '__0' and 'params' are incompatible.
                    Type '{ session: Session; token: JWT; user: AdapterUser; } & { newSession: any; trigger: "update"; }' is not assignable to type '{ session: Record<string, unknown>; token: Record<string, unknown>; }'.
                      Types of property 'session' are incompatible.
                        Type 'Session' is not assignable to type 'Record<string, unknown>'.
                          Index signature for type 'string' is missing in type 'Session'.
src/app/actions/comments.ts(227,48): error TS2345: Argument of type '[{ providers: (OAuthConfig<GoogleProfile> | OAuthConfig<FacebookProfile> | CredentialsConfig<{ username: { label: string; type: string; }; password: { ...; }; }>)[]; callbacks: { ...; }; pages: { ...; }; secret: string | undefined; }]' is not assignable to parameter of type 'GetServerSessionParams<GetServerSessionOptions>'.
  Type '[{ providers: (OAuthConfig<GoogleProfile> | OAuthConfig<FacebookProfile> | CredentialsConfig<{ username: { label: string; type: string; }; password: { ...; }; }>)[]; callbacks: { ...; }; pages: { ...; }; secret: string | undefined; }]' is not assignable to type '[GetServerSessionOptions]'.
    Type '{ providers: (OAuthConfig<GoogleProfile> | OAuthConfig<FacebookProfile> | CredentialsConfig<{ username: { label: string; type: string; }; password: { ...; }; }>)[]; callbacks: { ...; }; pages: { ...; }; secret: string | undefined; }' is not assignable to type 'GetServerSessionOptions'.
      Type '{ providers: (OAuthConfig<GoogleProfile> | OAuthConfig<FacebookProfile> | CredentialsConfig<{ username: { label: string; type: string; }; password: { ...; }; }>)[]; callbacks: { ...; }; pages: { ...; }; secret: string | undefined; }' is not assignable to type '{ callbacks?: (Omit<Partial<CallbacksOptions<Profile, Account>> | undefined, "session"> & { session?: ((params: { session: Session; token: JWT; user: AdapterUser; } & { ...; }) => any) | undefined; }) | undefined; }'.
        Types of property 'callbacks' are incompatible.
          Type '{ signIn({ user, account }: { user: Record<string, unknown>; account: Record<string, unknown> | null; }): Promise<boolean>; jwt({ token, user, account }: { token: Record<string, unknown>; user?: Record<string, unknown> | undefined; account?: Record<...> | ... 1 more ... | undefined; }): Promise<...>; session({ sessi...' is not assignable to type 'Omit<Partial<CallbacksOptions<Profile, Account>> | undefined, "session"> & { session?: ((params: { session: Session; token: JWT; user: AdapterUser; } & { ...; }) => any) | undefined; }'.
            Type '{ signIn({ user, account }: { user: Record<string, unknown>; account: Record<string, unknown> | null; }): Promise<boolean>; jwt({ token, user, account }: { token: Record<string, unknown>; user?: Record<string, unknown> | undefined; account?: Record<...> | ... 1 more ... | undefined; }): Promise<...>; session({ sessi...' is not assignable to type '{ session?: ((params: { session: Session; token: JWT; user: AdapterUser; } & { newSession: any; trigger: "update"; }) => any) | undefined; }'.
              Types of property 'session' are incompatible.
                Type '({ session, token }: { session: Record<string, unknown>; token: Record<string, unknown>; }) => Promise<Record<string, unknown>>' is not assignable to type '(params: { session: Session; token: JWT; user: AdapterUser; } & { newSession: any; trigger: "update"; }) => any'.
                  Types of parameters '__0' and 'params' are incompatible.
                    Type '{ session: Session; token: JWT; user: AdapterUser; } & { newSession: any; trigger: "update"; }' is not assignable to type '{ session: Record<string, unknown>; token: Record<string, unknown>; }'.
                      Types of property 'session' are incompatible.
                        Type 'Session' is not assignable to type 'Record<string, unknown>'.
                          Index signature for type 'string' is missing in type 'Session'.
src/app/actions/comments.ts(272,48): error TS2345: Argument of type '[{ providers: (OAuthConfig<GoogleProfile> | OAuthConfig<FacebookProfile> | CredentialsConfig<{ username: { label: string; type: string; }; password: { ...; }; }>)[]; callbacks: { ...; }; pages: { ...; }; secret: string | undefined; }]' is not assignable to parameter of type 'GetServerSessionParams<GetServerSessionOptions>'.
  Type '[{ providers: (OAuthConfig<GoogleProfile> | OAuthConfig<FacebookProfile> | CredentialsConfig<{ username: { label: string; type: string; }; password: { ...; }; }>)[]; callbacks: { ...; }; pages: { ...; }; secret: string | undefined; }]' is not assignable to type '[GetServerSessionOptions]'.
    Type '{ providers: (OAuthConfig<GoogleProfile> | OAuthConfig<FacebookProfile> | CredentialsConfig<{ username: { label: string; type: string; }; password: { ...; }; }>)[]; callbacks: { ...; }; pages: { ...; }; secret: string | undefined; }' is not assignable to type 'GetServerSessionOptions'.
      Type '{ providers: (OAuthConfig<GoogleProfile> | OAuthConfig<FacebookProfile> | CredentialsConfig<{ username: { label: string; type: string; }; password: { ...; }; }>)[]; callbacks: { ...; }; pages: { ...; }; secret: string | undefined; }' is not assignable to type '{ callbacks?: (Omit<Partial<CallbacksOptions<Profile, Account>> | undefined, "session"> & { session?: ((params: { session: Session; token: JWT; user: AdapterUser; } & { ...; }) => any) | undefined; }) | undefined; }'.
        Types of property 'callbacks' are incompatible.
          Type '{ signIn({ user, account }: { user: Record<string, unknown>; account: Record<string, unknown> | null; }): Promise<boolean>; jwt({ token, user, account }: { token: Record<string, unknown>; user?: Record<string, unknown> | undefined; account?: Record<...> | ... 1 more ... | undefined; }): Promise<...>; session({ sessi...' is not assignable to type 'Omit<Partial<CallbacksOptions<Profile, Account>> | undefined, "session"> & { session?: ((params: { session: Session; token: JWT; user: AdapterUser; } & { ...; }) => any) | undefined; }'.
            Type '{ signIn({ user, account }: { user: Record<string, unknown>; account: Record<string, unknown> | null; }): Promise<boolean>; jwt({ token, user, account }: { token: Record<string, unknown>; user?: Record<string, unknown> | undefined; account?: Record<...> | ... 1 more ... | undefined; }): Promise<...>; session({ sessi...' is not assignable to type '{ session?: ((params: { session: Session; token: JWT; user: AdapterUser; } & { newSession: any; trigger: "update"; }) => any) | undefined; }'.
              Types of property 'session' are incompatible.
                Type '({ session, token }: { session: Record<string, unknown>; token: Record<string, unknown>; }) => Promise<Record<string, unknown>>' is not assignable to type '(params: { session: Session; token: JWT; user: AdapterUser; } & { newSession: any; trigger: "update"; }) => any'.
                  Types of parameters '__0' and 'params' are incompatible.
                    Type '{ session: Session; token: JWT; user: AdapterUser; } & { newSession: any; trigger: "update"; }' is not assignable to type '{ session: Record<string, unknown>; token: Record<string, unknown>; }'.
                      Types of property 'session' are incompatible.
                        Type 'Session' is not assignable to type 'Record<string, unknown>'.
                          Index signature for type 'string' is missing in type 'Session'.
src/app/actions/comments.ts(304,48): error TS2345: Argument of type '[{ providers: (OAuthConfig<GoogleProfile> | OAuthConfig<FacebookProfile> | CredentialsConfig<{ username: { label: string; type: string; }; password: { ...; }; }>)[]; callbacks: { ...; }; pages: { ...; }; secret: string | undefined; }]' is not assignable to parameter of type 'GetServerSessionParams<GetServerSessionOptions>'.
  Type '[{ providers: (OAuthConfig<GoogleProfile> | OAuthConfig<FacebookProfile> | CredentialsConfig<{ username: { label: string; type: string; }; password: { ...; }; }>)[]; callbacks: { ...; }; pages: { ...; }; secret: string | undefined; }]' is not assignable to type '[GetServerSessionOptions]'.
    Type '{ providers: (OAuthConfig<GoogleProfile> | OAuthConfig<FacebookProfile> | CredentialsConfig<{ username: { label: string; type: string; }; password: { ...; }; }>)[]; callbacks: { ...; }; pages: { ...; }; secret: string | undefined; }' is not assignable to type 'GetServerSessionOptions'.
      Type '{ providers: (OAuthConfig<GoogleProfile> | OAuthConfig<FacebookProfile> | CredentialsConfig<{ username: { label: string; type: string; }; password: { ...; }; }>)[]; callbacks: { ...; }; pages: { ...; }; secret: string | undefined; }' is not assignable to type '{ callbacks?: (Omit<Partial<CallbacksOptions<Profile, Account>> | undefined, "session"> & { session?: ((params: { session: Session; token: JWT; user: AdapterUser; } & { ...; }) => any) | undefined; }) | undefined; }'.
        Types of property 'callbacks' are incompatible.
          Type '{ signIn({ user, account }: { user: Record<string, unknown>; account: Record<string, unknown> | null; }): Promise<boolean>; jwt({ token, user, account }: { token: Record<string, unknown>; user?: Record<string, unknown> | undefined; account?: Record<...> | ... 1 more ... | undefined; }): Promise<...>; session({ sessi...' is not assignable to type 'Omit<Partial<CallbacksOptions<Profile, Account>> | undefined, "session"> & { session?: ((params: { session: Session; token: JWT; user: AdapterUser; } & { ...; }) => any) | undefined; }'.
            Type '{ signIn({ user, account }: { user: Record<string, unknown>; account: Record<string, unknown> | null; }): Promise<boolean>; jwt({ token, user, account }: { token: Record<string, unknown>; user?: Record<string, unknown> | undefined; account?: Record<...> | ... 1 more ... | undefined; }): Promise<...>; session({ sessi...' is not assignable to type '{ session?: ((params: { session: Session; token: JWT; user: AdapterUser; } & { newSession: any; trigger: "update"; }) => any) | undefined; }'.
              Types of property 'session' are incompatible.
                Type '({ session, token }: { session: Record<string, unknown>; token: Record<string, unknown>; }) => Promise<Record<string, unknown>>' is not assignable to type '(params: { session: Session; token: JWT; user: AdapterUser; } & { newSession: any; trigger: "update"; }) => any'.
                  Types of parameters '__0' and 'params' are incompatible.
                    Type '{ session: Session; token: JWT; user: AdapterUser; } & { newSession: any; trigger: "update"; }' is not assignable to type '{ session: Record<string, unknown>; token: Record<string, unknown>; }'.
                      Types of property 'session' are incompatible.
                        Type 'Session' is not assignable to type 'Record<string, unknown>'.
                          Index signature for type 'string' is missing in type 'Session'.
src/app/actions/comments.ts(331,48): error TS2345: Argument of type '[{ providers: (OAuthConfig<GoogleProfile> | OAuthConfig<FacebookProfile> | CredentialsConfig<{ username: { label: string; type: string; }; password: { ...; }; }>)[]; callbacks: { ...; }; pages: { ...; }; secret: string | undefined; }]' is not assignable to parameter of type 'GetServerSessionParams<GetServerSessionOptions>'.
  Type '[{ providers: (OAuthConfig<GoogleProfile> | OAuthConfig<FacebookProfile> | CredentialsConfig<{ username: { label: string; type: string; }; password: { ...; }; }>)[]; callbacks: { ...; }; pages: { ...; }; secret: string | undefined; }]' is not assignable to type '[GetServerSessionOptions]'.
    Type '{ providers: (OAuthConfig<GoogleProfile> | OAuthConfig<FacebookProfile> | CredentialsConfig<{ username: { label: string; type: string; }; password: { ...; }; }>)[]; callbacks: { ...; }; pages: { ...; }; secret: string | undefined; }' is not assignable to type 'GetServerSessionOptions'.
      Type '{ providers: (OAuthConfig<GoogleProfile> | OAuthConfig<FacebookProfile> | CredentialsConfig<{ username: { label: string; type: string; }; password: { ...; }; }>)[]; callbacks: { ...; }; pages: { ...; }; secret: string | undefined; }' is not assignable to type '{ callbacks?: (Omit<Partial<CallbacksOptions<Profile, Account>> | undefined, "session"> & { session?: ((params: { session: Session; token: JWT; user: AdapterUser; } & { ...; }) => any) | undefined; }) | undefined; }'.
        Types of property 'callbacks' are incompatible.
          Type '{ signIn({ user, account }: { user: Record<string, unknown>; account: Record<string, unknown> | null; }): Promise<boolean>; jwt({ token, user, account }: { token: Record<string, unknown>; user?: Record<string, unknown> | undefined; account?: Record<...> | ... 1 more ... | undefined; }): Promise<...>; session({ sessi...' is not assignable to type 'Omit<Partial<CallbacksOptions<Profile, Account>> | undefined, "session"> & { session?: ((params: { session: Session; token: JWT; user: AdapterUser; } & { ...; }) => any) | undefined; }'.
            Type '{ signIn({ user, account }: { user: Record<string, unknown>; account: Record<string, unknown> | null; }): Promise<boolean>; jwt({ token, user, account }: { token: Record<string, unknown>; user?: Record<string, unknown> | undefined; account?: Record<...> | ... 1 more ... | undefined; }): Promise<...>; session({ sessi...' is not assignable to type '{ session?: ((params: { session: Session; token: JWT; user: AdapterUser; } & { newSession: any; trigger: "update"; }) => any) | undefined; }'.
              Types of property 'session' are incompatible.
                Type '({ session, token }: { session: Record<string, unknown>; token: Record<string, unknown>; }) => Promise<Record<string, unknown>>' is not assignable to type '(params: { session: Session; token: JWT; user: AdapterUser; } & { newSession: any; trigger: "update"; }) => any'.
                  Types of parameters '__0' and 'params' are incompatible.
                    Type '{ session: Session; token: JWT; user: AdapterUser; } & { newSession: any; trigger: "update"; }' is not assignable to type '{ session: Record<string, unknown>; token: Record<string, unknown>; }'.
                      Types of property 'session' are incompatible.
                        Type 'Session' is not assignable to type 'Record<string, unknown>'.
                          Index signature for type 'string' is missing in type 'Session'.
src/app/actions/comments.ts(360,48): error TS2345: Argument of type '[{ providers: (OAuthConfig<GoogleProfile> | OAuthConfig<FacebookProfile> | CredentialsConfig<{ username: { label: string; type: string; }; password: { ...; }; }>)[]; callbacks: { ...; }; pages: { ...; }; secret: string | undefined; }]' is not assignable to parameter of type 'GetServerSessionParams<GetServerSessionOptions>'.
  Type '[{ providers: (OAuthConfig<GoogleProfile> | OAuthConfig<FacebookProfile> | CredentialsConfig<{ username: { label: string; type: string; }; password: { ...; }; }>)[]; callbacks: { ...; }; pages: { ...; }; secret: string | undefined; }]' is not assignable to type '[GetServerSessionOptions]'.
    Type '{ providers: (OAuthConfig<GoogleProfile> | OAuthConfig<FacebookProfile> | CredentialsConfig<{ username: { label: string; type: string; }; password: { ...; }; }>)[]; callbacks: { ...; }; pages: { ...; }; secret: string | undefined; }' is not assignable to type 'GetServerSessionOptions'.
      Type '{ providers: (OAuthConfig<GoogleProfile> | OAuthConfig<FacebookProfile> | CredentialsConfig<{ username: { label: string; type: string; }; password: { ...; }; }>)[]; callbacks: { ...; }; pages: { ...; }; secret: string | undefined; }' is not assignable to type '{ callbacks?: (Omit<Partial<CallbacksOptions<Profile, Account>> | undefined, "session"> & { session?: ((params: { session: Session; token: JWT; user: AdapterUser; } & { ...; }) => any) | undefined; }) | undefined; }'.
        Types of property 'callbacks' are incompatible.
          Type '{ signIn({ user, account }: { user: Record<string, unknown>; account: Record<string, unknown> | null; }): Promise<boolean>; jwt({ token, user, account }: { token: Record<string, unknown>; user?: Record<string, unknown> | undefined; account?: Record<...> | ... 1 more ... | undefined; }): Promise<...>; session({ sessi...' is not assignable to type 'Omit<Partial<CallbacksOptions<Profile, Account>> | undefined, "session"> & { session?: ((params: { session: Session; token: JWT; user: AdapterUser; } & { ...; }) => any) | undefined; }'.
            Type '{ signIn({ user, account }: { user: Record<string, unknown>; account: Record<string, unknown> | null; }): Promise<boolean>; jwt({ token, user, account }: { token: Record<string, unknown>; user?: Record<string, unknown> | undefined; account?: Record<...> | ... 1 more ... | undefined; }): Promise<...>; session({ sessi...' is not assignable to type '{ session?: ((params: { session: Session; token: JWT; user: AdapterUser; } & { newSession: any; trigger: "update"; }) => any) | undefined; }'.
              Types of property 'session' are incompatible.
                Type '({ session, token }: { session: Record<string, unknown>; token: Record<string, unknown>; }) => Promise<Record<string, unknown>>' is not assignable to type '(params: { session: Session; token: JWT; user: AdapterUser; } & { newSession: any; trigger: "update"; }) => any'.
                  Types of parameters '__0' and 'params' are incompatible.
                    Type '{ session: Session; token: JWT; user: AdapterUser; } & { newSession: any; trigger: "update"; }' is not assignable to type '{ session: Record<string, unknown>; token: Record<string, unknown>; }'.
                      Types of property 'session' are incompatible.
                        Type 'Session' is not assignable to type 'Record<string, unknown>'.
                          Index signature for type 'string' is missing in type 'Session'.
src/app/actions/comments.ts(381,48): error TS2345: Argument of type '[{ providers: (OAuthConfig<GoogleProfile> | OAuthConfig<FacebookProfile> | CredentialsConfig<{ username: { label: string; type: string; }; password: { ...; }; }>)[]; callbacks: { ...; }; pages: { ...; }; secret: string | undefined; }]' is not assignable to parameter of type 'GetServerSessionParams<GetServerSessionOptions>'.
  Type '[{ providers: (OAuthConfig<GoogleProfile> | OAuthConfig<FacebookProfile> | CredentialsConfig<{ username: { label: string; type: string; }; password: { ...; }; }>)[]; callbacks: { ...; }; pages: { ...; }; secret: string | undefined; }]' is not assignable to type '[GetServerSessionOptions]'.
    Type '{ providers: (OAuthConfig<GoogleProfile> | OAuthConfig<FacebookProfile> | CredentialsConfig<{ username: { label: string; type: string; }; password: { ...; }; }>)[]; callbacks: { ...; }; pages: { ...; }; secret: string | undefined; }' is not assignable to type 'GetServerSessionOptions'.
      Type '{ providers: (OAuthConfig<GoogleProfile> | OAuthConfig<FacebookProfile> | CredentialsConfig<{ username: { label: string; type: string; }; password: { ...; }; }>)[]; callbacks: { ...; }; pages: { ...; }; secret: string | undefined; }' is not assignable to type '{ callbacks?: (Omit<Partial<CallbacksOptions<Profile, Account>> | undefined, "session"> & { session?: ((params: { session: Session; token: JWT; user: AdapterUser; } & { ...; }) => any) | undefined; }) | undefined; }'.
        Types of property 'callbacks' are incompatible.
          Type '{ signIn({ user, account }: { user: Record<string, unknown>; account: Record<string, unknown> | null; }): Promise<boolean>; jwt({ token, user, account }: { token: Record<string, unknown>; user?: Record<string, unknown> | undefined; account?: Record<...> | ... 1 more ... | undefined; }): Promise<...>; session({ sessi...' is not assignable to type 'Omit<Partial<CallbacksOptions<Profile, Account>> | undefined, "session"> & { session?: ((params: { session: Session; token: JWT; user: AdapterUser; } & { ...; }) => any) | undefined; }'.
            Type '{ signIn({ user, account }: { user: Record<string, unknown>; account: Record<string, unknown> | null; }): Promise<boolean>; jwt({ token, user, account }: { token: Record<string, unknown>; user?: Record<string, unknown> | undefined; account?: Record<...> | ... 1 more ... | undefined; }): Promise<...>; session({ sessi...' is not assignable to type '{ session?: ((params: { session: Session; token: JWT; user: AdapterUser; } & { newSession: any; trigger: "update"; }) => any) | undefined; }'.
              Types of property 'session' are incompatible.
                Type '({ session, token }: { session: Record<string, unknown>; token: Record<string, unknown>; }) => Promise<Record<string, unknown>>' is not assignable to type '(params: { session: Session; token: JWT; user: AdapterUser; } & { newSession: any; trigger: "update"; }) => any'.
                  Types of parameters '__0' and 'params' are incompatible.
                    Type '{ session: Session; token: JWT; user: AdapterUser; } & { newSession: any; trigger: "update"; }' is not assignable to type '{ session: Record<string, unknown>; token: Record<string, unknown>; }'.
                      Types of property 'session' are incompatible.
                        Type 'Session' is not assignable to type 'Record<string, unknown>'.
                          Index signature for type 'string' is missing in type 'Session'.
src/app/actions/favorites.ts(20,48): error TS2345: Argument of type '[{ providers: (OAuthConfig<GoogleProfile> | OAuthConfig<FacebookProfile> | CredentialsConfig<{ username: { label: string; type: string; }; password: { ...; }; }>)[]; callbacks: { ...; }; pages: { ...; }; secret: string | undefined; }]' is not assignable to parameter of type 'GetServerSessionParams<GetServerSessionOptions>'.
  Type '[{ providers: (OAuthConfig<GoogleProfile> | OAuthConfig<FacebookProfile> | CredentialsConfig<{ username: { label: string; type: string; }; password: { ...; }; }>)[]; callbacks: { ...; }; pages: { ...; }; secret: string | undefined; }]' is not assignable to type '[GetServerSessionOptions]'.
    Type '{ providers: (OAuthConfig<GoogleProfile> | OAuthConfig<FacebookProfile> | CredentialsConfig<{ username: { label: string; type: string; }; password: { ...; }; }>)[]; callbacks: { ...; }; pages: { ...; }; secret: string | undefined; }' is not assignable to type 'GetServerSessionOptions'.
      Type '{ providers: (OAuthConfig<GoogleProfile> | OAuthConfig<FacebookProfile> | CredentialsConfig<{ username: { label: string; type: string; }; password: { ...; }; }>)[]; callbacks: { ...; }; pages: { ...; }; secret: string | undefined; }' is not assignable to type '{ callbacks?: (Omit<Partial<CallbacksOptions<Profile, Account>> | undefined, "session"> & { session?: ((params: { session: Session; token: JWT; user: AdapterUser; } & { ...; }) => any) | undefined; }) | undefined; }'.
        Types of property 'callbacks' are incompatible.
          Type '{ signIn({ user, account }: { user: Record<string, unknown>; account: Record<string, unknown> | null; }): Promise<boolean>; jwt({ token, user, account }: { token: Record<string, unknown>; user?: Record<string, unknown> | undefined; account?: Record<...> | ... 1 more ... | undefined; }): Promise<...>; session({ sessi...' is not assignable to type 'Omit<Partial<CallbacksOptions<Profile, Account>> | undefined, "session"> & { session?: ((params: { session: Session; token: JWT; user: AdapterUser; } & { ...; }) => any) | undefined; }'.
            Type '{ signIn({ user, account }: { user: Record<string, unknown>; account: Record<string, unknown> | null; }): Promise<boolean>; jwt({ token, user, account }: { token: Record<string, unknown>; user?: Record<string, unknown> | undefined; account?: Record<...> | ... 1 more ... | undefined; }): Promise<...>; session({ sessi...' is not assignable to type '{ session?: ((params: { session: Session; token: JWT; user: AdapterUser; } & { newSession: any; trigger: "update"; }) => any) | undefined; }'.
              Types of property 'session' are incompatible.
                Type '({ session, token }: { session: Record<string, unknown>; token: Record<string, unknown>; }) => Promise<Record<string, unknown>>' is not assignable to type '(params: { session: Session; token: JWT; user: AdapterUser; } & { newSession: any; trigger: "update"; }) => any'.
                  Types of parameters '__0' and 'params' are incompatible.
                    Type '{ session: Session; token: JWT; user: AdapterUser; } & { newSession: any; trigger: "update"; }' is not assignable to type '{ session: Record<string, unknown>; token: Record<string, unknown>; }'.
                      Types of property 'session' are incompatible.
                        Type 'Session' is not assignable to type 'Record<string, unknown>'.
                          Index signature for type 'string' is missing in type 'Session'.
src/app/actions/favorites.ts(37,13): error TS18046: 'error' is of type 'unknown'.
src/app/actions/favorites.ts(47,48): error TS2345: Argument of type '[{ providers: (OAuthConfig<GoogleProfile> | OAuthConfig<FacebookProfile> | CredentialsConfig<{ username: { label: string; type: string; }; password: { ...; }; }>)[]; callbacks: { ...; }; pages: { ...; }; secret: string | undefined; }]' is not assignable to parameter of type 'GetServerSessionParams<GetServerSessionOptions>'.
  Type '[{ providers: (OAuthConfig<GoogleProfile> | OAuthConfig<FacebookProfile> | CredentialsConfig<{ username: { label: string; type: string; }; password: { ...; }; }>)[]; callbacks: { ...; }; pages: { ...; }; secret: string | undefined; }]' is not assignable to type '[GetServerSessionOptions]'.
    Type '{ providers: (OAuthConfig<GoogleProfile> | OAuthConfig<FacebookProfile> | CredentialsConfig<{ username: { label: string; type: string; }; password: { ...; }; }>)[]; callbacks: { ...; }; pages: { ...; }; secret: string | undefined; }' is not assignable to type 'GetServerSessionOptions'.
      Type '{ providers: (OAuthConfig<GoogleProfile> | OAuthConfig<FacebookProfile> | CredentialsConfig<{ username: { label: string; type: string; }; password: { ...; }; }>)[]; callbacks: { ...; }; pages: { ...; }; secret: string | undefined; }' is not assignable to type '{ callbacks?: (Omit<Partial<CallbacksOptions<Profile, Account>> | undefined, "session"> & { session?: ((params: { session: Session; token: JWT; user: AdapterUser; } & { ...; }) => any) | undefined; }) | undefined; }'.
        Types of property 'callbacks' are incompatible.
          Type '{ signIn({ user, account }: { user: Record<string, unknown>; account: Record<string, unknown> | null; }): Promise<boolean>; jwt({ token, user, account }: { token: Record<string, unknown>; user?: Record<string, unknown> | undefined; account?: Record<...> | ... 1 more ... | undefined; }): Promise<...>; session({ sessi...' is not assignable to type 'Omit<Partial<CallbacksOptions<Profile, Account>> | undefined, "session"> & { session?: ((params: { session: Session; token: JWT; user: AdapterUser; } & { ...; }) => any) | undefined; }'.
            Type '{ signIn({ user, account }: { user: Record<string, unknown>; account: Record<string, unknown> | null; }): Promise<boolean>; jwt({ token, user, account }: { token: Record<string, unknown>; user?: Record<string, unknown> | undefined; account?: Record<...> | ... 1 more ... | undefined; }): Promise<...>; session({ sessi...' is not assignable to type '{ session?: ((params: { session: Session; token: JWT; user: AdapterUser; } & { newSession: any; trigger: "update"; }) => any) | undefined; }'.
              Types of property 'session' are incompatible.
                Type '({ session, token }: { session: Record<string, unknown>; token: Record<string, unknown>; }) => Promise<Record<string, unknown>>' is not assignable to type '(params: { session: Session; token: JWT; user: AdapterUser; } & { newSession: any; trigger: "update"; }) => any'.
                  Types of parameters '__0' and 'params' are incompatible.
                    Type '{ session: Session; token: JWT; user: AdapterUser; } & { newSession: any; trigger: "update"; }' is not assignable to type '{ session: Record<string, unknown>; token: Record<string, unknown>; }'.
                      Types of property 'session' are incompatible.
                        Type 'Session' is not assignable to type 'Record<string, unknown>'.
                          Index signature for type 'string' is missing in type 'Session'.
src/app/actions/favorites.ts(73,48): error TS2345: Argument of type '[{ providers: (OAuthConfig<GoogleProfile> | OAuthConfig<FacebookProfile> | CredentialsConfig<{ username: { label: string; type: string; }; password: { ...; }; }>)[]; callbacks: { ...; }; pages: { ...; }; secret: string | undefined; }]' is not assignable to parameter of type 'GetServerSessionParams<GetServerSessionOptions>'.
  Type '[{ providers: (OAuthConfig<GoogleProfile> | OAuthConfig<FacebookProfile> | CredentialsConfig<{ username: { label: string; type: string; }; password: { ...; }; }>)[]; callbacks: { ...; }; pages: { ...; }; secret: string | undefined; }]' is not assignable to type '[GetServerSessionOptions]'.
    Type '{ providers: (OAuthConfig<GoogleProfile> | OAuthConfig<FacebookProfile> | CredentialsConfig<{ username: { label: string; type: string; }; password: { ...; }; }>)[]; callbacks: { ...; }; pages: { ...; }; secret: string | undefined; }' is not assignable to type 'GetServerSessionOptions'.
      Type '{ providers: (OAuthConfig<GoogleProfile> | OAuthConfig<FacebookProfile> | CredentialsConfig<{ username: { label: string; type: string; }; password: { ...; }; }>)[]; callbacks: { ...; }; pages: { ...; }; secret: string | undefined; }' is not assignable to type '{ callbacks?: (Omit<Partial<CallbacksOptions<Profile, Account>> | undefined, "session"> & { session?: ((params: { session: Session; token: JWT; user: AdapterUser; } & { ...; }) => any) | undefined; }) | undefined; }'.
        Types of property 'callbacks' are incompatible.
          Type '{ signIn({ user, account }: { user: Record<string, unknown>; account: Record<string, unknown> | null; }): Promise<boolean>; jwt({ token, user, account }: { token: Record<string, unknown>; user?: Record<string, unknown> | undefined; account?: Record<...> | ... 1 more ... | undefined; }): Promise<...>; session({ sessi...' is not assignable to type 'Omit<Partial<CallbacksOptions<Profile, Account>> | undefined, "session"> & { session?: ((params: { session: Session; token: JWT; user: AdapterUser; } & { ...; }) => any) | undefined; }'.
            Type '{ signIn({ user, account }: { user: Record<string, unknown>; account: Record<string, unknown> | null; }): Promise<boolean>; jwt({ token, user, account }: { token: Record<string, unknown>; user?: Record<string, unknown> | undefined; account?: Record<...> | ... 1 more ... | undefined; }): Promise<...>; session({ sessi...' is not assignable to type '{ session?: ((params: { session: Session; token: JWT; user: AdapterUser; } & { newSession: any; trigger: "update"; }) => any) | undefined; }'.
              Types of property 'session' are incompatible.
                Type '({ session, token }: { session: Record<string, unknown>; token: Record<string, unknown>; }) => Promise<Record<string, unknown>>' is not assignable to type '(params: { session: Session; token: JWT; user: AdapterUser; } & { newSession: any; trigger: "update"; }) => any'.
                  Types of parameters '__0' and 'params' are incompatible.
                    Type '{ session: Session; token: JWT; user: AdapterUser; } & { newSession: any; trigger: "update"; }' is not assignable to type '{ session: Record<string, unknown>; token: Record<string, unknown>; }'.
                      Types of property 'session' are incompatible.
                        Type 'Session' is not assignable to type 'Record<string, unknown>'.
                          Index signature for type 'string' is missing in type 'Session'.
src/app/actions/favorites.ts(93,48): error TS2345: Argument of type '[{ providers: (OAuthConfig<GoogleProfile> | OAuthConfig<FacebookProfile> | CredentialsConfig<{ username: { label: string; type: string; }; password: { ...; }; }>)[]; callbacks: { ...; }; pages: { ...; }; secret: string | undefined; }]' is not assignable to parameter of type 'GetServerSessionParams<GetServerSessionOptions>'.
  Type '[{ providers: (OAuthConfig<GoogleProfile> | OAuthConfig<FacebookProfile> | CredentialsConfig<{ username: { label: string; type: string; }; password: { ...; }; }>)[]; callbacks: { ...; }; pages: { ...; }; secret: string | undefined; }]' is not assignable to type '[GetServerSessionOptions]'.
    Type '{ providers: (OAuthConfig<GoogleProfile> | OAuthConfig<FacebookProfile> | CredentialsConfig<{ username: { label: string; type: string; }; password: { ...; }; }>)[]; callbacks: { ...; }; pages: { ...; }; secret: string | undefined; }' is not assignable to type 'GetServerSessionOptions'.
      Type '{ providers: (OAuthConfig<GoogleProfile> | OAuthConfig<FacebookProfile> | CredentialsConfig<{ username: { label: string; type: string; }; password: { ...; }; }>)[]; callbacks: { ...; }; pages: { ...; }; secret: string | undefined; }' is not assignable to type '{ callbacks?: (Omit<Partial<CallbacksOptions<Profile, Account>> | undefined, "session"> & { session?: ((params: { session: Session; token: JWT; user: AdapterUser; } & { ...; }) => any) | undefined; }) | undefined; }'.
        Types of property 'callbacks' are incompatible.
          Type '{ signIn({ user, account }: { user: Record<string, unknown>; account: Record<string, unknown> | null; }): Promise<boolean>; jwt({ token, user, account }: { token: Record<string, unknown>; user?: Record<string, unknown> | undefined; account?: Record<...> | ... 1 more ... | undefined; }): Promise<...>; session({ sessi...' is not assignable to type 'Omit<Partial<CallbacksOptions<Profile, Account>> | undefined, "session"> & { session?: ((params: { session: Session; token: JWT; user: AdapterUser; } & { ...; }) => any) | undefined; }'.
            Type '{ signIn({ user, account }: { user: Record<string, unknown>; account: Record<string, unknown> | null; }): Promise<boolean>; jwt({ token, user, account }: { token: Record<string, unknown>; user?: Record<string, unknown> | undefined; account?: Record<...> | ... 1 more ... | undefined; }): Promise<...>; session({ sessi...' is not assignable to type '{ session?: ((params: { session: Session; token: JWT; user: AdapterUser; } & { newSession: any; trigger: "update"; }) => any) | undefined; }'.
              Types of property 'session' are incompatible.
                Type '({ session, token }: { session: Record<string, unknown>; token: Record<string, unknown>; }) => Promise<Record<string, unknown>>' is not assignable to type '(params: { session: Session; token: JWT; user: AdapterUser; } & { newSession: any; trigger: "update"; }) => any'.
                  Types of parameters '__0' and 'params' are incompatible.
                    Type '{ session: Session; token: JWT; user: AdapterUser; } & { newSession: any; trigger: "update"; }' is not assignable to type '{ session: Record<string, unknown>; token: Record<string, unknown>; }'.
                      Types of property 'session' are incompatible.
                        Type 'Session' is not assignable to type 'Record<string, unknown>'.
                          Index signature for type 'string' is missing in type 'Session'.
src/app/actions/favorites.ts(114,48): error TS2345: Argument of type '[{ providers: (OAuthConfig<GoogleProfile> | OAuthConfig<FacebookProfile> | CredentialsConfig<{ username: { label: string; type: string; }; password: { ...; }; }>)[]; callbacks: { ...; }; pages: { ...; }; secret: string | undefined; }]' is not assignable to parameter of type 'GetServerSessionParams<GetServerSessionOptions>'.
  Type '[{ providers: (OAuthConfig<GoogleProfile> | OAuthConfig<FacebookProfile> | CredentialsConfig<{ username: { label: string; type: string; }; password: { ...; }; }>)[]; callbacks: { ...; }; pages: { ...; }; secret: string | undefined; }]' is not assignable to type '[GetServerSessionOptions]'.
    Type '{ providers: (OAuthConfig<GoogleProfile> | OAuthConfig<FacebookProfile> | CredentialsConfig<{ username: { label: string; type: string; }; password: { ...; }; }>)[]; callbacks: { ...; }; pages: { ...; }; secret: string | undefined; }' is not assignable to type 'GetServerSessionOptions'.
      Type '{ providers: (OAuthConfig<GoogleProfile> | OAuthConfig<FacebookProfile> | CredentialsConfig<{ username: { label: string; type: string; }; password: { ...; }; }>)[]; callbacks: { ...; }; pages: { ...; }; secret: string | undefined; }' is not assignable to type '{ callbacks?: (Omit<Partial<CallbacksOptions<Profile, Account>> | undefined, "session"> & { session?: ((params: { session: Session; token: JWT; user: AdapterUser; } & { ...; }) => any) | undefined; }) | undefined; }'.
        Types of property 'callbacks' are incompatible.
          Type '{ signIn({ user, account }: { user: Record<string, unknown>; account: Record<string, unknown> | null; }): Promise<boolean>; jwt({ token, user, account }: { token: Record<string, unknown>; user?: Record<string, unknown> | undefined; account?: Record<...> | ... 1 more ... | undefined; }): Promise<...>; session({ sessi...' is not assignable to type 'Omit<Partial<CallbacksOptions<Profile, Account>> | undefined, "session"> & { session?: ((params: { session: Session; token: JWT; user: AdapterUser; } & { ...; }) => any) | undefined; }'.
            Type '{ signIn({ user, account }: { user: Record<string, unknown>; account: Record<string, unknown> | null; }): Promise<boolean>; jwt({ token, user, account }: { token: Record<string, unknown>; user?: Record<string, unknown> | undefined; account?: Record<...> | ... 1 more ... | undefined; }): Promise<...>; session({ sessi...' is not assignable to type '{ session?: ((params: { session: Session; token: JWT; user: AdapterUser; } & { newSession: any; trigger: "update"; }) => any) | undefined; }'.
              Types of property 'session' are incompatible.
                Type '({ session, token }: { session: Record<string, unknown>; token: Record<string, unknown>; }) => Promise<Record<string, unknown>>' is not assignable to type '(params: { session: Session; token: JWT; user: AdapterUser; } & { newSession: any; trigger: "update"; }) => any'.
                  Types of parameters '__0' and 'params' are incompatible.
                    Type '{ session: Session; token: JWT; user: AdapterUser; } & { newSession: any; trigger: "update"; }' is not assignable to type '{ session: Record<string, unknown>; token: Record<string, unknown>; }'.
                      Types of property 'session' are incompatible.
                        Type 'Session' is not assignable to type 'Record<string, unknown>'.
                          Index signature for type 'string' is missing in type 'Session'.
src/app/actions/search.ts(18,23): error TS2339: Property 'id' does not exist on type '{ _id?: string | undefined; name?: string | undefined; thumb_url?: string | undefined; }'.
src/app/actions/search.ts(20,32): error TS2339: Property 'profile_path' does not exist on type '{ _id?: string | undefined; name?: string | undefined; thumb_url?: string | undefined; }'.
src/app/actions/search.ts(20,66): error TS2339: Property 'profile_path' does not exist on type '{ _id?: string | undefined; name?: string | undefined; thumb_url?: string | undefined; }'.
src/app/actions/settings.ts(25,48): error TS2345: Argument of type '[{ providers: (OAuthConfig<GoogleProfile> | OAuthConfig<FacebookProfile> | CredentialsConfig<{ username: { label: string; type: string; }; password: { ...; }; }>)[]; callbacks: { ...; }; pages: { ...; }; secret: string | undefined; }]' is not assignable to parameter of type 'GetServerSessionParams<GetServerSessionOptions>'.
  Type '[{ providers: (OAuthConfig<GoogleProfile> | OAuthConfig<FacebookProfile> | CredentialsConfig<{ username: { label: string; type: string; }; password: { ...; }; }>)[]; callbacks: { ...; }; pages: { ...; }; secret: string | undefined; }]' is not assignable to type '[GetServerSessionOptions]'.
    Type '{ providers: (OAuthConfig<GoogleProfile> | OAuthConfig<FacebookProfile> | CredentialsConfig<{ username: { label: string; type: string; }; password: { ...; }; }>)[]; callbacks: { ...; }; pages: { ...; }; secret: string | undefined; }' is not assignable to type 'GetServerSessionOptions'.
      Type '{ providers: (OAuthConfig<GoogleProfile> | OAuthConfig<FacebookProfile> | CredentialsConfig<{ username: { label: string; type: string; }; password: { ...; }; }>)[]; callbacks: { ...; }; pages: { ...; }; secret: string | undefined; }' is not assignable to type '{ callbacks?: (Omit<Partial<CallbacksOptions<Profile, Account>> | undefined, "session"> & { session?: ((params: { session: Session; token: JWT; user: AdapterUser; } & { ...; }) => any) | undefined; }) | undefined; }'.
        Types of property 'callbacks' are incompatible.
          Type '{ signIn({ user, account }: { user: Record<string, unknown>; account: Record<string, unknown> | null; }): Promise<boolean>; jwt({ token, user, account }: { token: Record<string, unknown>; user?: Record<string, unknown> | undefined; account?: Record<...> | ... 1 more ... | undefined; }): Promise<...>; session({ sessi...' is not assignable to type 'Omit<Partial<CallbacksOptions<Profile, Account>> | undefined, "session"> & { session?: ((params: { session: Session; token: JWT; user: AdapterUser; } & { ...; }) => any) | undefined; }'.
            Type '{ signIn({ user, account }: { user: Record<string, unknown>; account: Record<string, unknown> | null; }): Promise<boolean>; jwt({ token, user, account }: { token: Record<string, unknown>; user?: Record<string, unknown> | undefined; account?: Record<...> | ... 1 more ... | undefined; }): Promise<...>; session({ sessi...' is not assignable to type '{ session?: ((params: { session: Session; token: JWT; user: AdapterUser; } & { newSession: any; trigger: "update"; }) => any) | undefined; }'.
              Types of property 'session' are incompatible.
                Type '({ session, token }: { session: Record<string, unknown>; token: Record<string, unknown>; }) => Promise<Record<string, unknown>>' is not assignable to type '(params: { session: Session; token: JWT; user: AdapterUser; } & { newSession: any; trigger: "update"; }) => any'.
                  Types of parameters '__0' and 'params' are incompatible.
                    Type '{ session: Session; token: JWT; user: AdapterUser; } & { newSession: any; trigger: "update"; }' is not assignable to type '{ session: Record<string, unknown>; token: Record<string, unknown>; }'.
                      Types of property 'session' are incompatible.
                        Type 'Session' is not assignable to type 'Record<string, unknown>'.
                          Index signature for type 'string' is missing in type 'Session'.
src/app/actions/settings.ts(63,48): error TS2345: Argument of type '[{ providers: (OAuthConfig<GoogleProfile> | OAuthConfig<FacebookProfile> | CredentialsConfig<{ username: { label: string; type: string; }; password: { ...; }; }>)[]; callbacks: { ...; }; pages: { ...; }; secret: string | undefined; }]' is not assignable to parameter of type 'GetServerSessionParams<GetServerSessionOptions>'.
  Type '[{ providers: (OAuthConfig<GoogleProfile> | OAuthConfig<FacebookProfile> | CredentialsConfig<{ username: { label: string; type: string; }; password: { ...; }; }>)[]; callbacks: { ...; }; pages: { ...; }; secret: string | undefined; }]' is not assignable to type '[GetServerSessionOptions]'.
    Type '{ providers: (OAuthConfig<GoogleProfile> | OAuthConfig<FacebookProfile> | CredentialsConfig<{ username: { label: string; type: string; }; password: { ...; }; }>)[]; callbacks: { ...; }; pages: { ...; }; secret: string | undefined; }' is not assignable to type 'GetServerSessionOptions'.
      Type '{ providers: (OAuthConfig<GoogleProfile> | OAuthConfig<FacebookProfile> | CredentialsConfig<{ username: { label: string; type: string; }; password: { ...; }; }>)[]; callbacks: { ...; }; pages: { ...; }; secret: string | undefined; }' is not assignable to type '{ callbacks?: (Omit<Partial<CallbacksOptions<Profile, Account>> | undefined, "session"> & { session?: ((params: { session: Session; token: JWT; user: AdapterUser; } & { ...; }) => any) | undefined; }) | undefined; }'.
        Types of property 'callbacks' are incompatible.
          Type '{ signIn({ user, account }: { user: Record<string, unknown>; account: Record<string, unknown> | null; }): Promise<boolean>; jwt({ token, user, account }: { token: Record<string, unknown>; user?: Record<string, unknown> | undefined; account?: Record<...> | ... 1 more ... | undefined; }): Promise<...>; session({ sessi...' is not assignable to type 'Omit<Partial<CallbacksOptions<Profile, Account>> | undefined, "session"> & { session?: ((params: { session: Session; token: JWT; user: AdapterUser; } & { ...; }) => any) | undefined; }'.
            Type '{ signIn({ user, account }: { user: Record<string, unknown>; account: Record<string, unknown> | null; }): Promise<boolean>; jwt({ token, user, account }: { token: Record<string, unknown>; user?: Record<string, unknown> | undefined; account?: Record<...> | ... 1 more ... | undefined; }): Promise<...>; session({ sessi...' is not assignable to type '{ session?: ((params: { session: Session; token: JWT; user: AdapterUser; } & { newSession: any; trigger: "update"; }) => any) | undefined; }'.
              Types of property 'session' are incompatible.
                Type '({ session, token }: { session: Record<string, unknown>; token: Record<string, unknown>; }) => Promise<Record<string, unknown>>' is not assignable to type '(params: { session: Session; token: JWT; user: AdapterUser; } & { newSession: any; trigger: "update"; }) => any'.
                  Types of parameters '__0' and 'params' are incompatible.
                    Type '{ session: Session; token: JWT; user: AdapterUser; } & { newSession: any; trigger: "update"; }' is not assignable to type '{ session: Record<string, unknown>; token: Record<string, unknown>; }'.
                      Types of property 'session' are incompatible.
                        Type 'Session' is not assignable to type 'Record<string, unknown>'.
                          Index signature for type 'string' is missing in type 'Session'.
src/app/actions/settings.ts(98,48): error TS2345: Argument of type '[{ providers: (OAuthConfig<GoogleProfile> | OAuthConfig<FacebookProfile> | CredentialsConfig<{ username: { label: string; type: string; }; password: { ...; }; }>)[]; callbacks: { ...; }; pages: { ...; }; secret: string | undefined; }]' is not assignable to parameter of type 'GetServerSessionParams<GetServerSessionOptions>'.
  Type '[{ providers: (OAuthConfig<GoogleProfile> | OAuthConfig<FacebookProfile> | CredentialsConfig<{ username: { label: string; type: string; }; password: { ...; }; }>)[]; callbacks: { ...; }; pages: { ...; }; secret: string | undefined; }]' is not assignable to type '[GetServerSessionOptions]'.
    Type '{ providers: (OAuthConfig<GoogleProfile> | OAuthConfig<FacebookProfile> | CredentialsConfig<{ username: { label: string; type: string; }; password: { ...; }; }>)[]; callbacks: { ...; }; pages: { ...; }; secret: string | undefined; }' is not assignable to type 'GetServerSessionOptions'.
      Type '{ providers: (OAuthConfig<GoogleProfile> | OAuthConfig<FacebookProfile> | CredentialsConfig<{ username: { label: string; type: string; }; password: { ...; }; }>)[]; callbacks: { ...; }; pages: { ...; }; secret: string | undefined; }' is not assignable to type '{ callbacks?: (Omit<Partial<CallbacksOptions<Profile, Account>> | undefined, "session"> & { session?: ((params: { session: Session; token: JWT; user: AdapterUser; } & { ...; }) => any) | undefined; }) | undefined; }'.
        Types of property 'callbacks' are incompatible.
          Type '{ signIn({ user, account }: { user: Record<string, unknown>; account: Record<string, unknown> | null; }): Promise<boolean>; jwt({ token, user, account }: { token: Record<string, unknown>; user?: Record<string, unknown> | undefined; account?: Record<...> | ... 1 more ... | undefined; }): Promise<...>; session({ sessi...' is not assignable to type 'Omit<Partial<CallbacksOptions<Profile, Account>> | undefined, "session"> & { session?: ((params: { session: Session; token: JWT; user: AdapterUser; } & { ...; }) => any) | undefined; }'.
            Type '{ signIn({ user, account }: { user: Record<string, unknown>; account: Record<string, unknown> | null; }): Promise<boolean>; jwt({ token, user, account }: { token: Record<string, unknown>; user?: Record<string, unknown> | undefined; account?: Record<...> | ... 1 more ... | undefined; }): Promise<...>; session({ sessi...' is not assignable to type '{ session?: ((params: { session: Session; token: JWT; user: AdapterUser; } & { newSession: any; trigger: "update"; }) => any) | undefined; }'.
              Types of property 'session' are incompatible.
                Type '({ session, token }: { session: Record<string, unknown>; token: Record<string, unknown>; }) => Promise<Record<string, unknown>>' is not assignable to type '(params: { session: Session; token: JWT; user: AdapterUser; } & { newSession: any; trigger: "update"; }) => any'.
                  Types of parameters '__0' and 'params' are incompatible.
                    Type '{ session: Session; token: JWT; user: AdapterUser; } & { newSession: any; trigger: "update"; }' is not assignable to type '{ session: Record<string, unknown>; token: Record<string, unknown>; }'.
                      Types of property 'session' are incompatible.
                        Type 'Session' is not assignable to type 'Record<string, unknown>'.
                          Index signature for type 'string' is missing in type 'Session'.
src/app/actions/tmdb.ts(36,42): error TS2339: Property 'original_name' does not exist on type '{ id: number; name: string; profile_path: string; character: string; }'.
src/app/actions/watchHistory.ts(21,48): error TS2345: Argument of type '[{ providers: (OAuthConfig<GoogleProfile> | OAuthConfig<FacebookProfile> | CredentialsConfig<{ username: { label: string; type: string; }; password: { ...; }; }>)[]; callbacks: { ...; }; pages: { ...; }; secret: string | undefined; }]' is not assignable to parameter of type 'GetServerSessionParams<GetServerSessionOptions>'.
  Type '[{ providers: (OAuthConfig<GoogleProfile> | OAuthConfig<FacebookProfile> | CredentialsConfig<{ username: { label: string; type: string; }; password: { ...; }; }>)[]; callbacks: { ...; }; pages: { ...; }; secret: string | undefined; }]' is not assignable to type '[GetServerSessionOptions]'.
    Type '{ providers: (OAuthConfig<GoogleProfile> | OAuthConfig<FacebookProfile> | CredentialsConfig<{ username: { label: string; type: string; }; password: { ...; }; }>)[]; callbacks: { ...; }; pages: { ...; }; secret: string | undefined; }' is not assignable to type 'GetServerSessionOptions'.
      Type '{ providers: (OAuthConfig<GoogleProfile> | OAuthConfig<FacebookProfile> | CredentialsConfig<{ username: { label: string; type: string; }; password: { ...; }; }>)[]; callbacks: { ...; }; pages: { ...; }; secret: string | undefined; }' is not assignable to type '{ callbacks?: (Omit<Partial<CallbacksOptions<Profile, Account>> | undefined, "session"> & { session?: ((params: { session: Session; token: JWT; user: AdapterUser; } & { ...; }) => any) | undefined; }) | undefined; }'.
        Types of property 'callbacks' are incompatible.
          Type '{ signIn({ user, account }: { user: Record<string, unknown>; account: Record<string, unknown> | null; }): Promise<boolean>; jwt({ token, user, account }: { token: Record<string, unknown>; user?: Record<string, unknown> | undefined; account?: Record<...> | ... 1 more ... | undefined; }): Promise<...>; session({ sessi...' is not assignable to type 'Omit<Partial<CallbacksOptions<Profile, Account>> | undefined, "session"> & { session?: ((params: { session: Session; token: JWT; user: AdapterUser; } & { ...; }) => any) | undefined; }'.
            Type '{ signIn({ user, account }: { user: Record<string, unknown>; account: Record<string, unknown> | null; }): Promise<boolean>; jwt({ token, user, account }: { token: Record<string, unknown>; user?: Record<string, unknown> | undefined; account?: Record<...> | ... 1 more ... | undefined; }): Promise<...>; session({ sessi...' is not assignable to type '{ session?: ((params: { session: Session; token: JWT; user: AdapterUser; } & { newSession: any; trigger: "update"; }) => any) | undefined; }'.
              Types of property 'session' are incompatible.
                Type '({ session, token }: { session: Record<string, unknown>; token: Record<string, unknown>; }) => Promise<Record<string, unknown>>' is not assignable to type '(params: { session: Session; token: JWT; user: AdapterUser; } & { newSession: any; trigger: "update"; }) => any'.
                  Types of parameters '__0' and 'params' are incompatible.
                    Type '{ session: Session; token: JWT; user: AdapterUser; } & { newSession: any; trigger: "update"; }' is not assignable to type '{ session: Record<string, unknown>; token: Record<string, unknown>; }'.
                      Types of property 'session' are incompatible.
                        Type 'Session' is not assignable to type 'Record<string, unknown>'.
                          Index signature for type 'string' is missing in type 'Session'.
src/app/actions/watchHistory.ts(61,48): error TS2345: Argument of type '[{ providers: (OAuthConfig<GoogleProfile> | OAuthConfig<FacebookProfile> | CredentialsConfig<{ username: { label: string; type: string; }; password: { ...; }; }>)[]; callbacks: { ...; }; pages: { ...; }; secret: string | undefined; }]' is not assignable to parameter of type 'GetServerSessionParams<GetServerSessionOptions>'.
  Type '[{ providers: (OAuthConfig<GoogleProfile> | OAuthConfig<FacebookProfile> | CredentialsConfig<{ username: { label: string; type: string; }; password: { ...; }; }>)[]; callbacks: { ...; }; pages: { ...; }; secret: string | undefined; }]' is not assignable to type '[GetServerSessionOptions]'.
    Type '{ providers: (OAuthConfig<GoogleProfile> | OAuthConfig<FacebookProfile> | CredentialsConfig<{ username: { label: string; type: string; }; password: { ...; }; }>)[]; callbacks: { ...; }; pages: { ...; }; secret: string | undefined; }' is not assignable to type 'GetServerSessionOptions'.
      Type '{ providers: (OAuthConfig<GoogleProfile> | OAuthConfig<FacebookProfile> | CredentialsConfig<{ username: { label: string; type: string; }; password: { ...; }; }>)[]; callbacks: { ...; }; pages: { ...; }; secret: string | undefined; }' is not assignable to type '{ callbacks?: (Omit<Partial<CallbacksOptions<Profile, Account>> | undefined, "session"> & { session?: ((params: { session: Session; token: JWT; user: AdapterUser; } & { ...; }) => any) | undefined; }) | undefined; }'.
        Types of property 'callbacks' are incompatible.
          Type '{ signIn({ user, account }: { user: Record<string, unknown>; account: Record<string, unknown> | null; }): Promise<boolean>; jwt({ token, user, account }: { token: Record<string, unknown>; user?: Record<string, unknown> | undefined; account?: Record<...> | ... 1 more ... | undefined; }): Promise<...>; session({ sessi...' is not assignable to type 'Omit<Partial<CallbacksOptions<Profile, Account>> | undefined, "session"> & { session?: ((params: { session: Session; token: JWT; user: AdapterUser; } & { ...; }) => any) | undefined; }'.
            Type '{ signIn({ user, account }: { user: Record<string, unknown>; account: Record<string, unknown> | null; }): Promise<boolean>; jwt({ token, user, account }: { token: Record<string, unknown>; user?: Record<string, unknown> | undefined; account?: Record<...> | ... 1 more ... | undefined; }): Promise<...>; session({ sessi...' is not assignable to type '{ session?: ((params: { session: Session; token: JWT; user: AdapterUser; } & { newSession: any; trigger: "update"; }) => any) | undefined; }'.
              Types of property 'session' are incompatible.
                Type '({ session, token }: { session: Record<string, unknown>; token: Record<string, unknown>; }) => Promise<Record<string, unknown>>' is not assignable to type '(params: { session: Session; token: JWT; user: AdapterUser; } & { newSession: any; trigger: "update"; }) => any'.
                  Types of parameters '__0' and 'params' are incompatible.
                    Type '{ session: Session; token: JWT; user: AdapterUser; } & { newSession: any; trigger: "update"; }' is not assignable to type '{ session: Record<string, unknown>; token: Record<string, unknown>; }'.
                      Types of property 'session' are incompatible.
                        Type 'Session' is not assignable to type 'Record<string, unknown>'.
                          Index signature for type 'string' is missing in type 'Session'.
src/app/actions/watchHistory.ts(82,48): error TS2345: Argument of type '[{ providers: (OAuthConfig<GoogleProfile> | OAuthConfig<FacebookProfile> | CredentialsConfig<{ username: { label: string; type: string; }; password: { ...; }; }>)[]; callbacks: { ...; }; pages: { ...; }; secret: string | undefined; }]' is not assignable to parameter of type 'GetServerSessionParams<GetServerSessionOptions>'.
  Type '[{ providers: (OAuthConfig<GoogleProfile> | OAuthConfig<FacebookProfile> | CredentialsConfig<{ username: { label: string; type: string; }; password: { ...; }; }>)[]; callbacks: { ...; }; pages: { ...; }; secret: string | undefined; }]' is not assignable to type '[GetServerSessionOptions]'.
    Type '{ providers: (OAuthConfig<GoogleProfile> | OAuthConfig<FacebookProfile> | CredentialsConfig<{ username: { label: string; type: string; }; password: { ...; }; }>)[]; callbacks: { ...; }; pages: { ...; }; secret: string | undefined; }' is not assignable to type 'GetServerSessionOptions'.
      Type '{ providers: (OAuthConfig<GoogleProfile> | OAuthConfig<FacebookProfile> | CredentialsConfig<{ username: { label: string; type: string; }; password: { ...; }; }>)[]; callbacks: { ...; }; pages: { ...; }; secret: string | undefined; }' is not assignable to type '{ callbacks?: (Omit<Partial<CallbacksOptions<Profile, Account>> | undefined, "session"> & { session?: ((params: { session: Session; token: JWT; user: AdapterUser; } & { ...; }) => any) | undefined; }) | undefined; }'.
        Types of property 'callbacks' are incompatible.
          Type '{ signIn({ user, account }: { user: Record<string, unknown>; account: Record<string, unknown> | null; }): Promise<boolean>; jwt({ token, user, account }: { token: Record<string, unknown>; user?: Record<string, unknown> | undefined; account?: Record<...> | ... 1 more ... | undefined; }): Promise<...>; session({ sessi...' is not assignable to type 'Omit<Partial<CallbacksOptions<Profile, Account>> | undefined, "session"> & { session?: ((params: { session: Session; token: JWT; user: AdapterUser; } & { ...; }) => any) | undefined; }'.
            Type '{ signIn({ user, account }: { user: Record<string, unknown>; account: Record<string, unknown> | null; }): Promise<boolean>; jwt({ token, user, account }: { token: Record<string, unknown>; user?: Record<string, unknown> | undefined; account?: Record<...> | ... 1 more ... | undefined; }): Promise<...>; session({ sessi...' is not assignable to type '{ session?: ((params: { session: Session; token: JWT; user: AdapterUser; } & { newSession: any; trigger: "update"; }) => any) | undefined; }'.
              Types of property 'session' are incompatible.
                Type '({ session, token }: { session: Record<string, unknown>; token: Record<string, unknown>; }) => Promise<Record<string, unknown>>' is not assignable to type '(params: { session: Session; token: JWT; user: AdapterUser; } & { newSession: any; trigger: "update"; }) => any'.
                  Types of parameters '__0' and 'params' are incompatible.
                    Type '{ session: Session; token: JWT; user: AdapterUser; } & { newSession: any; trigger: "update"; }' is not assignable to type '{ session: Record<string, unknown>; token: Record<string, unknown>; }'.
                      Types of property 'session' are incompatible.
                        Type 'Session' is not assignable to type 'Record<string, unknown>'.
                          Index signature for type 'string' is missing in type 'Session'.
src/app/actions/watchHistory.ts(119,48): error TS2345: Argument of type '[{ providers: (OAuthConfig<GoogleProfile> | OAuthConfig<FacebookProfile> | CredentialsConfig<{ username: { label: string; type: string; }; password: { ...; }; }>)[]; callbacks: { ...; }; pages: { ...; }; secret: string | undefined; }]' is not assignable to parameter of type 'GetServerSessionParams<GetServerSessionOptions>'.
  Type '[{ providers: (OAuthConfig<GoogleProfile> | OAuthConfig<FacebookProfile> | CredentialsConfig<{ username: { label: string; type: string; }; password: { ...; }; }>)[]; callbacks: { ...; }; pages: { ...; }; secret: string | undefined; }]' is not assignable to type '[GetServerSessionOptions]'.
    Type '{ providers: (OAuthConfig<GoogleProfile> | OAuthConfig<FacebookProfile> | CredentialsConfig<{ username: { label: string; type: string; }; password: { ...; }; }>)[]; callbacks: { ...; }; pages: { ...; }; secret: string | undefined; }' is not assignable to type 'GetServerSessionOptions'.
      Type '{ providers: (OAuthConfig<GoogleProfile> | OAuthConfig<FacebookProfile> | CredentialsConfig<{ username: { label: string; type: string; }; password: { ...; }; }>)[]; callbacks: { ...; }; pages: { ...; }; secret: string | undefined; }' is not assignable to type '{ callbacks?: (Omit<Partial<CallbacksOptions<Profile, Account>> | undefined, "session"> & { session?: ((params: { session: Session; token: JWT; user: AdapterUser; } & { ...; }) => any) | undefined; }) | undefined; }'.
        Types of property 'callbacks' are incompatible.
          Type '{ signIn({ user, account }: { user: Record<string, unknown>; account: Record<string, unknown> | null; }): Promise<boolean>; jwt({ token, user, account }: { token: Record<string, unknown>; user?: Record<string, unknown> | undefined; account?: Record<...> | ... 1 more ... | undefined; }): Promise<...>; session({ sessi...' is not assignable to type 'Omit<Partial<CallbacksOptions<Profile, Account>> | undefined, "session"> & { session?: ((params: { session: Session; token: JWT; user: AdapterUser; } & { ...; }) => any) | undefined; }'.
            Type '{ signIn({ user, account }: { user: Record<string, unknown>; account: Record<string, unknown> | null; }): Promise<boolean>; jwt({ token, user, account }: { token: Record<string, unknown>; user?: Record<string, unknown> | undefined; account?: Record<...> | ... 1 more ... | undefined; }): Promise<...>; session({ sessi...' is not assignable to type '{ session?: ((params: { session: Session; token: JWT; user: AdapterUser; } & { newSession: any; trigger: "update"; }) => any) | undefined; }'.
              Types of property 'session' are incompatible.
                Type '({ session, token }: { session: Record<string, unknown>; token: Record<string, unknown>; }) => Promise<Record<string, unknown>>' is not assignable to type '(params: { session: Session; token: JWT; user: AdapterUser; } & { newSession: any; trigger: "update"; }) => any'.
                  Types of parameters '__0' and 'params' are incompatible.
                    Type '{ session: Session; token: JWT; user: AdapterUser; } & { newSession: any; trigger: "update"; }' is not assignable to type '{ session: Record<string, unknown>; token: Record<string, unknown>; }'.
                      Types of property 'session' are incompatible.
                        Type 'Session' is not assignable to type 'Record<string, unknown>'.
                          Index signature for type 'string' is missing in type 'Session'.
src/app/actions/watchHistory.ts(141,48): error TS2345: Argument of type '[{ providers: (OAuthConfig<GoogleProfile> | OAuthConfig<FacebookProfile> | CredentialsConfig<{ username: { label: string; type: string; }; password: { ...; }; }>)[]; callbacks: { ...; }; pages: { ...; }; secret: string | undefined; }]' is not assignable to parameter of type 'GetServerSessionParams<GetServerSessionOptions>'.
  Type '[{ providers: (OAuthConfig<GoogleProfile> | OAuthConfig<FacebookProfile> | CredentialsConfig<{ username: { label: string; type: string; }; password: { ...; }; }>)[]; callbacks: { ...; }; pages: { ...; }; secret: string | undefined; }]' is not assignable to type '[GetServerSessionOptions]'.
    Type '{ providers: (OAuthConfig<GoogleProfile> | OAuthConfig<FacebookProfile> | CredentialsConfig<{ username: { label: string; type: string; }; password: { ...; }; }>)[]; callbacks: { ...; }; pages: { ...; }; secret: string | undefined; }' is not assignable to type 'GetServerSessionOptions'.
      Type '{ providers: (OAuthConfig<GoogleProfile> | OAuthConfig<FacebookProfile> | CredentialsConfig<{ username: { label: string; type: string; }; password: { ...; }; }>)[]; callbacks: { ...; }; pages: { ...; }; secret: string | undefined; }' is not assignable to type '{ callbacks?: (Omit<Partial<CallbacksOptions<Profile, Account>> | undefined, "session"> & { session?: ((params: { session: Session; token: JWT; user: AdapterUser; } & { ...; }) => any) | undefined; }) | undefined; }'.
        Types of property 'callbacks' are incompatible.
          Type '{ signIn({ user, account }: { user: Record<string, unknown>; account: Record<string, unknown> | null; }): Promise<boolean>; jwt({ token, user, account }: { token: Record<string, unknown>; user?: Record<string, unknown> | undefined; account?: Record<...> | ... 1 more ... | undefined; }): Promise<...>; session({ sessi...' is not assignable to type 'Omit<Partial<CallbacksOptions<Profile, Account>> | undefined, "session"> & { session?: ((params: { session: Session; token: JWT; user: AdapterUser; } & { ...; }) => any) | undefined; }'.
            Type '{ signIn({ user, account }: { user: Record<string, unknown>; account: Record<string, unknown> | null; }): Promise<boolean>; jwt({ token, user, account }: { token: Record<string, unknown>; user?: Record<string, unknown> | undefined; account?: Record<...> | ... 1 more ... | undefined; }): Promise<...>; session({ sessi...' is not assignable to type '{ session?: ((params: { session: Session; token: JWT; user: AdapterUser; } & { newSession: any; trigger: "update"; }) => any) | undefined; }'.
              Types of property 'session' are incompatible.
                Type '({ session, token }: { session: Record<string, unknown>; token: Record<string, unknown>; }) => Promise<Record<string, unknown>>' is not assignable to type '(params: { session: Session; token: JWT; user: AdapterUser; } & { newSession: any; trigger: "update"; }) => any'.
                  Types of parameters '__0' and 'params' are incompatible.
                    Type '{ session: Session; token: JWT; user: AdapterUser; } & { newSession: any; trigger: "update"; }' is not assignable to type '{ session: Record<string, unknown>; token: Record<string, unknown>; }'.
                      Types of property 'session' are incompatible.
                        Type 'Session' is not assignable to type 'Record<string, unknown>'.
                          Index signature for type 'string' is missing in type 'Session'.
src/app/actions/watchHistory.ts(161,48): error TS2345: Argument of type '[{ providers: (OAuthConfig<GoogleProfile> | OAuthConfig<FacebookProfile> | CredentialsConfig<{ username: { label: string; type: string; }; password: { ...; }; }>)[]; callbacks: { ...; }; pages: { ...; }; secret: string | undefined; }]' is not assignable to parameter of type 'GetServerSessionParams<GetServerSessionOptions>'.
  Type '[{ providers: (OAuthConfig<GoogleProfile> | OAuthConfig<FacebookProfile> | CredentialsConfig<{ username: { label: string; type: string; }; password: { ...; }; }>)[]; callbacks: { ...; }; pages: { ...; }; secret: string | undefined; }]' is not assignable to type '[GetServerSessionOptions]'.
    Type '{ providers: (OAuthConfig<GoogleProfile> | OAuthConfig<FacebookProfile> | CredentialsConfig<{ username: { label: string; type: string; }; password: { ...; }; }>)[]; callbacks: { ...; }; pages: { ...; }; secret: string | undefined; }' is not assignable to type 'GetServerSessionOptions'.
      Type '{ providers: (OAuthConfig<GoogleProfile> | OAuthConfig<FacebookProfile> | CredentialsConfig<{ username: { label: string; type: string; }; password: { ...; }; }>)[]; callbacks: { ...; }; pages: { ...; }; secret: string | undefined; }' is not assignable to type '{ callbacks?: (Omit<Partial<CallbacksOptions<Profile, Account>> | undefined, "session"> & { session?: ((params: { session: Session; token: JWT; user: AdapterUser; } & { ...; }) => any) | undefined; }) | undefined; }'.
        Types of property 'callbacks' are incompatible.
          Type '{ signIn({ user, account }: { user: Record<string, unknown>; account: Record<string, unknown> | null; }): Promise<boolean>; jwt({ token, user, account }: { token: Record<string, unknown>; user?: Record<string, unknown> | undefined; account?: Record<...> | ... 1 more ... | undefined; }): Promise<...>; session({ sessi...' is not assignable to type 'Omit<Partial<CallbacksOptions<Profile, Account>> | undefined, "session"> & { session?: ((params: { session: Session; token: JWT; user: AdapterUser; } & { ...; }) => any) | undefined; }'.
            Type '{ signIn({ user, account }: { user: Record<string, unknown>; account: Record<string, unknown> | null; }): Promise<boolean>; jwt({ token, user, account }: { token: Record<string, unknown>; user?: Record<string, unknown> | undefined; account?: Record<...> | ... 1 more ... | undefined; }): Promise<...>; session({ sessi...' is not assignable to type '{ session?: ((params: { session: Session; token: JWT; user: AdapterUser; } & { newSession: any; trigger: "update"; }) => any) | undefined; }'.
              Types of property 'session' are incompatible.
                Type '({ session, token }: { session: Record<string, unknown>; token: Record<string, unknown>; }) => Promise<Record<string, unknown>>' is not assignable to type '(params: { session: Session; token: JWT; user: AdapterUser; } & { newSession: any; trigger: "update"; }) => any'.
                  Types of parameters '__0' and 'params' are incompatible.
                    Type '{ session: Session; token: JWT; user: AdapterUser; } & { newSession: any; trigger: "update"; }' is not assignable to type '{ session: Record<string, unknown>; token: Record<string, unknown>; }'.
                      Types of property 'session' are incompatible.
                        Type 'Session' is not assignable to type 'Record<string, unknown>'.
                          Index signature for type 'string' is missing in type 'Session'.
src/app/actions/watchlist.ts(16,48): error TS2345: Argument of type '[{ providers: (OAuthConfig<GoogleProfile> | OAuthConfig<FacebookProfile> | CredentialsConfig<{ username: { label: string; type: string; }; password: { ...; }; }>)[]; callbacks: { ...; }; pages: { ...; }; secret: string | undefined; }]' is not assignable to parameter of type 'GetServerSessionParams<GetServerSessionOptions>'.
  Type '[{ providers: (OAuthConfig<GoogleProfile> | OAuthConfig<FacebookProfile> | CredentialsConfig<{ username: { label: string; type: string; }; password: { ...; }; }>)[]; callbacks: { ...; }; pages: { ...; }; secret: string | undefined; }]' is not assignable to type '[GetServerSessionOptions]'.
    Type '{ providers: (OAuthConfig<GoogleProfile> | OAuthConfig<FacebookProfile> | CredentialsConfig<{ username: { label: string; type: string; }; password: { ...; }; }>)[]; callbacks: { ...; }; pages: { ...; }; secret: string | undefined; }' is not assignable to type 'GetServerSessionOptions'.
      Type '{ providers: (OAuthConfig<GoogleProfile> | OAuthConfig<FacebookProfile> | CredentialsConfig<{ username: { label: string; type: string; }; password: { ...; }; }>)[]; callbacks: { ...; }; pages: { ...; }; secret: string | undefined; }' is not assignable to type '{ callbacks?: (Omit<Partial<CallbacksOptions<Profile, Account>> | undefined, "session"> & { session?: ((params: { session: Session; token: JWT; user: AdapterUser; } & { ...; }) => any) | undefined; }) | undefined; }'.
        Types of property 'callbacks' are incompatible.
          Type '{ signIn({ user, account }: { user: Record<string, unknown>; account: Record<string, unknown> | null; }): Promise<boolean>; jwt({ token, user, account }: { token: Record<string, unknown>; user?: Record<string, unknown> | undefined; account?: Record<...> | ... 1 more ... | undefined; }): Promise<...>; session({ sessi...' is not assignable to type 'Omit<Partial<CallbacksOptions<Profile, Account>> | undefined, "session"> & { session?: ((params: { session: Session; token: JWT; user: AdapterUser; } & { ...; }) => any) | undefined; }'.
            Type '{ signIn({ user, account }: { user: Record<string, unknown>; account: Record<string, unknown> | null; }): Promise<boolean>; jwt({ token, user, account }: { token: Record<string, unknown>; user?: Record<string, unknown> | undefined; account?: Record<...> | ... 1 more ... | undefined; }): Promise<...>; session({ sessi...' is not assignable to type '{ session?: ((params: { session: Session; token: JWT; user: AdapterUser; } & { newSession: any; trigger: "update"; }) => any) | undefined; }'.
              Types of property 'session' are incompatible.
                Type '({ session, token }: { session: Record<string, unknown>; token: Record<string, unknown>; }) => Promise<Record<string, unknown>>' is not assignable to type '(params: { session: Session; token: JWT; user: AdapterUser; } & { newSession: any; trigger: "update"; }) => any'.
                  Types of parameters '__0' and 'params' are incompatible.
                    Type '{ session: Session; token: JWT; user: AdapterUser; } & { newSession: any; trigger: "update"; }' is not assignable to type '{ session: Record<string, unknown>; token: Record<string, unknown>; }'.
                      Types of property 'session' are incompatible.
                        Type 'Session' is not assignable to type 'Record<string, unknown>'.
                          Index signature for type 'string' is missing in type 'Session'.
src/app/actions/watchlist.ts(41,48): error TS2345: Argument of type '[{ providers: (OAuthConfig<GoogleProfile> | OAuthConfig<FacebookProfile> | CredentialsConfig<{ username: { label: string; type: string; }; password: { ...; }; }>)[]; callbacks: { ...; }; pages: { ...; }; secret: string | undefined; }]' is not assignable to parameter of type 'GetServerSessionParams<GetServerSessionOptions>'.
  Type '[{ providers: (OAuthConfig<GoogleProfile> | OAuthConfig<FacebookProfile> | CredentialsConfig<{ username: { label: string; type: string; }; password: { ...; }; }>)[]; callbacks: { ...; }; pages: { ...; }; secret: string | undefined; }]' is not assignable to type '[GetServerSessionOptions]'.
    Type '{ providers: (OAuthConfig<GoogleProfile> | OAuthConfig<FacebookProfile> | CredentialsConfig<{ username: { label: string; type: string; }; password: { ...; }; }>)[]; callbacks: { ...; }; pages: { ...; }; secret: string | undefined; }' is not assignable to type 'GetServerSessionOptions'.
      Type '{ providers: (OAuthConfig<GoogleProfile> | OAuthConfig<FacebookProfile> | CredentialsConfig<{ username: { label: string; type: string; }; password: { ...; }; }>)[]; callbacks: { ...; }; pages: { ...; }; secret: string | undefined; }' is not assignable to type '{ callbacks?: (Omit<Partial<CallbacksOptions<Profile, Account>> | undefined, "session"> & { session?: ((params: { session: Session; token: JWT; user: AdapterUser; } & { ...; }) => any) | undefined; }) | undefined; }'.
        Types of property 'callbacks' are incompatible.
          Type '{ signIn({ user, account }: { user: Record<string, unknown>; account: Record<string, unknown> | null; }): Promise<boolean>; jwt({ token, user, account }: { token: Record<string, unknown>; user?: Record<string, unknown> | undefined; account?: Record<...> | ... 1 more ... | undefined; }): Promise<...>; session({ sessi...' is not assignable to type 'Omit<Partial<CallbacksOptions<Profile, Account>> | undefined, "session"> & { session?: ((params: { session: Session; token: JWT; user: AdapterUser; } & { ...; }) => any) | undefined; }'.
            Type '{ signIn({ user, account }: { user: Record<string, unknown>; account: Record<string, unknown> | null; }): Promise<boolean>; jwt({ token, user, account }: { token: Record<string, unknown>; user?: Record<string, unknown> | undefined; account?: Record<...> | ... 1 more ... | undefined; }): Promise<...>; session({ sessi...' is not assignable to type '{ session?: ((params: { session: Session; token: JWT; user: AdapterUser; } & { newSession: any; trigger: "update"; }) => any) | undefined; }'.
              Types of property 'session' are incompatible.
                Type '({ session, token }: { session: Record<string, unknown>; token: Record<string, unknown>; }) => Promise<Record<string, unknown>>' is not assignable to type '(params: { session: Session; token: JWT; user: AdapterUser; } & { newSession: any; trigger: "update"; }) => any'.
                  Types of parameters '__0' and 'params' are incompatible.
                    Type '{ session: Session; token: JWT; user: AdapterUser; } & { newSession: any; trigger: "update"; }' is not assignable to type '{ session: Record<string, unknown>; token: Record<string, unknown>; }'.
                      Types of property 'session' are incompatible.
                        Type 'Session' is not assignable to type 'Record<string, unknown>'.
                          Index signature for type 'string' is missing in type 'Session'.
src/app/actions/watchlist.ts(65,48): error TS2345: Argument of type '[{ providers: (OAuthConfig<GoogleProfile> | OAuthConfig<FacebookProfile> | CredentialsConfig<{ username: { label: string; type: string; }; password: { ...; }; }>)[]; callbacks: { ...; }; pages: { ...; }; secret: string | undefined; }]' is not assignable to parameter of type 'GetServerSessionParams<GetServerSessionOptions>'.
  Type '[{ providers: (OAuthConfig<GoogleProfile> | OAuthConfig<FacebookProfile> | CredentialsConfig<{ username: { label: string; type: string; }; password: { ...; }; }>)[]; callbacks: { ...; }; pages: { ...; }; secret: string | undefined; }]' is not assignable to type '[GetServerSessionOptions]'.
    Type '{ providers: (OAuthConfig<GoogleProfile> | OAuthConfig<FacebookProfile> | CredentialsConfig<{ username: { label: string; type: string; }; password: { ...; }; }>)[]; callbacks: { ...; }; pages: { ...; }; secret: string | undefined; }' is not assignable to type 'GetServerSessionOptions'.
      Type '{ providers: (OAuthConfig<GoogleProfile> | OAuthConfig<FacebookProfile> | CredentialsConfig<{ username: { label: string; type: string; }; password: { ...; }; }>)[]; callbacks: { ...; }; pages: { ...; }; secret: string | undefined; }' is not assignable to type '{ callbacks?: (Omit<Partial<CallbacksOptions<Profile, Account>> | undefined, "session"> & { session?: ((params: { session: Session; token: JWT; user: AdapterUser; } & { ...; }) => any) | undefined; }) | undefined; }'.
        Types of property 'callbacks' are incompatible.
          Type '{ signIn({ user, account }: { user: Record<string, unknown>; account: Record<string, unknown> | null; }): Promise<boolean>; jwt({ token, user, account }: { token: Record<string, unknown>; user?: Record<string, unknown> | undefined; account?: Record<...> | ... 1 more ... | undefined; }): Promise<...>; session({ sessi...' is not assignable to type 'Omit<Partial<CallbacksOptions<Profile, Account>> | undefined, "session"> & { session?: ((params: { session: Session; token: JWT; user: AdapterUser; } & { ...; }) => any) | undefined; }'.
            Type '{ signIn({ user, account }: { user: Record<string, unknown>; account: Record<string, unknown> | null; }): Promise<boolean>; jwt({ token, user, account }: { token: Record<string, unknown>; user?: Record<string, unknown> | undefined; account?: Record<...> | ... 1 more ... | undefined; }): Promise<...>; session({ sessi...' is not assignable to type '{ session?: ((params: { session: Session; token: JWT; user: AdapterUser; } & { newSession: any; trigger: "update"; }) => any) | undefined; }'.
              Types of property 'session' are incompatible.
                Type '({ session, token }: { session: Record<string, unknown>; token: Record<string, unknown>; }) => Promise<Record<string, unknown>>' is not assignable to type '(params: { session: Session; token: JWT; user: AdapterUser; } & { newSession: any; trigger: "update"; }) => any'.
                  Types of parameters '__0' and 'params' are incompatible.
                    Type '{ session: Session; token: JWT; user: AdapterUser; } & { newSession: any; trigger: "update"; }' is not assignable to type '{ session: Record<string, unknown>; token: Record<string, unknown>; }'.
                      Types of property 'session' are incompatible.
                        Type 'Session' is not assignable to type 'Record<string, unknown>'.
                          Index signature for type 'string' is missing in type 'Session'.
src/app/admin/page.tsx(118,58): error TS2538: Type 'unknown' cannot be used as an index type.
src/app/admin/page.tsx(119,22): error TS2604: JSX element type 'Icon' does not have any construct or call signatures.
src/app/admin/page.tsx(119,22): error TS2786: 'Icon' cannot be used as a JSX component.
  Its type 'unknown' is not a valid JSX element type.
src/app/admin/page.tsx(121,17): error TS2322: Type 'unknown' is not assignable to type 'ReactNode'.
src/app/admin/page.tsx(123,25): error TS2322: Type '{}' is not assignable to type 'ReactNode'.
src/app/admin/page.tsx(127,64): error TS2322: Type 'unknown' is not assignable to type 'ReactNode'.
src/app/admin/page.tsx(128,50): error TS2322: Type 'unknown' is not assignable to type 'ReactNode'.
src/app/admin/page.tsx(128,58): error TS2322: Type 'unknown' is not assignable to type 'ReactNode'.
src/app/admin/page.tsx(128,99): error TS2322: Type '{}' is not assignable to type 'ReactNode'.
src/app/admin/users/[id]/page.tsx(96,41): error TS2322: Type 'unknown' is not assignable to type 'string | undefined'.
src/app/admin/users/[id]/page.tsx(101,137): error TS18046: 'item.slug' is of type 'unknown'.
src/app/admin/users/[id]/page.tsx(103,104): error TS2322: Type 'unknown' is not assignable to type 'ReactNode'.
src/app/admin/users/[id]/page.tsx(106,51): error TS2769: No overload matches this call.
  Overload 1 of 4, '(value: string | number | Date): Date', gave the following error.
    Argument of type 'unknown' is not assignable to parameter of type 'string | number | Date'.
  Overload 2 of 4, '(value: string | number): Date', gave the following error.
    Argument of type 'unknown' is not assignable to parameter of type 'string | number'.
src/app/api/admin/comments/delete/route.ts(9,48): error TS2345: Argument of type '[{ providers: (OAuthConfig<GoogleProfile> | OAuthConfig<FacebookProfile> | CredentialsConfig<{ username: { label: string; type: string; }; password: { ...; }; }>)[]; callbacks: { ...; }; pages: { ...; }; secret: string | undefined; }]' is not assignable to parameter of type 'GetServerSessionParams<GetServerSessionOptions>'.
  Type '[{ providers: (OAuthConfig<GoogleProfile> | OAuthConfig<FacebookProfile> | CredentialsConfig<{ username: { label: string; type: string; }; password: { ...; }; }>)[]; callbacks: { ...; }; pages: { ...; }; secret: string | undefined; }]' is not assignable to type '[GetServerSessionOptions]'.
    Type '{ providers: (OAuthConfig<GoogleProfile> | OAuthConfig<FacebookProfile> | CredentialsConfig<{ username: { label: string; type: string; }; password: { ...; }; }>)[]; callbacks: { ...; }; pages: { ...; }; secret: string | undefined; }' is not assignable to type 'GetServerSessionOptions'.
      Type '{ providers: (OAuthConfig<GoogleProfile> | OAuthConfig<FacebookProfile> | CredentialsConfig<{ username: { label: string; type: string; }; password: { ...; }; }>)[]; callbacks: { ...; }; pages: { ...; }; secret: string | undefined; }' is not assignable to type '{ callbacks?: (Omit<Partial<CallbacksOptions<Profile, Account>> | undefined, "session"> & { session?: ((params: { session: Session; token: JWT; user: AdapterUser; } & { ...; }) => any) | undefined; }) | undefined; }'.
        Types of property 'callbacks' are incompatible.
          Type '{ signIn({ user, account }: { user: Record<string, unknown>; account: Record<string, unknown> | null; }): Promise<boolean>; jwt({ token, user, account }: { token: Record<string, unknown>; user?: Record<string, unknown> | undefined; account?: Record<...> | ... 1 more ... | undefined; }): Promise<...>; session({ sessi...' is not assignable to type 'Omit<Partial<CallbacksOptions<Profile, Account>> | undefined, "session"> & { session?: ((params: { session: Session; token: JWT; user: AdapterUser; } & { ...; }) => any) | undefined; }'.
            Type '{ signIn({ user, account }: { user: Record<string, unknown>; account: Record<string, unknown> | null; }): Promise<boolean>; jwt({ token, user, account }: { token: Record<string, unknown>; user?: Record<string, unknown> | undefined; account?: Record<...> | ... 1 more ... | undefined; }): Promise<...>; session({ sessi...' is not assignable to type '{ session?: ((params: { session: Session; token: JWT; user: AdapterUser; } & { newSession: any; trigger: "update"; }) => any) | undefined; }'.
              Types of property 'session' are incompatible.
                Type '({ session, token }: { session: Record<string, unknown>; token: Record<string, unknown>; }) => Promise<Record<string, unknown>>' is not assignable to type '(params: { session: Session; token: JWT; user: AdapterUser; } & { newSession: any; trigger: "update"; }) => any'.
                  Types of parameters '__0' and 'params' are incompatible.
                    Type '{ session: Session; token: JWT; user: AdapterUser; } & { newSession: any; trigger: "update"; }' is not assignable to type '{ session: Record<string, unknown>; token: Record<string, unknown>; }'.
                      Types of property 'session' are incompatible.
                        Type 'Session' is not assignable to type 'Record<string, unknown>'.
                          Index signature for type 'string' is missing in type 'Session'.
src/app/api/admin/comments/route.ts(9,48): error TS2345: Argument of type '[{ providers: (OAuthConfig<GoogleProfile> | OAuthConfig<FacebookProfile> | CredentialsConfig<{ username: { label: string; type: string; }; password: { ...; }; }>)[]; callbacks: { ...; }; pages: { ...; }; secret: string | undefined; }]' is not assignable to parameter of type 'GetServerSessionParams<GetServerSessionOptions>'.
  Type '[{ providers: (OAuthConfig<GoogleProfile> | OAuthConfig<FacebookProfile> | CredentialsConfig<{ username: { label: string; type: string; }; password: { ...; }; }>)[]; callbacks: { ...; }; pages: { ...; }; secret: string | undefined; }]' is not assignable to type '[GetServerSessionOptions]'.
    Type '{ providers: (OAuthConfig<GoogleProfile> | OAuthConfig<FacebookProfile> | CredentialsConfig<{ username: { label: string; type: string; }; password: { ...; }; }>)[]; callbacks: { ...; }; pages: { ...; }; secret: string | undefined; }' is not assignable to type 'GetServerSessionOptions'.
      Type '{ providers: (OAuthConfig<GoogleProfile> | OAuthConfig<FacebookProfile> | CredentialsConfig<{ username: { label: string; type: string; }; password: { ...; }; }>)[]; callbacks: { ...; }; pages: { ...; }; secret: string | undefined; }' is not assignable to type '{ callbacks?: (Omit<Partial<CallbacksOptions<Profile, Account>> | undefined, "session"> & { session?: ((params: { session: Session; token: JWT; user: AdapterUser; } & { ...; }) => any) | undefined; }) | undefined; }'.
        Types of property 'callbacks' are incompatible.
          Type '{ signIn({ user, account }: { user: Record<string, unknown>; account: Record<string, unknown> | null; }): Promise<boolean>; jwt({ token, user, account }: { token: Record<string, unknown>; user?: Record<string, unknown> | undefined; account?: Record<...> | ... 1 more ... | undefined; }): Promise<...>; session({ sessi...' is not assignable to type 'Omit<Partial<CallbacksOptions<Profile, Account>> | undefined, "session"> & { session?: ((params: { session: Session; token: JWT; user: AdapterUser; } & { ...; }) => any) | undefined; }'.
            Type '{ signIn({ user, account }: { user: Record<string, unknown>; account: Record<string, unknown> | null; }): Promise<boolean>; jwt({ token, user, account }: { token: Record<string, unknown>; user?: Record<string, unknown> | undefined; account?: Record<...> | ... 1 more ... | undefined; }): Promise<...>; session({ sessi...' is not assignable to type '{ session?: ((params: { session: Session; token: JWT; user: AdapterUser; } & { newSession: any; trigger: "update"; }) => any) | undefined; }'.
              Types of property 'session' are incompatible.
                Type '({ session, token }: { session: Record<string, unknown>; token: Record<string, unknown>; }) => Promise<Record<string, unknown>>' is not assignable to type '(params: { session: Session; token: JWT; user: AdapterUser; } & { newSession: any; trigger: "update"; }) => any'.
                  Types of parameters '__0' and 'params' are incompatible.
                    Type '{ session: Session; token: JWT; user: AdapterUser; } & { newSession: any; trigger: "update"; }' is not assignable to type '{ session: Record<string, unknown>; token: Record<string, unknown>; }'.
                      Types of property 'session' are incompatible.
                        Type 'Session' is not assignable to type 'Record<string, unknown>'.
                          Index signature for type 'string' is missing in type 'Session'.
src/app/api/admin/stats/route.ts(11,48): error TS2345: Argument of type '[{ providers: (OAuthConfig<GoogleProfile> | OAuthConfig<FacebookProfile> | CredentialsConfig<{ username: { label: string; type: string; }; password: { ...; }; }>)[]; callbacks: { ...; }; pages: { ...; }; secret: string | undefined; }]' is not assignable to parameter of type 'GetServerSessionParams<GetServerSessionOptions>'.
  Type '[{ providers: (OAuthConfig<GoogleProfile> | OAuthConfig<FacebookProfile> | CredentialsConfig<{ username: { label: string; type: string; }; password: { ...; }; }>)[]; callbacks: { ...; }; pages: { ...; }; secret: string | undefined; }]' is not assignable to type '[GetServerSessionOptions]'.
    Type '{ providers: (OAuthConfig<GoogleProfile> | OAuthConfig<FacebookProfile> | CredentialsConfig<{ username: { label: string; type: string; }; password: { ...; }; }>)[]; callbacks: { ...; }; pages: { ...; }; secret: string | undefined; }' is not assignable to type 'GetServerSessionOptions'.
      Type '{ providers: (OAuthConfig<GoogleProfile> | OAuthConfig<FacebookProfile> | CredentialsConfig<{ username: { label: string; type: string; }; password: { ...; }; }>)[]; callbacks: { ...; }; pages: { ...; }; secret: string | undefined; }' is not assignable to type '{ callbacks?: (Omit<Partial<CallbacksOptions<Profile, Account>> | undefined, "session"> & { session?: ((params: { session: Session; token: JWT; user: AdapterUser; } & { ...; }) => any) | undefined; }) | undefined; }'.
        Types of property 'callbacks' are incompatible.
          Type '{ signIn({ user, account }: { user: Record<string, unknown>; account: Record<string, unknown> | null; }): Promise<boolean>; jwt({ token, user, account }: { token: Record<string, unknown>; user?: Record<string, unknown> | undefined; account?: Record<...> | ... 1 more ... | undefined; }): Promise<...>; session({ sessi...' is not assignable to type 'Omit<Partial<CallbacksOptions<Profile, Account>> | undefined, "session"> & { session?: ((params: { session: Session; token: JWT; user: AdapterUser; } & { ...; }) => any) | undefined; }'.
            Type '{ signIn({ user, account }: { user: Record<string, unknown>; account: Record<string, unknown> | null; }): Promise<boolean>; jwt({ token, user, account }: { token: Record<string, unknown>; user?: Record<string, unknown> | undefined; account?: Record<...> | ... 1 more ... | undefined; }): Promise<...>; session({ sessi...' is not assignable to type '{ session?: ((params: { session: Session; token: JWT; user: AdapterUser; } & { newSession: any; trigger: "update"; }) => any) | undefined; }'.
              Types of property 'session' are incompatible.
                Type '({ session, token }: { session: Record<string, unknown>; token: Record<string, unknown>; }) => Promise<Record<string, unknown>>' is not assignable to type '(params: { session: Session; token: JWT; user: AdapterUser; } & { newSession: any; trigger: "update"; }) => any'.
                  Types of parameters '__0' and 'params' are incompatible.
                    Type '{ session: Session; token: JWT; user: AdapterUser; } & { newSession: any; trigger: "update"; }' is not assignable to type '{ session: Record<string, unknown>; token: Record<string, unknown>; }'.
                      Types of property 'session' are incompatible.
                        Type 'Session' is not assignable to type 'Record<string, unknown>'.
                          Index signature for type 'string' is missing in type 'Session'.
src/app/api/admin/sync/route.ts(35,44): error TS2339: Property 'time' does not exist on type '{}'.
src/app/api/admin/sync/route.ts(82,31): error TS2769: No overload matches this call.
  The last overload gave the following error.
    Object literal may only specify known properties, and 'slug' does not exist in type 'Query<any, any, {}, unknown, "find", Record<string, never>>'.
src/app/api/admin/sync/route.ts(89,76): error TS18046: 'err' is of type 'unknown'.
src/app/api/admin/sync/route.ts(95,62): error TS18046: 'err' is of type 'unknown'.
src/app/api/admin/sync/route.ts(96,44): error TS18046: 'err' is of type 'unknown'.
src/app/api/admin/sync/route.ts(107,59): error TS18046: 'error' is of type 'unknown'.
src/app/api/admin/users/[id]/route.ts(12,48): error TS2345: Argument of type '[{ providers: (OAuthConfig<GoogleProfile> | OAuthConfig<FacebookProfile> | CredentialsConfig<{ username: { label: string; type: string; }; password: { ...; }; }>)[]; callbacks: { ...; }; pages: { ...; }; secret: string | undefined; }]' is not assignable to parameter of type 'GetServerSessionParams<GetServerSessionOptions>'.
  Type '[{ providers: (OAuthConfig<GoogleProfile> | OAuthConfig<FacebookProfile> | CredentialsConfig<{ username: { label: string; type: string; }; password: { ...; }; }>)[]; callbacks: { ...; }; pages: { ...; }; secret: string | undefined; }]' is not assignable to type '[GetServerSessionOptions]'.
    Type '{ providers: (OAuthConfig<GoogleProfile> | OAuthConfig<FacebookProfile> | CredentialsConfig<{ username: { label: string; type: string; }; password: { ...; }; }>)[]; callbacks: { ...; }; pages: { ...; }; secret: string | undefined; }' is not assignable to type 'GetServerSessionOptions'.
      Type '{ providers: (OAuthConfig<GoogleProfile> | OAuthConfig<FacebookProfile> | CredentialsConfig<{ username: { label: string; type: string; }; password: { ...; }; }>)[]; callbacks: { ...; }; pages: { ...; }; secret: string | undefined; }' is not assignable to type '{ callbacks?: (Omit<Partial<CallbacksOptions<Profile, Account>> | undefined, "session"> & { session?: ((params: { session: Session; token: JWT; user: AdapterUser; } & { ...; }) => any) | undefined; }) | undefined; }'.
        Types of property 'callbacks' are incompatible.
          Type '{ signIn({ user, account }: { user: Record<string, unknown>; account: Record<string, unknown> | null; }): Promise<boolean>; jwt({ token, user, account }: { token: Record<string, unknown>; user?: Record<string, unknown> | undefined; account?: Record<...> | ... 1 more ... | undefined; }): Promise<...>; session({ sessi...' is not assignable to type 'Omit<Partial<CallbacksOptions<Profile, Account>> | undefined, "session"> & { session?: ((params: { session: Session; token: JWT; user: AdapterUser; } & { ...; }) => any) | undefined; }'.
            Type '{ signIn({ user, account }: { user: Record<string, unknown>; account: Record<string, unknown> | null; }): Promise<boolean>; jwt({ token, user, account }: { token: Record<string, unknown>; user?: Record<string, unknown> | undefined; account?: Record<...> | ... 1 more ... | undefined; }): Promise<...>; session({ sessi...' is not assignable to type '{ session?: ((params: { session: Session; token: JWT; user: AdapterUser; } & { newSession: any; trigger: "update"; }) => any) | undefined; }'.
              Types of property 'session' are incompatible.
                Type '({ session, token }: { session: Record<string, unknown>; token: Record<string, unknown>; }) => Promise<Record<string, unknown>>' is not assignable to type '(params: { session: Session; token: JWT; user: AdapterUser; } & { newSession: any; trigger: "update"; }) => any'.
                  Types of parameters '__0' and 'params' are incompatible.
                    Type '{ session: Session; token: JWT; user: AdapterUser; } & { newSession: any; trigger: "update"; }' is not assignable to type '{ session: Record<string, unknown>; token: Record<string, unknown>; }'.
                      Types of property 'session' are incompatible.
                        Type 'Session' is not assignable to type 'Record<string, unknown>'.
                          Index signature for type 'string' is missing in type 'Session'.
src/app/api/admin/users/route.ts(9,48): error TS2345: Argument of type '[{ providers: (OAuthConfig<GoogleProfile> | OAuthConfig<FacebookProfile> | CredentialsConfig<{ username: { label: string; type: string; }; password: { ...; }; }>)[]; callbacks: { ...; }; pages: { ...; }; secret: string | undefined; }]' is not assignable to parameter of type 'GetServerSessionParams<GetServerSessionOptions>'.
  Type '[{ providers: (OAuthConfig<GoogleProfile> | OAuthConfig<FacebookProfile> | CredentialsConfig<{ username: { label: string; type: string; }; password: { ...; }; }>)[]; callbacks: { ...; }; pages: { ...; }; secret: string | undefined; }]' is not assignable to type '[GetServerSessionOptions]'.
    Type '{ providers: (OAuthConfig<GoogleProfile> | OAuthConfig<FacebookProfile> | CredentialsConfig<{ username: { label: string; type: string; }; password: { ...; }; }>)[]; callbacks: { ...; }; pages: { ...; }; secret: string | undefined; }' is not assignable to type 'GetServerSessionOptions'.
      Type '{ providers: (OAuthConfig<GoogleProfile> | OAuthConfig<FacebookProfile> | CredentialsConfig<{ username: { label: string; type: string; }; password: { ...; }; }>)[]; callbacks: { ...; }; pages: { ...; }; secret: string | undefined; }' is not assignable to type '{ callbacks?: (Omit<Partial<CallbacksOptions<Profile, Account>> | undefined, "session"> & { session?: ((params: { session: Session; token: JWT; user: AdapterUser; } & { ...; }) => any) | undefined; }) | undefined; }'.
        Types of property 'callbacks' are incompatible.
          Type '{ signIn({ user, account }: { user: Record<string, unknown>; account: Record<string, unknown> | null; }): Promise<boolean>; jwt({ token, user, account }: { token: Record<string, unknown>; user?: Record<string, unknown> | undefined; account?: Record<...> | ... 1 more ... | undefined; }): Promise<...>; session({ sessi...' is not assignable to type 'Omit<Partial<CallbacksOptions<Profile, Account>> | undefined, "session"> & { session?: ((params: { session: Session; token: JWT; user: AdapterUser; } & { ...; }) => any) | undefined; }'.
            Type '{ signIn({ user, account }: { user: Record<string, unknown>; account: Record<string, unknown> | null; }): Promise<boolean>; jwt({ token, user, account }: { token: Record<string, unknown>; user?: Record<string, unknown> | undefined; account?: Record<...> | ... 1 more ... | undefined; }): Promise<...>; session({ sessi...' is not assignable to type '{ session?: ((params: { session: Session; token: JWT; user: AdapterUser; } & { newSession: any; trigger: "update"; }) => any) | undefined; }'.
              Types of property 'session' are incompatible.
                Type '({ session, token }: { session: Record<string, unknown>; token: Record<string, unknown>; }) => Promise<Record<string, unknown>>' is not assignable to type '(params: { session: Session; token: JWT; user: AdapterUser; } & { newSession: any; trigger: "update"; }) => any'.
                  Types of parameters '__0' and 'params' are incompatible.
                    Type '{ session: Session; token: JWT; user: AdapterUser; } & { newSession: any; trigger: "update"; }' is not assignable to type '{ session: Record<string, unknown>; token: Record<string, unknown>; }'.
                      Types of property 'session' are incompatible.
                        Type 'Session' is not assignable to type 'Record<string, unknown>'.
                          Index signature for type 'string' is missing in type 'Session'.
src/app/api/auth/[...nextauth]/route.ts(84,63): error TS2769: No overload matches this call.
  Overload 1 of 4, '(filter?: _QueryFilter<{ name: string; password: string; email: string; role: NonNullable<"admin" | "user">; image: string; favorites: string[]; favoriteActors: string[]; watchlist: string[]; history: { ...; }[]; ... 228 more ...; "schema.virtualpath": (name: string) => VirtualType<...> | null; }> | undefined, projection?: ProjectionType<...> | ... 1 more ... | undefined, options?: (QueryOptions<...> & Abortable) | ... 1 more ... | undefined): Query<...>', gave the following error.
    Type 'unknown' is not assignable to type 'Condition<ApplyBasicQueryCasting<string>> | undefined'.
  Overload 2 of 4, '(filter?: Query<any, any, {}, unknown, "find", Record<string, never>> | undefined, projection?: ProjectionType<IUser> | null | undefined, options?: (QueryOptions<...> & Abortable) | ... 1 more ... | undefined): Query<...>', gave the following error.
    Object literal may only specify known properties, and 'email' does not exist in type 'Query<any, any, {}, unknown, "find", Record<string, never>>'.
src/app/api/auth/[...nextauth]/route.ts(87,29): error TS2769: No overload matches this call.
  The last overload gave the following error.
    Type 'unknown' is not assignable to type 'StringQueryTypeCasting | undefined'.
      Type 'unknown' is not assignable to type 'StringQueryTypeCasting | undefined'.
        Type 'unknown' is not assignable to type 'StringQueryTypeCasting | undefined'.
src/app/api/auth/[...nextauth]/route.ts(88,29): error TS2769: No overload matches this call.
  The last overload gave the following error.
    Type 'unknown' is not assignable to type 'StringQueryTypeCasting | undefined'.
      Type 'unknown' is not assignable to type 'StringQueryTypeCasting | undefined'.
        Type 'unknown' is not assignable to type 'StringQueryTypeCasting | undefined'.
src/app/api/auth/[...nextauth]/route.ts(89,29): error TS2769: No overload matches this call.
  The last overload gave the following error.
    Type 'unknown' is not assignable to type 'StringQueryTypeCasting | undefined'.
      Type 'unknown' is not assignable to type 'StringQueryTypeCasting | undefined'.
        Type 'unknown' is not assignable to type 'StringQueryTypeCasting | undefined'.
src/app/api/auth/[...nextauth]/route.ts(115,30): error TS2339: Property 'role' does not exist on type '{}'.
src/app/api/auth/[...nextauth]/route.ts(116,30): error TS2339: Property 'id' does not exist on type '{}'.
src/app/api/auth/[...nextauth]/route.ts(117,30): error TS2339: Property 'provider' does not exist on type '{}'.
src/app/api/auth/[...nextauth]/route.ts(128,26): error TS2345: Argument of type '{ providers: (OAuthConfig<GoogleProfile> | OAuthConfig<FacebookProfile> | CredentialsConfig<{ username: { label: string; type: string; }; password: { ...; }; }>)[]; callbacks: { ...; }; pages: { ...; }; secret: string | undefined; }' is not assignable to parameter of type 'AuthOptions'.
  The types of 'callbacks.signIn' are incompatible between these types.
    Type '({ user, account }: { user: Record<string, unknown>; account: Record<string, unknown> | null; }) => Promise<boolean>' is not assignable to type '(params: { user: User | AdapterUser; account: Account | null; profile?: Profile | undefined; email?: { verificationRequest?: boolean | undefined; } | undefined; credentials?: Record<...> | undefined; }) => Awaitable<...>'.
      Types of parameters '__0' and 'params' are incompatible.
        Type '{ user: User | AdapterUser; account: Account | null; profile?: Profile | undefined; email?: { verificationRequest?: boolean | undefined; } | undefined; credentials?: Record<...> | undefined; }' is not assignable to type '{ user: Record<string, unknown>; account: Record<string, unknown> | null; }'.
          Types of property 'user' are incompatible.
            Type 'User | AdapterUser' is not assignable to type 'Record<string, unknown>'.
              Type 'User' is not assignable to type 'Record<string, unknown>'.
                Index signature for type 'string' is missing in type 'User'.
src/app/api/auth/register/route.ts(47,22): error TS18046: 'error' is of type 'unknown'.
src/app/api/comments/[slug]/route.ts(27,48): error TS2345: Argument of type '[{ providers: (OAuthConfig<GoogleProfile> | OAuthConfig<FacebookProfile> | CredentialsConfig<{ username: { label: string; type: string; }; password: { ...; }; }>)[]; callbacks: { ...; }; pages: { ...; }; secret: string | undefined; }]' is not assignable to parameter of type 'GetServerSessionParams<GetServerSessionOptions>'.
  Type '[{ providers: (OAuthConfig<GoogleProfile> | OAuthConfig<FacebookProfile> | CredentialsConfig<{ username: { label: string; type: string; }; password: { ...; }; }>)[]; callbacks: { ...; }; pages: { ...; }; secret: string | undefined; }]' is not assignable to type '[GetServerSessionOptions]'.
    Type '{ providers: (OAuthConfig<GoogleProfile> | OAuthConfig<FacebookProfile> | CredentialsConfig<{ username: { label: string; type: string; }; password: { ...; }; }>)[]; callbacks: { ...; }; pages: { ...; }; secret: string | undefined; }' is not assignable to type 'GetServerSessionOptions'.
      Type '{ providers: (OAuthConfig<GoogleProfile> | OAuthConfig<FacebookProfile> | CredentialsConfig<{ username: { label: string; type: string; }; password: { ...; }; }>)[]; callbacks: { ...; }; pages: { ...; }; secret: string | undefined; }' is not assignable to type '{ callbacks?: (Omit<Partial<CallbacksOptions<Profile, Account>> | undefined, "session"> & { session?: ((params: { session: Session; token: JWT; user: AdapterUser; } & { ...; }) => any) | undefined; }) | undefined; }'.
        Types of property 'callbacks' are incompatible.
          Type '{ signIn({ user, account }: { user: Record<string, unknown>; account: Record<string, unknown> | null; }): Promise<boolean>; jwt({ token, user, account }: { token: Record<string, unknown>; user?: Record<string, unknown> | undefined; account?: Record<...> | ... 1 more ... | undefined; }): Promise<...>; session({ sessi...' is not assignable to type 'Omit<Partial<CallbacksOptions<Profile, Account>> | undefined, "session"> & { session?: ((params: { session: Session; token: JWT; user: AdapterUser; } & { ...; }) => any) | undefined; }'.
            Type '{ signIn({ user, account }: { user: Record<string, unknown>; account: Record<string, unknown> | null; }): Promise<boolean>; jwt({ token, user, account }: { token: Record<string, unknown>; user?: Record<string, unknown> | undefined; account?: Record<...> | ... 1 more ... | undefined; }): Promise<...>; session({ sessi...' is not assignable to type '{ session?: ((params: { session: Session; token: JWT; user: AdapterUser; } & { newSession: any; trigger: "update"; }) => any) | undefined; }'.
              Types of property 'session' are incompatible.
                Type '({ session, token }: { session: Record<string, unknown>; token: Record<string, unknown>; }) => Promise<Record<string, unknown>>' is not assignable to type '(params: { session: Session; token: JWT; user: AdapterUser; } & { newSession: any; trigger: "update"; }) => any'.
                  Types of parameters '__0' and 'params' are incompatible.
                    Type '{ session: Session; token: JWT; user: AdapterUser; } & { newSession: any; trigger: "update"; }' is not assignable to type '{ session: Record<string, unknown>; token: Record<string, unknown>; }'.
                      Types of property 'session' are incompatible.
                        Type 'Session' is not assignable to type 'Record<string, unknown>'.
                          Index signature for type 'string' is missing in type 'Session'.
src/app/api/comments/[slug]/route.ts(54,13): error TS2769: No overload matches this call.
  The last overload gave the following error.
    Type 'string | null | undefined' is not assignable to type 'ObjectId | { readonly _bsontype?: StringQueryTypeCasting | undefined; id?: { [x: number]: number | undefined; readonly BYTES_PER_ELEMENT?: number | undefined; ... 37 more ...; readonly [Symbol.toStringTag]?: "Uint8Array" | undefined; } | { ...; } | undefined; ... 7 more ...; readonly [bsonType]?: StringQueryTypeCast...'.
      Type 'null' is not assignable to type 'ObjectId | { readonly _bsontype?: StringQueryTypeCasting | undefined; id?: { [x: number]: number | undefined; readonly BYTES_PER_ELEMENT?: number | undefined; ... 37 more ...; readonly [Symbol.toStringTag]?: "Uint8Array" | undefined; } | { ...; } | undefined; ... 7 more ...; readonly [bsonType]?: StringQueryTypeCast...'.
        Type 'string | null | undefined' is not assignable to type 'StringQueryTypeCasting | undefined'.
          Type 'null' is not assignable to type 'StringQueryTypeCasting | undefined'.
            Type 'string | null | undefined' is not assignable to type 'StringQueryTypeCasting | undefined'.
              Type 'null' is not assignable to type 'StringQueryTypeCasting | undefined'.
src/app/api/comments/[slug]/route.ts(55,13): error TS2769: No overload matches this call.
  The last overload gave the following error.
    Type 'string | null | undefined' is not assignable to type 'ObjectId | { readonly _bsontype?: StringQueryTypeCasting | undefined; id?: { [x: number]: number | undefined; readonly BYTES_PER_ELEMENT?: number | undefined; ... 37 more ...; readonly [Symbol.toStringTag]?: "Uint8Array" | undefined; } | { ...; } | undefined; ... 7 more ...; readonly [bsonType]?: StringQueryTypeCast...'.
      Type 'null' is not assignable to type 'ObjectId | { readonly _bsontype?: StringQueryTypeCasting | undefined; id?: { [x: number]: number | undefined; readonly BYTES_PER_ELEMENT?: number | undefined; ... 37 more ...; readonly [Symbol.toStringTag]?: "Uint8Array" | undefined; } | { ...; } | undefined; ... 7 more ...; readonly [bsonType]?: StringQueryTypeCast...'.
        Type 'string | null | undefined' is not assignable to type 'StringQueryTypeCasting | undefined'.
          Type 'null' is not assignable to type 'StringQueryTypeCasting | undefined'.
            Type 'string | null | undefined' is not assignable to type 'StringQueryTypeCasting | undefined'.
              Type 'null' is not assignable to type 'StringQueryTypeCasting | undefined'.
src/app/api/comments/[slug]/route.ts(56,13): error TS2769: No overload matches this call.
  The last overload gave the following error.
    Type 'string | null | undefined' is not assignable to type 'ObjectId | { readonly _bsontype?: StringQueryTypeCasting | undefined; id?: { [x: number]: number | undefined; readonly BYTES_PER_ELEMENT?: number | undefined; ... 37 more ...; readonly [Symbol.toStringTag]?: "Uint8Array" | undefined; } | { ...; } | undefined; ... 7 more ...; readonly [bsonType]?: StringQueryTypeCast...'.
      Type 'null' is not assignable to type 'ObjectId | { readonly _bsontype?: StringQueryTypeCasting | undefined; id?: { [x: number]: number | undefined; readonly BYTES_PER_ELEMENT?: number | undefined; ... 37 more ...; readonly [Symbol.toStringTag]?: "Uint8Array" | undefined; } | { ...; } | undefined; ... 7 more ...; readonly [bsonType]?: StringQueryTypeCast...'.
        Type 'string | null | undefined' is not assignable to type 'StringQueryTypeCasting | undefined'.
          Type 'null' is not assignable to type 'StringQueryTypeCasting | undefined'.
            Type 'string | null | undefined' is not assignable to type 'StringQueryTypeCasting | undefined'.
              Type 'null' is not assignable to type 'StringQueryTypeCasting | undefined'.
src/app/api/mobile/hero-trending/route.ts(38,39): error TS2345: Argument of type '(m: Record<string, unknown>) => { thumb_url: string; poster_url: string; }' is not assignable to parameter of type '(value: unknown, index: number, array: unknown[]) => { thumb_url: string; poster_url: string; }'.
  Types of parameters 'm' and 'value' are incompatible.
    Type 'unknown' is not assignable to type 'Record<string, unknown>'.
src/app/api/mobile/hero-trending/route.ts(40,37): error TS2345: Argument of type 'unknown' is not assignable to parameter of type 'string'.
src/app/api/mobile/hero-trending/route.ts(41,38): error TS2345: Argument of type 'unknown' is not assignable to parameter of type 'string'.
src/app/api/mobile/hero-trending/route.ts(49,39): error TS2345: Argument of type '(m: Record<string, unknown>) => { thumb_url: string; poster_url: string; }' is not assignable to parameter of type '(value: unknown, index: number, array: unknown[]) => { thumb_url: string; poster_url: string; }'.
  Types of parameters 'm' and 'value' are incompatible.
    Type 'unknown' is not assignable to type 'Record<string, unknown>'.
src/app/api/mobile/hero-trending/route.ts(51,37): error TS2345: Argument of type 'unknown' is not assignable to parameter of type 'string'.
src/app/api/mobile/hero-trending/route.ts(52,38): error TS2345: Argument of type 'unknown' is not assignable to parameter of type 'string'.
src/app/api/mobile/hero-trending/route.ts(65,28): error TS2345: Argument of type 'unknown' is not assignable to parameter of type 'string'.
src/app/api/mobile/hero-trending/route.ts(116,46): error TS2339: Property 'substring' does not exist on type '{}'.
src/app/api/mobile/hero-trending/route.ts(118,52): error TS2339: Property 'substring' does not exist on type '{}'.
src/app/api/mobile/hero-trending/route.ts(121,50): error TS2345: Argument of type 'unknown' is not assignable to parameter of type 'string'.
src/app/api/mobile/user/favorites/route.ts(84,17): error TS18046: 'e' is of type 'unknown'.
src/app/api/mobile/user/history/route.ts(70,24): error TS2339: Property 'episodeSlug' does not exist on type '{ _id?: string | undefined; movieId?: string | undefined; movieID?: string | undefined; movieSlug: string; movieName: string; movieOriginName?: string | undefined; moviePoster?: string | undefined; ... 7 more ...; updatedAt: Date; }'.
src/app/api/mobile/user/history/route.ts(71,28): error TS2339: Property 'episodeName' does not exist on type '{ _id?: string | undefined; movieId?: string | undefined; movieID?: string | undefined; movieSlug: string; movieName: string; movieOriginName?: string | undefined; moviePoster?: string | undefined; ... 7 more ...; updatedAt: Date; }'.
src/app/api/mobile/user/history/route.ts(72,25): error TS2339: Property 'progress' does not exist on type '{ _id?: string | undefined; movieId?: string | undefined; movieID?: string | undefined; movieSlug: string; movieName: string; movieOriginName?: string | undefined; moviePoster?: string | undefined; ... 7 more ...; updatedAt: Date; }'.
src/app/api/mobile/user/history/route.ts(75,35): error TS2339: Property 'lastWatched' does not exist on type '{ _id?: string | undefined; movieId?: string | undefined; movieID?: string | undefined; movieSlug: string; movieName: string; movieOriginName?: string | undefined; moviePoster?: string | undefined; ... 7 more ...; updatedAt: Date; }'.
src/app/api/mobile/user/watchlist/route.ts(64,17): error TS18046: 'e' is of type 'unknown'.
src/app/api/ratings/[slug]/route.ts(25,48): error TS2345: Argument of type '[{ providers: (OAuthConfig<GoogleProfile> | OAuthConfig<FacebookProfile> | CredentialsConfig<{ username: { label: string; type: string; }; password: { ...; }; }>)[]; callbacks: { ...; }; pages: { ...; }; secret: string | undefined; }]' is not assignable to parameter of type 'GetServerSessionParams<GetServerSessionOptions>'.
  Type '[{ providers: (OAuthConfig<GoogleProfile> | OAuthConfig<FacebookProfile> | CredentialsConfig<{ username: { label: string; type: string; }; password: { ...; }; }>)[]; callbacks: { ...; }; pages: { ...; }; secret: string | undefined; }]' is not assignable to type '[GetServerSessionOptions]'.
    Type '{ providers: (OAuthConfig<GoogleProfile> | OAuthConfig<FacebookProfile> | CredentialsConfig<{ username: { label: string; type: string; }; password: { ...; }; }>)[]; callbacks: { ...; }; pages: { ...; }; secret: string | undefined; }' is not assignable to type 'GetServerSessionOptions'.
      Type '{ providers: (OAuthConfig<GoogleProfile> | OAuthConfig<FacebookProfile> | CredentialsConfig<{ username: { label: string; type: string; }; password: { ...; }; }>)[]; callbacks: { ...; }; pages: { ...; }; secret: string | undefined; }' is not assignable to type '{ callbacks?: (Omit<Partial<CallbacksOptions<Profile, Account>> | undefined, "session"> & { session?: ((params: { session: Session; token: JWT; user: AdapterUser; } & { ...; }) => any) | undefined; }) | undefined; }'.
        Types of property 'callbacks' are incompatible.
          Type '{ signIn({ user, account }: { user: Record<string, unknown>; account: Record<string, unknown> | null; }): Promise<boolean>; jwt({ token, user, account }: { token: Record<string, unknown>; user?: Record<string, unknown> | undefined; account?: Record<...> | ... 1 more ... | undefined; }): Promise<...>; session({ sessi...' is not assignable to type 'Omit<Partial<CallbacksOptions<Profile, Account>> | undefined, "session"> & { session?: ((params: { session: Session; token: JWT; user: AdapterUser; } & { ...; }) => any) | undefined; }'.
            Type '{ signIn({ user, account }: { user: Record<string, unknown>; account: Record<string, unknown> | null; }): Promise<boolean>; jwt({ token, user, account }: { token: Record<string, unknown>; user?: Record<string, unknown> | undefined; account?: Record<...> | ... 1 more ... | undefined; }): Promise<...>; session({ sessi...' is not assignable to type '{ session?: ((params: { session: Session; token: JWT; user: AdapterUser; } & { newSession: any; trigger: "update"; }) => any) | undefined; }'.
              Types of property 'session' are incompatible.
                Type '({ session, token }: { session: Record<string, unknown>; token: Record<string, unknown>; }) => Promise<Record<string, unknown>>' is not assignable to type '(params: { session: Session; token: JWT; user: AdapterUser; } & { newSession: any; trigger: "update"; }) => any'.
                  Types of parameters '__0' and 'params' are incompatible.
                    Type '{ session: Session; token: JWT; user: AdapterUser; } & { newSession: any; trigger: "update"; }' is not assignable to type '{ session: Record<string, unknown>; token: Record<string, unknown>; }'.
                      Types of property 'session' are incompatible.
                        Type 'Session' is not assignable to type 'Record<string, unknown>'.
                          Index signature for type 'string' is missing in type 'Session'.
src/app/api/user/continue-watching/route.ts(9,44): error TS2345: Argument of type '[{ providers: (OAuthConfig<GoogleProfile> | OAuthConfig<FacebookProfile> | CredentialsConfig<{ username: { label: string; type: string; }; password: { ...; }; }>)[]; callbacks: { ...; }; pages: { ...; }; secret: string | undefined; }]' is not assignable to parameter of type 'GetServerSessionParams<GetServerSessionOptions>'.
  Type '[{ providers: (OAuthConfig<GoogleProfile> | OAuthConfig<FacebookProfile> | CredentialsConfig<{ username: { label: string; type: string; }; password: { ...; }; }>)[]; callbacks: { ...; }; pages: { ...; }; secret: string | undefined; }]' is not assignable to type '[GetServerSessionOptions]'.
    Type '{ providers: (OAuthConfig<GoogleProfile> | OAuthConfig<FacebookProfile> | CredentialsConfig<{ username: { label: string; type: string; }; password: { ...; }; }>)[]; callbacks: { ...; }; pages: { ...; }; secret: string | undefined; }' is not assignable to type 'GetServerSessionOptions'.
      Type '{ providers: (OAuthConfig<GoogleProfile> | OAuthConfig<FacebookProfile> | CredentialsConfig<{ username: { label: string; type: string; }; password: { ...; }; }>)[]; callbacks: { ...; }; pages: { ...; }; secret: string | undefined; }' is not assignable to type '{ callbacks?: (Omit<Partial<CallbacksOptions<Profile, Account>> | undefined, "session"> & { session?: ((params: { session: Session; token: JWT; user: AdapterUser; } & { ...; }) => any) | undefined; }) | undefined; }'.
        Types of property 'callbacks' are incompatible.
          Type '{ signIn({ user, account }: { user: Record<string, unknown>; account: Record<string, unknown> | null; }): Promise<boolean>; jwt({ token, user, account }: { token: Record<string, unknown>; user?: Record<string, unknown> | undefined; account?: Record<...> | ... 1 more ... | undefined; }): Promise<...>; session({ sessi...' is not assignable to type 'Omit<Partial<CallbacksOptions<Profile, Account>> | undefined, "session"> & { session?: ((params: { session: Session; token: JWT; user: AdapterUser; } & { ...; }) => any) | undefined; }'.
            Type '{ signIn({ user, account }: { user: Record<string, unknown>; account: Record<string, unknown> | null; }): Promise<boolean>; jwt({ token, user, account }: { token: Record<string, unknown>; user?: Record<string, unknown> | undefined; account?: Record<...> | ... 1 more ... | undefined; }): Promise<...>; session({ sessi...' is not assignable to type '{ session?: ((params: { session: Session; token: JWT; user: AdapterUser; } & { newSession: any; trigger: "update"; }) => any) | undefined; }'.
              Types of property 'session' are incompatible.
                Type '({ session, token }: { session: Record<string, unknown>; token: Record<string, unknown>; }) => Promise<Record<string, unknown>>' is not assignable to type '(params: { session: Session; token: JWT; user: AdapterUser; } & { newSession: any; trigger: "update"; }) => any'.
                  Types of parameters '__0' and 'params' are incompatible.
                    Type '{ session: Session; token: JWT; user: AdapterUser; } & { newSession: any; trigger: "update"; }' is not assignable to type '{ session: Record<string, unknown>; token: Record<string, unknown>; }'.
                      Types of property 'session' are incompatible.
                        Type 'Session' is not assignable to type 'Record<string, unknown>'.
                          Index signature for type 'string' is missing in type 'Session'.
src/app/api/user/favorites/route.ts(10,48): error TS2345: Argument of type '[{ providers: (OAuthConfig<GoogleProfile> | OAuthConfig<FacebookProfile> | CredentialsConfig<{ username: { label: string; type: string; }; password: { ...; }; }>)[]; callbacks: { ...; }; pages: { ...; }; secret: string | undefined; }]' is not assignable to parameter of type 'GetServerSessionParams<GetServerSessionOptions>'.
  Type '[{ providers: (OAuthConfig<GoogleProfile> | OAuthConfig<FacebookProfile> | CredentialsConfig<{ username: { label: string; type: string; }; password: { ...; }; }>)[]; callbacks: { ...; }; pages: { ...; }; secret: string | undefined; }]' is not assignable to type '[GetServerSessionOptions]'.
    Type '{ providers: (OAuthConfig<GoogleProfile> | OAuthConfig<FacebookProfile> | CredentialsConfig<{ username: { label: string; type: string; }; password: { ...; }; }>)[]; callbacks: { ...; }; pages: { ...; }; secret: string | undefined; }' is not assignable to type 'GetServerSessionOptions'.
      Type '{ providers: (OAuthConfig<GoogleProfile> | OAuthConfig<FacebookProfile> | CredentialsConfig<{ username: { label: string; type: string; }; password: { ...; }; }>)[]; callbacks: { ...; }; pages: { ...; }; secret: string | undefined; }' is not assignable to type '{ callbacks?: (Omit<Partial<CallbacksOptions<Profile, Account>> | undefined, "session"> & { session?: ((params: { session: Session; token: JWT; user: AdapterUser; } & { ...; }) => any) | undefined; }) | undefined; }'.
        Types of property 'callbacks' are incompatible.
          Type '{ signIn({ user, account }: { user: Record<string, unknown>; account: Record<string, unknown> | null; }): Promise<boolean>; jwt({ token, user, account }: { token: Record<string, unknown>; user?: Record<string, unknown> | undefined; account?: Record<...> | ... 1 more ... | undefined; }): Promise<...>; session({ sessi...' is not assignable to type 'Omit<Partial<CallbacksOptions<Profile, Account>> | undefined, "session"> & { session?: ((params: { session: Session; token: JWT; user: AdapterUser; } & { ...; }) => any) | undefined; }'.
            Type '{ signIn({ user, account }: { user: Record<string, unknown>; account: Record<string, unknown> | null; }): Promise<boolean>; jwt({ token, user, account }: { token: Record<string, unknown>; user?: Record<string, unknown> | undefined; account?: Record<...> | ... 1 more ... | undefined; }): Promise<...>; session({ sessi...' is not assignable to type '{ session?: ((params: { session: Session; token: JWT; user: AdapterUser; } & { newSession: any; trigger: "update"; }) => any) | undefined; }'.
              Types of property 'session' are incompatible.
                Type '({ session, token }: { session: Record<string, unknown>; token: Record<string, unknown>; }) => Promise<Record<string, unknown>>' is not assignable to type '(params: { session: Session; token: JWT; user: AdapterUser; } & { newSession: any; trigger: "update"; }) => any'.
                  Types of parameters '__0' and 'params' are incompatible.
                    Type '{ session: Session; token: JWT; user: AdapterUser; } & { newSession: any; trigger: "update"; }' is not assignable to type '{ session: Record<string, unknown>; token: Record<string, unknown>; }'.
                      Types of property 'session' are incompatible.
                        Type 'Session' is not assignable to type 'Record<string, unknown>'.
                          Index signature for type 'string' is missing in type 'Session'.
src/app/api/user/history/route.ts(10,48): error TS2345: Argument of type '[{ providers: (OAuthConfig<GoogleProfile> | OAuthConfig<FacebookProfile> | CredentialsConfig<{ username: { label: string; type: string; }; password: { ...; }; }>)[]; callbacks: { ...; }; pages: { ...; }; secret: string | undefined; }]' is not assignable to parameter of type 'GetServerSessionParams<GetServerSessionOptions>'.
  Type '[{ providers: (OAuthConfig<GoogleProfile> | OAuthConfig<FacebookProfile> | CredentialsConfig<{ username: { label: string; type: string; }; password: { ...; }; }>)[]; callbacks: { ...; }; pages: { ...; }; secret: string | undefined; }]' is not assignable to type '[GetServerSessionOptions]'.
    Type '{ providers: (OAuthConfig<GoogleProfile> | OAuthConfig<FacebookProfile> | CredentialsConfig<{ username: { label: string; type: string; }; password: { ...; }; }>)[]; callbacks: { ...; }; pages: { ...; }; secret: string | undefined; }' is not assignable to type 'GetServerSessionOptions'.
      Type '{ providers: (OAuthConfig<GoogleProfile> | OAuthConfig<FacebookProfile> | CredentialsConfig<{ username: { label: string; type: string; }; password: { ...; }; }>)[]; callbacks: { ...; }; pages: { ...; }; secret: string | undefined; }' is not assignable to type '{ callbacks?: (Omit<Partial<CallbacksOptions<Profile, Account>> | undefined, "session"> & { session?: ((params: { session: Session; token: JWT; user: AdapterUser; } & { ...; }) => any) | undefined; }) | undefined; }'.
        Types of property 'callbacks' are incompatible.
          Type '{ signIn({ user, account }: { user: Record<string, unknown>; account: Record<string, unknown> | null; }): Promise<boolean>; jwt({ token, user, account }: { token: Record<string, unknown>; user?: Record<string, unknown> | undefined; account?: Record<...> | ... 1 more ... | undefined; }): Promise<...>; session({ sessi...' is not assignable to type 'Omit<Partial<CallbacksOptions<Profile, Account>> | undefined, "session"> & { session?: ((params: { session: Session; token: JWT; user: AdapterUser; } & { ...; }) => any) | undefined; }'.
            Type '{ signIn({ user, account }: { user: Record<string, unknown>; account: Record<string, unknown> | null; }): Promise<boolean>; jwt({ token, user, account }: { token: Record<string, unknown>; user?: Record<string, unknown> | undefined; account?: Record<...> | ... 1 more ... | undefined; }): Promise<...>; session({ sessi...' is not assignable to type '{ session?: ((params: { session: Session; token: JWT; user: AdapterUser; } & { newSession: any; trigger: "update"; }) => any) | undefined; }'.
              Types of property 'session' are incompatible.
                Type '({ session, token }: { session: Record<string, unknown>; token: Record<string, unknown>; }) => Promise<Record<string, unknown>>' is not assignable to type '(params: { session: Session; token: JWT; user: AdapterUser; } & { newSession: any; trigger: "update"; }) => any'.
                  Types of parameters '__0' and 'params' are incompatible.
                    Type '{ session: Session; token: JWT; user: AdapterUser; } & { newSession: any; trigger: "update"; }' is not assignable to type '{ session: Record<string, unknown>; token: Record<string, unknown>; }'.
                      Types of property 'session' are incompatible.
                        Type 'Session' is not assignable to type 'Record<string, unknown>'.
                          Index signature for type 'string' is missing in type 'Session'.
src/app/api/user/history/route.ts(54,48): error TS2345: Argument of type '[{ providers: (OAuthConfig<GoogleProfile> | OAuthConfig<FacebookProfile> | CredentialsConfig<{ username: { label: string; type: string; }; password: { ...; }; }>)[]; callbacks: { ...; }; pages: { ...; }; secret: string | undefined; }]' is not assignable to parameter of type 'GetServerSessionParams<GetServerSessionOptions>'.
  Type '[{ providers: (OAuthConfig<GoogleProfile> | OAuthConfig<FacebookProfile> | CredentialsConfig<{ username: { label: string; type: string; }; password: { ...; }; }>)[]; callbacks: { ...; }; pages: { ...; }; secret: string | undefined; }]' is not assignable to type '[GetServerSessionOptions]'.
    Type '{ providers: (OAuthConfig<GoogleProfile> | OAuthConfig<FacebookProfile> | CredentialsConfig<{ username: { label: string; type: string; }; password: { ...; }; }>)[]; callbacks: { ...; }; pages: { ...; }; secret: string | undefined; }' is not assignable to type 'GetServerSessionOptions'.
      Type '{ providers: (OAuthConfig<GoogleProfile> | OAuthConfig<FacebookProfile> | CredentialsConfig<{ username: { label: string; type: string; }; password: { ...; }; }>)[]; callbacks: { ...; }; pages: { ...; }; secret: string | undefined; }' is not assignable to type '{ callbacks?: (Omit<Partial<CallbacksOptions<Profile, Account>> | undefined, "session"> & { session?: ((params: { session: Session; token: JWT; user: AdapterUser; } & { ...; }) => any) | undefined; }) | undefined; }'.
        Types of property 'callbacks' are incompatible.
          Type '{ signIn({ user, account }: { user: Record<string, unknown>; account: Record<string, unknown> | null; }): Promise<boolean>; jwt({ token, user, account }: { token: Record<string, unknown>; user?: Record<string, unknown> | undefined; account?: Record<...> | ... 1 more ... | undefined; }): Promise<...>; session({ sessi...' is not assignable to type 'Omit<Partial<CallbacksOptions<Profile, Account>> | undefined, "session"> & { session?: ((params: { session: Session; token: JWT; user: AdapterUser; } & { ...; }) => any) | undefined; }'.
            Type '{ signIn({ user, account }: { user: Record<string, unknown>; account: Record<string, unknown> | null; }): Promise<boolean>; jwt({ token, user, account }: { token: Record<string, unknown>; user?: Record<string, unknown> | undefined; account?: Record<...> | ... 1 more ... | undefined; }): Promise<...>; session({ sessi...' is not assignable to type '{ session?: ((params: { session: Session; token: JWT; user: AdapterUser; } & { newSession: any; trigger: "update"; }) => any) | undefined; }'.
              Types of property 'session' are incompatible.
                Type '({ session, token }: { session: Record<string, unknown>; token: Record<string, unknown>; }) => Promise<Record<string, unknown>>' is not assignable to type '(params: { session: Session; token: JWT; user: AdapterUser; } & { newSession: any; trigger: "update"; }) => any'.
                  Types of parameters '__0' and 'params' are incompatible.
                    Type '{ session: Session; token: JWT; user: AdapterUser; } & { newSession: any; trigger: "update"; }' is not assignable to type '{ session: Record<string, unknown>; token: Record<string, unknown>; }'.
                      Types of property 'session' are incompatible.
                        Type 'Session' is not assignable to type 'Record<string, unknown>'.
                          Index signature for type 'string' is missing in type 'Session'.
src/app/api/user/playlists/[id]/route.ts(9,48): error TS2345: Argument of type '[{ providers: (OAuthConfig<GoogleProfile> | OAuthConfig<FacebookProfile> | CredentialsConfig<{ username: { label: string; type: string; }; password: { ...; }; }>)[]; callbacks: { ...; }; pages: { ...; }; secret: string | undefined; }]' is not assignable to parameter of type 'GetServerSessionParams<GetServerSessionOptions>'.
  Type '[{ providers: (OAuthConfig<GoogleProfile> | OAuthConfig<FacebookProfile> | CredentialsConfig<{ username: { label: string; type: string; }; password: { ...; }; }>)[]; callbacks: { ...; }; pages: { ...; }; secret: string | undefined; }]' is not assignable to type '[GetServerSessionOptions]'.
    Type '{ providers: (OAuthConfig<GoogleProfile> | OAuthConfig<FacebookProfile> | CredentialsConfig<{ username: { label: string; type: string; }; password: { ...; }; }>)[]; callbacks: { ...; }; pages: { ...; }; secret: string | undefined; }' is not assignable to type 'GetServerSessionOptions'.
      Type '{ providers: (OAuthConfig<GoogleProfile> | OAuthConfig<FacebookProfile> | CredentialsConfig<{ username: { label: string; type: string; }; password: { ...; }; }>)[]; callbacks: { ...; }; pages: { ...; }; secret: string | undefined; }' is not assignable to type '{ callbacks?: (Omit<Partial<CallbacksOptions<Profile, Account>> | undefined, "session"> & { session?: ((params: { session: Session; token: JWT; user: AdapterUser; } & { ...; }) => any) | undefined; }) | undefined; }'.
        Types of property 'callbacks' are incompatible.
          Type '{ signIn({ user, account }: { user: Record<string, unknown>; account: Record<string, unknown> | null; }): Promise<boolean>; jwt({ token, user, account }: { token: Record<string, unknown>; user?: Record<string, unknown> | undefined; account?: Record<...> | ... 1 more ... | undefined; }): Promise<...>; session({ sessi...' is not assignable to type 'Omit<Partial<CallbacksOptions<Profile, Account>> | undefined, "session"> & { session?: ((params: { session: Session; token: JWT; user: AdapterUser; } & { ...; }) => any) | undefined; }'.
            Type '{ signIn({ user, account }: { user: Record<string, unknown>; account: Record<string, unknown> | null; }): Promise<boolean>; jwt({ token, user, account }: { token: Record<string, unknown>; user?: Record<string, unknown> | undefined; account?: Record<...> | ... 1 more ... | undefined; }): Promise<...>; session({ sessi...' is not assignable to type '{ session?: ((params: { session: Session; token: JWT; user: AdapterUser; } & { newSession: any; trigger: "update"; }) => any) | undefined; }'.
              Types of property 'session' are incompatible.
                Type '({ session, token }: { session: Record<string, unknown>; token: Record<string, unknown>; }) => Promise<Record<string, unknown>>' is not assignable to type '(params: { session: Session; token: JWT; user: AdapterUser; } & { newSession: any; trigger: "update"; }) => any'.
                  Types of parameters '__0' and 'params' are incompatible.
                    Type '{ session: Session; token: JWT; user: AdapterUser; } & { newSession: any; trigger: "update"; }' is not assignable to type '{ session: Record<string, unknown>; token: Record<string, unknown>; }'.
                      Types of property 'session' are incompatible.
                        Type 'Session' is not assignable to type 'Record<string, unknown>'.
                          Index signature for type 'string' is missing in type 'Session'.
src/app/api/user/playlists/[id]/route.ts(58,48): error TS2345: Argument of type '[{ providers: (OAuthConfig<GoogleProfile> | OAuthConfig<FacebookProfile> | CredentialsConfig<{ username: { label: string; type: string; }; password: { ...; }; }>)[]; callbacks: { ...; }; pages: { ...; }; secret: string | undefined; }]' is not assignable to parameter of type 'GetServerSessionParams<GetServerSessionOptions>'.
  Type '[{ providers: (OAuthConfig<GoogleProfile> | OAuthConfig<FacebookProfile> | CredentialsConfig<{ username: { label: string; type: string; }; password: { ...; }; }>)[]; callbacks: { ...; }; pages: { ...; }; secret: string | undefined; }]' is not assignable to type '[GetServerSessionOptions]'.
    Type '{ providers: (OAuthConfig<GoogleProfile> | OAuthConfig<FacebookProfile> | CredentialsConfig<{ username: { label: string; type: string; }; password: { ...; }; }>)[]; callbacks: { ...; }; pages: { ...; }; secret: string | undefined; }' is not assignable to type 'GetServerSessionOptions'.
      Type '{ providers: (OAuthConfig<GoogleProfile> | OAuthConfig<FacebookProfile> | CredentialsConfig<{ username: { label: string; type: string; }; password: { ...; }; }>)[]; callbacks: { ...; }; pages: { ...; }; secret: string | undefined; }' is not assignable to type '{ callbacks?: (Omit<Partial<CallbacksOptions<Profile, Account>> | undefined, "session"> & { session?: ((params: { session: Session; token: JWT; user: AdapterUser; } & { ...; }) => any) | undefined; }) | undefined; }'.
        Types of property 'callbacks' are incompatible.
          Type '{ signIn({ user, account }: { user: Record<string, unknown>; account: Record<string, unknown> | null; }): Promise<boolean>; jwt({ token, user, account }: { token: Record<string, unknown>; user?: Record<string, unknown> | undefined; account?: Record<...> | ... 1 more ... | undefined; }): Promise<...>; session({ sessi...' is not assignable to type 'Omit<Partial<CallbacksOptions<Profile, Account>> | undefined, "session"> & { session?: ((params: { session: Session; token: JWT; user: AdapterUser; } & { ...; }) => any) | undefined; }'.
            Type '{ signIn({ user, account }: { user: Record<string, unknown>; account: Record<string, unknown> | null; }): Promise<boolean>; jwt({ token, user, account }: { token: Record<string, unknown>; user?: Record<string, unknown> | undefined; account?: Record<...> | ... 1 more ... | undefined; }): Promise<...>; session({ sessi...' is not assignable to type '{ session?: ((params: { session: Session; token: JWT; user: AdapterUser; } & { newSession: any; trigger: "update"; }) => any) | undefined; }'.
              Types of property 'session' are incompatible.
                Type '({ session, token }: { session: Record<string, unknown>; token: Record<string, unknown>; }) => Promise<Record<string, unknown>>' is not assignable to type '(params: { session: Session; token: JWT; user: AdapterUser; } & { newSession: any; trigger: "update"; }) => any'.
                  Types of parameters '__0' and 'params' are incompatible.
                    Type '{ session: Session; token: JWT; user: AdapterUser; } & { newSession: any; trigger: "update"; }' is not assignable to type '{ session: Record<string, unknown>; token: Record<string, unknown>; }'.
                      Types of property 'session' are incompatible.
                        Type 'Session' is not assignable to type 'Record<string, unknown>'.
                          Index signature for type 'string' is missing in type 'Session'.
src/app/api/user/playlists/route.ts(10,48): error TS2345: Argument of type '[{ providers: (OAuthConfig<GoogleProfile> | OAuthConfig<FacebookProfile> | CredentialsConfig<{ username: { label: string; type: string; }; password: { ...; }; }>)[]; callbacks: { ...; }; pages: { ...; }; secret: string | undefined; }]' is not assignable to parameter of type 'GetServerSessionParams<GetServerSessionOptions>'.
  Type '[{ providers: (OAuthConfig<GoogleProfile> | OAuthConfig<FacebookProfile> | CredentialsConfig<{ username: { label: string; type: string; }; password: { ...; }; }>)[]; callbacks: { ...; }; pages: { ...; }; secret: string | undefined; }]' is not assignable to type '[GetServerSessionOptions]'.
    Type '{ providers: (OAuthConfig<GoogleProfile> | OAuthConfig<FacebookProfile> | CredentialsConfig<{ username: { label: string; type: string; }; password: { ...; }; }>)[]; callbacks: { ...; }; pages: { ...; }; secret: string | undefined; }' is not assignable to type 'GetServerSessionOptions'.
      Type '{ providers: (OAuthConfig<GoogleProfile> | OAuthConfig<FacebookProfile> | CredentialsConfig<{ username: { label: string; type: string; }; password: { ...; }; }>)[]; callbacks: { ...; }; pages: { ...; }; secret: string | undefined; }' is not assignable to type '{ callbacks?: (Omit<Partial<CallbacksOptions<Profile, Account>> | undefined, "session"> & { session?: ((params: { session: Session; token: JWT; user: AdapterUser; } & { ...; }) => any) | undefined; }) | undefined; }'.
        Types of property 'callbacks' are incompatible.
          Type '{ signIn({ user, account }: { user: Record<string, unknown>; account: Record<string, unknown> | null; }): Promise<boolean>; jwt({ token, user, account }: { token: Record<string, unknown>; user?: Record<string, unknown> | undefined; account?: Record<...> | ... 1 more ... | undefined; }): Promise<...>; session({ sessi...' is not assignable to type 'Omit<Partial<CallbacksOptions<Profile, Account>> | undefined, "session"> & { session?: ((params: { session: Session; token: JWT; user: AdapterUser; } & { ...; }) => any) | undefined; }'.
            Type '{ signIn({ user, account }: { user: Record<string, unknown>; account: Record<string, unknown> | null; }): Promise<boolean>; jwt({ token, user, account }: { token: Record<string, unknown>; user?: Record<string, unknown> | undefined; account?: Record<...> | ... 1 more ... | undefined; }): Promise<...>; session({ sessi...' is not assignable to type '{ session?: ((params: { session: Session; token: JWT; user: AdapterUser; } & { newSession: any; trigger: "update"; }) => any) | undefined; }'.
              Types of property 'session' are incompatible.
                Type '({ session, token }: { session: Record<string, unknown>; token: Record<string, unknown>; }) => Promise<Record<string, unknown>>' is not assignable to type '(params: { session: Session; token: JWT; user: AdapterUser; } & { newSession: any; trigger: "update"; }) => any'.
                  Types of parameters '__0' and 'params' are incompatible.
                    Type '{ session: Session; token: JWT; user: AdapterUser; } & { newSession: any; trigger: "update"; }' is not assignable to type '{ session: Record<string, unknown>; token: Record<string, unknown>; }'.
                      Types of property 'session' are incompatible.
                        Type 'Session' is not assignable to type 'Record<string, unknown>'.
                          Index signature for type 'string' is missing in type 'Session'.
src/app/api/user/playlists/route.ts(31,48): error TS2345: Argument of type '[{ providers: (OAuthConfig<GoogleProfile> | OAuthConfig<FacebookProfile> | CredentialsConfig<{ username: { label: string; type: string; }; password: { ...; }; }>)[]; callbacks: { ...; }; pages: { ...; }; secret: string | undefined; }]' is not assignable to parameter of type 'GetServerSessionParams<GetServerSessionOptions>'.
  Type '[{ providers: (OAuthConfig<GoogleProfile> | OAuthConfig<FacebookProfile> | CredentialsConfig<{ username: { label: string; type: string; }; password: { ...; }; }>)[]; callbacks: { ...; }; pages: { ...; }; secret: string | undefined; }]' is not assignable to type '[GetServerSessionOptions]'.
    Type '{ providers: (OAuthConfig<GoogleProfile> | OAuthConfig<FacebookProfile> | CredentialsConfig<{ username: { label: string; type: string; }; password: { ...; }; }>)[]; callbacks: { ...; }; pages: { ...; }; secret: string | undefined; }' is not assignable to type 'GetServerSessionOptions'.
      Type '{ providers: (OAuthConfig<GoogleProfile> | OAuthConfig<FacebookProfile> | CredentialsConfig<{ username: { label: string; type: string; }; password: { ...; }; }>)[]; callbacks: { ...; }; pages: { ...; }; secret: string | undefined; }' is not assignable to type '{ callbacks?: (Omit<Partial<CallbacksOptions<Profile, Account>> | undefined, "session"> & { session?: ((params: { session: Session; token: JWT; user: AdapterUser; } & { ...; }) => any) | undefined; }) | undefined; }'.
        Types of property 'callbacks' are incompatible.
          Type '{ signIn({ user, account }: { user: Record<string, unknown>; account: Record<string, unknown> | null; }): Promise<boolean>; jwt({ token, user, account }: { token: Record<string, unknown>; user?: Record<string, unknown> | undefined; account?: Record<...> | ... 1 more ... | undefined; }): Promise<...>; session({ sessi...' is not assignable to type 'Omit<Partial<CallbacksOptions<Profile, Account>> | undefined, "session"> & { session?: ((params: { session: Session; token: JWT; user: AdapterUser; } & { ...; }) => any) | undefined; }'.
            Type '{ signIn({ user, account }: { user: Record<string, unknown>; account: Record<string, unknown> | null; }): Promise<boolean>; jwt({ token, user, account }: { token: Record<string, unknown>; user?: Record<string, unknown> | undefined; account?: Record<...> | ... 1 more ... | undefined; }): Promise<...>; session({ sessi...' is not assignable to type '{ session?: ((params: { session: Session; token: JWT; user: AdapterUser; } & { newSession: any; trigger: "update"; }) => any) | undefined; }'.
              Types of property 'session' are incompatible.
                Type '({ session, token }: { session: Record<string, unknown>; token: Record<string, unknown>; }) => Promise<Record<string, unknown>>' is not assignable to type '(params: { session: Session; token: JWT; user: AdapterUser; } & { newSession: any; trigger: "update"; }) => any'.
                  Types of parameters '__0' and 'params' are incompatible.
                    Type '{ session: Session; token: JWT; user: AdapterUser; } & { newSession: any; trigger: "update"; }' is not assignable to type '{ session: Record<string, unknown>; token: Record<string, unknown>; }'.
                      Types of property 'session' are incompatible.
                        Type 'Session' is not assignable to type 'Record<string, unknown>'.
                          Index signature for type 'string' is missing in type 'Session'.
src/app/api/user/watchlist/route.ts(10,48): error TS2345: Argument of type '[{ providers: (OAuthConfig<GoogleProfile> | OAuthConfig<FacebookProfile> | CredentialsConfig<{ username: { label: string; type: string; }; password: { ...; }; }>)[]; callbacks: { ...; }; pages: { ...; }; secret: string | undefined; }]' is not assignable to parameter of type 'GetServerSessionParams<GetServerSessionOptions>'.
  Type '[{ providers: (OAuthConfig<GoogleProfile> | OAuthConfig<FacebookProfile> | CredentialsConfig<{ username: { label: string; type: string; }; password: { ...; }; }>)[]; callbacks: { ...; }; pages: { ...; }; secret: string | undefined; }]' is not assignable to type '[GetServerSessionOptions]'.
    Type '{ providers: (OAuthConfig<GoogleProfile> | OAuthConfig<FacebookProfile> | CredentialsConfig<{ username: { label: string; type: string; }; password: { ...; }; }>)[]; callbacks: { ...; }; pages: { ...; }; secret: string | undefined; }' is not assignable to type 'GetServerSessionOptions'.
      Type '{ providers: (OAuthConfig<GoogleProfile> | OAuthConfig<FacebookProfile> | CredentialsConfig<{ username: { label: string; type: string; }; password: { ...; }; }>)[]; callbacks: { ...; }; pages: { ...; }; secret: string | undefined; }' is not assignable to type '{ callbacks?: (Omit<Partial<CallbacksOptions<Profile, Account>> | undefined, "session"> & { session?: ((params: { session: Session; token: JWT; user: AdapterUser; } & { ...; }) => any) | undefined; }) | undefined; }'.
        Types of property 'callbacks' are incompatible.
          Type '{ signIn({ user, account }: { user: Record<string, unknown>; account: Record<string, unknown> | null; }): Promise<boolean>; jwt({ token, user, account }: { token: Record<string, unknown>; user?: Record<string, unknown> | undefined; account?: Record<...> | ... 1 more ... | undefined; }): Promise<...>; session({ sessi...' is not assignable to type 'Omit<Partial<CallbacksOptions<Profile, Account>> | undefined, "session"> & { session?: ((params: { session: Session; token: JWT; user: AdapterUser; } & { ...; }) => any) | undefined; }'.
            Type '{ signIn({ user, account }: { user: Record<string, unknown>; account: Record<string, unknown> | null; }): Promise<boolean>; jwt({ token, user, account }: { token: Record<string, unknown>; user?: Record<string, unknown> | undefined; account?: Record<...> | ... 1 more ... | undefined; }): Promise<...>; session({ sessi...' is not assignable to type '{ session?: ((params: { session: Session; token: JWT; user: AdapterUser; } & { newSession: any; trigger: "update"; }) => any) | undefined; }'.
              Types of property 'session' are incompatible.
                Type '({ session, token }: { session: Record<string, unknown>; token: Record<string, unknown>; }) => Promise<Record<string, unknown>>' is not assignable to type '(params: { session: Session; token: JWT; user: AdapterUser; } & { newSession: any; trigger: "update"; }) => any'.
                  Types of parameters '__0' and 'params' are incompatible.
                    Type '{ session: Session; token: JWT; user: AdapterUser; } & { newSession: any; trigger: "update"; }' is not assignable to type '{ session: Record<string, unknown>; token: Record<string, unknown>; }'.
                      Types of property 'session' are incompatible.
                        Type 'Session' is not assignable to type 'Record<string, unknown>'.
                          Index signature for type 'string' is missing in type 'Session'.
src/app/danh-sach/[type]/page.tsx(108,35): error TS2345: Argument of type '(movie: Record<string, unknown>) => JSX.Element' is not assignable to parameter of type '(value: Movie, index: number, array: Movie[]) => Element'.
  Types of parameters 'movie' and 'value' are incompatible.
    Type 'Movie' is not assignable to type 'Record<string, unknown>'.
      Index signature for type 'string' is missing in type 'Movie'.
src/app/danh-sach/[type]/page.tsx(109,40): error TS2322: Type 'unknown' is not assignable to type 'Key | null | undefined'.
src/app/danh-sach/[type]/page.tsx(109,56): error TS2740: Type 'Record<string, unknown>' is missing the following properties from type 'Movie': _id, name, slug, origin_name, and 23 more.
src/app/dien-vien/[name]/page.tsx(180,52): error TS2345: Argument of type '(movie: Record<string, unknown>) => JSX.Element' is not assignable to parameter of type '(value: Movie, index: number, array: Movie[]) => Element'.
  Types of parameters 'movie' and 'value' are incompatible.
    Type 'Movie' is not assignable to type 'Record<string, unknown>'.
      Index signature for type 'string' is missing in type 'Movie'.
src/app/dien-vien/[name]/page.tsx(181,56): error TS2322: Type 'unknown' is not assignable to type 'Key | null | undefined'.
src/app/dien-vien/[name]/page.tsx(181,86): error TS2740: Type 'Record<string, unknown>' is missing the following properties from type 'Movie': _id, name, slug, origin_name, and 23 more.
src/app/layout.tsx(39,43): error TS2322: Type '{ name: string; slug?: string | undefined; }[]' is not assignable to type '{ name: string; slug: string; }[]'.
  Type '{ name: string; slug?: string; }' is not assignable to type '{ name: string; slug: string; }'.
    Types of property 'slug' are incompatible.
      Type 'string | undefined' is not assignable to type 'string'.
        Type 'undefined' is not assignable to type 'string'.
src/app/lich-su-xem/page.tsx(35,44): error TS2345: Argument of type '[{ providers: (OAuthConfig<GoogleProfile> | OAuthConfig<FacebookProfile> | CredentialsConfig<{ username: { label: string; type: string; }; password: { ...; }; }>)[]; callbacks: { ...; }; pages: { ...; }; secret: string | undefined; }]' is not assignable to parameter of type 'GetServerSessionParams<GetServerSessionOptions>'.
  Type '[{ providers: (OAuthConfig<GoogleProfile> | OAuthConfig<FacebookProfile> | CredentialsConfig<{ username: { label: string; type: string; }; password: { ...; }; }>)[]; callbacks: { ...; }; pages: { ...; }; secret: string | undefined; }]' is not assignable to type '[GetServerSessionOptions]'.
    Type '{ providers: (OAuthConfig<GoogleProfile> | OAuthConfig<FacebookProfile> | CredentialsConfig<{ username: { label: string; type: string; }; password: { ...; }; }>)[]; callbacks: { ...; }; pages: { ...; }; secret: string | undefined; }' is not assignable to type 'GetServerSessionOptions'.
      Type '{ providers: (OAuthConfig<GoogleProfile> | OAuthConfig<FacebookProfile> | CredentialsConfig<{ username: { label: string; type: string; }; password: { ...; }; }>)[]; callbacks: { ...; }; pages: { ...; }; secret: string | undefined; }' is not assignable to type '{ callbacks?: (Omit<Partial<CallbacksOptions<Profile, Account>> | undefined, "session"> & { session?: ((params: { session: Session; token: JWT; user: AdapterUser; } & { ...; }) => any) | undefined; }) | undefined; }'.
        Types of property 'callbacks' are incompatible.
          Type '{ signIn({ user, account }: { user: Record<string, unknown>; account: Record<string, unknown> | null; }): Promise<boolean>; jwt({ token, user, account }: { token: Record<string, unknown>; user?: Record<string, unknown> | undefined; account?: Record<...> | ... 1 more ... | undefined; }): Promise<...>; session({ sessi...' is not assignable to type 'Omit<Partial<CallbacksOptions<Profile, Account>> | undefined, "session"> & { session?: ((params: { session: Session; token: JWT; user: AdapterUser; } & { ...; }) => any) | undefined; }'.
            Type '{ signIn({ user, account }: { user: Record<string, unknown>; account: Record<string, unknown> | null; }): Promise<boolean>; jwt({ token, user, account }: { token: Record<string, unknown>; user?: Record<string, unknown> | undefined; account?: Record<...> | ... 1 more ... | undefined; }): Promise<...>; session({ sessi...' is not assignable to type '{ session?: ((params: { session: Session; token: JWT; user: AdapterUser; } & { newSession: any; trigger: "update"; }) => any) | undefined; }'.
              Types of property 'session' are incompatible.
                Type '({ session, token }: { session: Record<string, unknown>; token: Record<string, unknown>; }) => Promise<Record<string, unknown>>' is not assignable to type '(params: { session: Session; token: JWT; user: AdapterUser; } & { newSession: any; trigger: "update"; }) => any'.
                  Types of parameters '__0' and 'params' are incompatible.
                    Type '{ session: Session; token: JWT; user: AdapterUser; } & { newSession: any; trigger: "update"; }' is not assignable to type '{ session: Record<string, unknown>; token: Record<string, unknown>; }'.
                      Types of property 'session' are incompatible.
                        Type 'Session' is not assignable to type 'Record<string, unknown>'.
                          Index signature for type 'string' is missing in type 'Session'.
src/app/page.tsx(16,9): error TS2322: Type 'never[] | ({} | undefined)[]' is not assignable to type 'Record<string, unknown>[]'.
  Type '({} | undefined)[]' is not assignable to type 'Record<string, unknown>[]'.
    Type '{} | undefined' is not assignable to type 'Record<string, unknown>'.
      Type 'undefined' is not assignable to type 'Record<string, unknown>'.
src/app/page.tsx(25,19): error TS2345: Argument of type 'Movie' is not assignable to parameter of type 'Record<string, unknown>'.
  Index signature for type 'string' is missing in type 'Movie'.
src/app/page.tsx(32,37): error TS2322: Type 'Record<string, unknown>[]' is not assignable to type 'Movie[]'.
  Type 'Record<string, unknown>' is missing the following properties from type 'Movie': _id, name, slug, origin_name, and 23 more.
src/app/page.tsx(42,7): error TS2322: Type '({} | undefined)[]' is not assignable to type 'Record<string, unknown>[]'.
  Type '{} | undefined' is not assignable to type 'Record<string, unknown>'.
    Type 'undefined' is not assignable to type 'Record<string, unknown>'.
src/app/page.tsx(51,42): error TS2345: Argument of type 'Movie' is not assignable to parameter of type 'Record<string, unknown>'.
  Index signature for type 'string' is missing in type 'Movie'.
src/app/page.tsx(52,42): error TS2345: Argument of type 'Movie' is not assignable to parameter of type 'Record<string, unknown>'.
  Index signature for type 'string' is missing in type 'Movie'.
src/app/page.tsx(67,9): error TS2345: Argument of type 'unknown' is not assignable to parameter of type 'string'.
src/app/page.tsx(70,57): error TS7053: Element implicitly has an 'any' type because expression of type '0' can't be used to index type '{}'.
  Property '0' does not exist on type '{}'.
src/app/page.tsx(83,20): error TS2322: Type '{ tmdbData: { poster_path: any; vote_average: any; backdrop_path: any; } | null; }[]' is not assignable to type 'Movie[]'.
  Type '{ tmdbData: { poster_path: any; vote_average: any; backdrop_path: any; } | null; }' is missing the following properties from type 'Movie': _id, name, slug, origin_name, and 23 more.
src/app/phim-yeu-thich/page.tsx(39,44): error TS2345: Argument of type '[{ providers: (OAuthConfig<GoogleProfile> | OAuthConfig<FacebookProfile> | CredentialsConfig<{ username: { label: string; type: string; }; password: { ...; }; }>)[]; callbacks: { ...; }; pages: { ...; }; secret: string | undefined; }]' is not assignable to parameter of type 'GetServerSessionParams<GetServerSessionOptions>'.
  Type '[{ providers: (OAuthConfig<GoogleProfile> | OAuthConfig<FacebookProfile> | CredentialsConfig<{ username: { label: string; type: string; }; password: { ...; }; }>)[]; callbacks: { ...; }; pages: { ...; }; secret: string | undefined; }]' is not assignable to type '[GetServerSessionOptions]'.
    Type '{ providers: (OAuthConfig<GoogleProfile> | OAuthConfig<FacebookProfile> | CredentialsConfig<{ username: { label: string; type: string; }; password: { ...; }; }>)[]; callbacks: { ...; }; pages: { ...; }; secret: string | undefined; }' is not assignable to type 'GetServerSessionOptions'.
      Type '{ providers: (OAuthConfig<GoogleProfile> | OAuthConfig<FacebookProfile> | CredentialsConfig<{ username: { label: string; type: string; }; password: { ...; }; }>)[]; callbacks: { ...; }; pages: { ...; }; secret: string | undefined; }' is not assignable to type '{ callbacks?: (Omit<Partial<CallbacksOptions<Profile, Account>> | undefined, "session"> & { session?: ((params: { session: Session; token: JWT; user: AdapterUser; } & { ...; }) => any) | undefined; }) | undefined; }'.
        Types of property 'callbacks' are incompatible.
          Type '{ signIn({ user, account }: { user: Record<string, unknown>; account: Record<string, unknown> | null; }): Promise<boolean>; jwt({ token, user, account }: { token: Record<string, unknown>; user?: Record<string, unknown> | undefined; account?: Record<...> | ... 1 more ... | undefined; }): Promise<...>; session({ sessi...' is not assignable to type 'Omit<Partial<CallbacksOptions<Profile, Account>> | undefined, "session"> & { session?: ((params: { session: Session; token: JWT; user: AdapterUser; } & { ...; }) => any) | undefined; }'.
            Type '{ signIn({ user, account }: { user: Record<string, unknown>; account: Record<string, unknown> | null; }): Promise<boolean>; jwt({ token, user, account }: { token: Record<string, unknown>; user?: Record<string, unknown> | undefined; account?: Record<...> | ... 1 more ... | undefined; }): Promise<...>; session({ sessi...' is not assignable to type '{ session?: ((params: { session: Session; token: JWT; user: AdapterUser; } & { newSession: any; trigger: "update"; }) => any) | undefined; }'.
              Types of property 'session' are incompatible.
                Type '({ session, token }: { session: Record<string, unknown>; token: Record<string, unknown>; }) => Promise<Record<string, unknown>>' is not assignable to type '(params: { session: Session; token: JWT; user: AdapterUser; } & { newSession: any; trigger: "update"; }) => any'.
                  Types of parameters '__0' and 'params' are incompatible.
                    Type '{ session: Session; token: JWT; user: AdapterUser; } & { newSession: any; trigger: "update"; }' is not assignable to type '{ session: Record<string, unknown>; token: Record<string, unknown>; }'.
                      Types of property 'session' are incompatible.
                        Type 'Session' is not assignable to type 'Record<string, unknown>'.
                          Index signature for type 'string' is missing in type 'Session'.
src/app/phim-yeu-thich/page.tsx(78,34): error TS2322: Type 'unknown' is not assignable to type 'Key | null | undefined'.
src/app/phim-yeu-thich/page.tsx(82,62): error TS2345: Argument of type 'unknown' is not assignable to parameter of type 'string'.
src/app/phim-yeu-thich/page.tsx(83,45): error TS2322: Type 'unknown' is not assignable to type 'string'.
src/app/phim-yeu-thich/page.tsx(90,45): error TS2322: Type 'unknown' is not assignable to type 'ReactNode'.
src/app/phim-yeu-thich/page.tsx(99,45): error TS2322: Type 'unknown' is not assignable to type 'ReactNode'.
src/app/phim-yeu-thich/page.tsx(101,41): error TS2322: Type 'unknown' is not assignable to type 'ReactNode'.
src/app/phim-yeu-thich/page.tsx(103,49): error TS2322: Type '{}' is not assignable to type 'ReactNode'.
src/app/phim-yeu-thich/page.tsx(106,78): error TS2322: Type 'unknown' is not assignable to type 'ReactNode'.
src/app/phim-yeu-thich/page.tsx(109,55): error TS2322: Type 'unknown' is not assignable to type 'string'.
src/app/phim/[slug]/page.tsx(30,31): error TS2339: Property 'name' does not exist on type '{}'.
src/app/phim/[slug]/page.tsx(31,34): error TS2339: Property 'content' does not exist on type '{}'.
src/app/phim/[slug]/page.tsx(33,34): error TS2339: Property 'poster_url' does not exist on type '{}'.
src/app/phim/[slug]/page.tsx(51,16): error TS2339: Property 'category' does not exist on type '{}'.
src/app/phim/[slug]/page.tsx(53,84): error TS2339: Property 'category' does not exist on type '{}'.
src/app/phim/[slug]/page.tsx(54,13): error TS2322: Type 'Movie[]' is not assignable to type 'Record<string, unknown>[]'.
  Type 'Movie' is not assignable to type 'Record<string, unknown>'.
    Index signature for type 'string' is missing in type 'Movie'.
src/app/phim/[slug]/page.tsx(54,91): error TS2339: Property 'slug' does not exist on type '{}'.
src/app/phim/[slug]/page.tsx(62,9): error TS18046: 'movie' is of type 'unknown'.
src/app/phim/[slug]/page.tsx(62,37): error TS18046: 'movie' is of type 'unknown'.
src/app/phim/[slug]/page.tsx(62,66): error TS18046: 'movie' is of type 'unknown'.
src/app/phim/[slug]/page.tsx(66,46): error TS18046: 'movie' is of type 'unknown'.
src/app/phim/[slug]/page.tsx(66,67): error TS18046: 'movie' is of type 'unknown'.
src/app/phim/[slug]/page.tsx(66,79): error TS18046: 'movie' is of type 'unknown'.
src/app/phim/[slug]/page.tsx(68,52): error TS18046: 'movie' is of type 'unknown'.
src/app/phim/[slug]/page.tsx(71,121): error TS2339: Property 'poster_url' does not exist on type '{}'.
src/app/phim/[slug]/page.tsx(71,142): error TS2339: Property 'thumb_url' does not exist on type '{}'.
src/app/phim/[slug]/page.tsx(72,127): error TS2339: Property 'poster_url' does not exist on type '{}'.
src/app/phim/[slug]/page.tsx(72,148): error TS2339: Property 'thumb_url' does not exist on type '{}'.
src/app/phim/[slug]/page.tsx(88,151): error TS2339: Property 'quality' does not exist on type '{}'.
src/app/phim/[slug]/page.tsx(88,177): error TS2339: Property 'year' does not exist on type '{}'.
src/app/phim/[slug]/page.tsx(89,142): error TS2339: Property 'name' does not exist on type '{}'.
src/app/phim/[slug]/page.tsx(90,138): error TS2339: Property 'origin_name' does not exist on type '{}'.
src/app/phim/[slug]/page.tsx(93,50): error TS2339: Property 'episode_current' does not exist on type '{}'.
src/app/phim/[slug]/page.tsx(95,46): error TS2339: Property 'episode_total' does not exist on type '{}'.
src/app/phim/[slug]/page.tsx(122,138): error TS2339: Property 'director' does not exist on type '{}'.
src/app/phim/[slug]/page.tsx(122,156): error TS2339: Property 'director' does not exist on type '{}'.
src/app/phim/[slug]/page.tsx(122,186): error TS2339: Property 'director' does not exist on type '{}'.
src/app/phim/[slug]/page.tsx(123,196): error TS2339: Property 'director' does not exist on type '{}'.
src/app/phim/[slug]/page.tsx(126,90): error TS2339: Property 'time' does not exist on type '{}'.
src/app/phim/[slug]/page.tsx(129,175): error TS2339: Property 'actor' does not exist on type '{}'.
src/app/phim/[slug]/page.tsx(136,59): error TS2339: Property 'slug' does not exist on type '{}'.
src/app/phim/[slug]/page.tsx(144,25): error TS2322: Type 'unknown' is not assignable to type 'ReactNode'.
src/app/phim/[slug]/page.tsx(148,56): error TS2339: Property '_id' does not exist on type '{}'.
src/app/phim/[slug]/page.tsx(149,58): error TS2339: Property 'slug' does not exist on type '{}'.
src/app/phim/[slug]/page.tsx(150,58): error TS2339: Property 'name' does not exist on type '{}'.
src/app/phim/[slug]/page.tsx(151,64): error TS2339: Property 'origin_name' does not exist on type '{}'.
src/app/phim/[slug]/page.tsx(153,65): error TS2339: Property 'year' does not exist on type '{}'.
src/app/phim/[slug]/page.tsx(154,61): error TS2339: Property 'quality' does not exist on type '{}'.
src/app/phim/[slug]/page.tsx(155,64): error TS2339: Property 'category' does not exist on type '{}'.
src/app/phim/[slug]/page.tsx(161,49): error TS2339: Property 'slug' does not exist on type '{}'.
src/app/phim/[slug]/page.tsx(162,84): error TS2339: Property 'slug' does not exist on type '{}'.
src/app/phim/[slug]/page.tsx(166,71): error TS2339: Property 'name' does not exist on type '{}'.
src/app/phim/[slug]/page.tsx(181,29): error TS2322: Type 'unknown' is not assignable to type 'Record<string, unknown>'.
src/app/phim/[slug]/page.tsx(191,54): error TS18046: 'movie' is of type 'unknown'.
src/app/phim/[slug]/page.tsx(191,76): error TS18046: 'movie' is of type 'unknown'.
src/app/phim/[slug]/page.tsx(202,186): error TS2339: Property 'content' does not exist on type '{}'.
src/app/phim/[slug]/page.tsx(208,87): error TS2339: Property 'director' does not exist on type '{}'.
src/app/phim/[slug]/page.tsx(214,46): error TS18046: 'movie' is of type 'unknown'.
src/app/phim/[slug]/page.tsx(221,41): error TS2339: Property 'category' does not exist on type '{}'.
src/app/phim/[slug]/page.tsx(231,205): error TS2339: Property 'country' does not exist on type '{}'.
src/app/phim/[slug]/page.tsx(232,200): error TS2339: Property 'year' does not exist on type '{}'.
src/app/phim/[slug]/page.tsx(233,207): error TS2339: Property 'quality' does not exist on type '{}'.
src/app/phim/[slug]/page.tsx(234,171): error TS2339: Property 'lang' does not exist on type '{}'.
src/app/quoc-gia/[slug]/page.tsx(43,35): error TS2345: Argument of type '(movie: Record<string, unknown>) => JSX.Element' is not assignable to parameter of type '(value: Movie, index: number, array: Movie[]) => Element'.
  Types of parameters 'movie' and 'value' are incompatible.
    Type 'Movie' is not assignable to type 'Record<string, unknown>'.
      Index signature for type 'string' is missing in type 'Movie'.
src/app/quoc-gia/[slug]/page.tsx(44,40): error TS2322: Type 'unknown' is not assignable to type 'Key | null | undefined'.
src/app/quoc-gia/[slug]/page.tsx(44,56): error TS2740: Type 'Record<string, unknown>' is missing the following properties from type 'Movie': _id, name, slug, origin_name, and 23 more.
src/app/the-loai/[slug]/page.tsx(43,35): error TS2345: Argument of type '(movie: Record<string, unknown>) => JSX.Element' is not assignable to parameter of type '(value: Movie, index: number, array: Movie[]) => Element'.
  Types of parameters 'movie' and 'value' are incompatible.
    Type 'Movie' is not assignable to type 'Record<string, unknown>'.
      Index signature for type 'string' is missing in type 'Movie'.
src/app/the-loai/[slug]/page.tsx(44,40): error TS2322: Type 'unknown' is not assignable to type 'Key | null | undefined'.
src/app/the-loai/[slug]/page.tsx(44,56): error TS2740: Type 'Record<string, unknown>' is missing the following properties from type 'Movie': _id, name, slug, origin_name, and 23 more.
src/app/thong-tin-tai-khoan/page.tsx(10,44): error TS2345: Argument of type '[{ providers: (OAuthConfig<GoogleProfile> | OAuthConfig<FacebookProfile> | CredentialsConfig<{ username: { label: string; type: string; }; password: { ...; }; }>)[]; callbacks: { ...; }; pages: { ...; }; secret: string | undefined; }]' is not assignable to parameter of type 'GetServerSessionParams<GetServerSessionOptions>'.
  Type '[{ providers: (OAuthConfig<GoogleProfile> | OAuthConfig<FacebookProfile> | CredentialsConfig<{ username: { label: string; type: string; }; password: { ...; }; }>)[]; callbacks: { ...; }; pages: { ...; }; secret: string | undefined; }]' is not assignable to type '[GetServerSessionOptions]'.
    Type '{ providers: (OAuthConfig<GoogleProfile> | OAuthConfig<FacebookProfile> | CredentialsConfig<{ username: { label: string; type: string; }; password: { ...; }; }>)[]; callbacks: { ...; }; pages: { ...; }; secret: string | undefined; }' is not assignable to type 'GetServerSessionOptions'.
      Type '{ providers: (OAuthConfig<GoogleProfile> | OAuthConfig<FacebookProfile> | CredentialsConfig<{ username: { label: string; type: string; }; password: { ...; }; }>)[]; callbacks: { ...; }; pages: { ...; }; secret: string | undefined; }' is not assignable to type '{ callbacks?: (Omit<Partial<CallbacksOptions<Profile, Account>> | undefined, "session"> & { session?: ((params: { session: Session; token: JWT; user: AdapterUser; } & { ...; }) => any) | undefined; }) | undefined; }'.
        Types of property 'callbacks' are incompatible.
          Type '{ signIn({ user, account }: { user: Record<string, unknown>; account: Record<string, unknown> | null; }): Promise<boolean>; jwt({ token, user, account }: { token: Record<string, unknown>; user?: Record<string, unknown> | undefined; account?: Record<...> | ... 1 more ... | undefined; }): Promise<...>; session({ sessi...' is not assignable to type 'Omit<Partial<CallbacksOptions<Profile, Account>> | undefined, "session"> & { session?: ((params: { session: Session; token: JWT; user: AdapterUser; } & { ...; }) => any) | undefined; }'.
            Type '{ signIn({ user, account }: { user: Record<string, unknown>; account: Record<string, unknown> | null; }): Promise<boolean>; jwt({ token, user, account }: { token: Record<string, unknown>; user?: Record<string, unknown> | undefined; account?: Record<...> | ... 1 more ... | undefined; }): Promise<...>; session({ sessi...' is not assignable to type '{ session?: ((params: { session: Session; token: JWT; user: AdapterUser; } & { newSession: any; trigger: "update"; }) => any) | undefined; }'.
              Types of property 'session' are incompatible.
                Type '({ session, token }: { session: Record<string, unknown>; token: Record<string, unknown>; }) => Promise<Record<string, unknown>>' is not assignable to type '(params: { session: Session; token: JWT; user: AdapterUser; } & { newSession: any; trigger: "update"; }) => any'.
                  Types of parameters '__0' and 'params' are incompatible.
                    Type '{ session: Session; token: JWT; user: AdapterUser; } & { newSession: any; trigger: "update"; }' is not assignable to type '{ session: Record<string, unknown>; token: Record<string, unknown>; }'.
                      Types of property 'session' are incompatible.
                        Type 'Session' is not assignable to type 'Record<string, unknown>'.
                          Index signature for type 'string' is missing in type 'Session'.
src/app/tim-kiem/page.tsx(29,23): error TS2339: Property 'year' does not exist on type '{ category?: { slug: string; }[] | undefined; country?: { slug: string; }[] | undefined; }'.
src/app/tim-kiem/page.tsx(65,58): error TS2339: Property 'profile_path' does not exist on type '{ id: string | number; name: string; profile_url: string; }'.
src/app/tim-kiem/page.tsx(66,79): error TS2339: Property 'profile_path' does not exist on type '{ id: string | number; name: string; profile_url: string; }'.
src/app/tim-kiem/page.tsx(93,52): error TS2339: Property 'known_for_department' does not exist on type '{ id: string | number; name: string; profile_url: string; }'.
src/app/tim-kiem/page.tsx(95,60): error TS2339: Property 'known_for_department' does not exist on type '{ id: string | number; name: string; profile_url: string; }'.
src/app/tim-kiem/page.tsx(95,116): error TS2339: Property 'known_for_department' does not exist on type '{ id: string | number; name: string; profile_url: string; }'.
src/app/tim-kiem/page.tsx(116,49): error TS2345: Argument of type '(movie: Record<string, unknown>) => JSX.Element' is not assignable to parameter of type '(value: Movie, index: number, array: Movie[]) => Element'.
  Types of parameters 'movie' and 'value' are incompatible.
    Type 'Movie' is not assignable to type 'Record<string, unknown>'.
      Index signature for type 'string' is missing in type 'Movie'.
src/app/tim-kiem/page.tsx(117,44): error TS2322: Type 'unknown' is not assignable to type 'Key | null | undefined'.
src/app/tim-kiem/page.tsx(117,60): error TS2740: Type 'Record<string, unknown>' is missing the following properties from type 'Movie': _id, name, slug, origin_name, and 23 more.
src/app/xem-phim/[slug]/[episode]/page.tsx(35,34): error TS2339: Property 'name' does not exist on type '{}'.
src/app/xem-phim/[slug]/[episode]/page.tsx(36,40): error TS2339: Property 'name' does not exist on type '{}'.
src/app/xem-phim/[slug]/[episode]/page.tsx(37,49): error TS2339: Property 'poster_url' does not exist on type '{}'.
src/app/xem-phim/[slug]/[episode]/page.tsx(37,69): error TS2339: Property 'thumb_url' does not exist on type '{}'.
src/app/xem-phim/[slug]/[episode]/page.tsx(59,30): error TS2345: Argument of type '[{ providers: (OAuthConfig<GoogleProfile> | OAuthConfig<FacebookProfile> | CredentialsConfig<{ username: { label: string; type: string; }; password: { ...; }; }>)[]; callbacks: { ...; }; pages: { ...; }; secret: string | undefined; }]' is not assignable to parameter of type 'GetServerSessionParams<GetServerSessionOptions>'.
  Type '[{ providers: (OAuthConfig<GoogleProfile> | OAuthConfig<FacebookProfile> | CredentialsConfig<{ username: { label: string; type: string; }; password: { ...; }; }>)[]; callbacks: { ...; }; pages: { ...; }; secret: string | undefined; }]' is not assignable to type '[GetServerSessionOptions]'.
    Type '{ providers: (OAuthConfig<GoogleProfile> | OAuthConfig<FacebookProfile> | CredentialsConfig<{ username: { label: string; type: string; }; password: { ...; }; }>)[]; callbacks: { ...; }; pages: { ...; }; secret: string | undefined; }' is not assignable to type 'GetServerSessionOptions'.
      Type '{ providers: (OAuthConfig<GoogleProfile> | OAuthConfig<FacebookProfile> | CredentialsConfig<{ username: { label: string; type: string; }; password: { ...; }; }>)[]; callbacks: { ...; }; pages: { ...; }; secret: string | undefined; }' is not assignable to type '{ callbacks?: (Omit<Partial<CallbacksOptions<Profile, Account>> | undefined, "session"> & { session?: ((params: { session: Session; token: JWT; user: AdapterUser; } & { ...; }) => any) | undefined; }) | undefined; }'.
        Types of property 'callbacks' are incompatible.
          Type '{ signIn({ user, account }: { user: Record<string, unknown>; account: Record<string, unknown> | null; }): Promise<boolean>; jwt({ token, user, account }: { token: Record<string, unknown>; user?: Record<string, unknown> | undefined; account?: Record<...> | ... 1 more ... | undefined; }): Promise<...>; session({ sessi...' is not assignable to type 'Omit<Partial<CallbacksOptions<Profile, Account>> | undefined, "session"> & { session?: ((params: { session: Session; token: JWT; user: AdapterUser; } & { ...; }) => any) | undefined; }'.
            Type '{ signIn({ user, account }: { user: Record<string, unknown>; account: Record<string, unknown> | null; }): Promise<boolean>; jwt({ token, user, account }: { token: Record<string, unknown>; user?: Record<string, unknown> | undefined; account?: Record<...> | ... 1 more ... | undefined; }): Promise<...>; session({ sessi...' is not assignable to type '{ session?: ((params: { session: Session; token: JWT; user: AdapterUser; } & { newSession: any; trigger: "update"; }) => any) | undefined; }'.
              Types of property 'session' are incompatible.
                Type '({ session, token }: { session: Record<string, unknown>; token: Record<string, unknown>; }) => Promise<Record<string, unknown>>' is not assignable to type '(params: { session: Session; token: JWT; user: AdapterUser; } & { newSession: any; trigger: "update"; }) => any'.
                  Types of parameters '__0' and 'params' are incompatible.
                    Type '{ session: Session; token: JWT; user: AdapterUser; } & { newSession: any; trigger: "update"; }' is not assignable to type '{ session: Record<string, unknown>; token: Record<string, unknown>; }'.
                      Types of property 'session' are incompatible.
                        Type 'Session' is not assignable to type 'Record<string, unknown>'.
                          Index signature for type 'string' is missing in type 'Session'.
src/app/xem-phim/[slug]/[episode]/page.tsx(161,80): error TS2345: Argument of type '(actor: { id: React.Key | null | undefined; name: string; profile_url: string; character: string; }) => JSX.Element' is not assignable to parameter of type '(value: Record<string, unknown>, index: number, array: Record<string, unknown>[]) => Element'.
  Types of parameters 'actor' and 'value' are incompatible.
    Type 'Record<string, unknown>' is missing the following properties from type '{ id: Key | null | undefined; name: string; profile_url: string; character: string; }': id, name, profile_url, character
src/app/xem-sau/page.tsx(52,44): error TS2345: Argument of type '[{ providers: (OAuthConfig<GoogleProfile> | OAuthConfig<FacebookProfile> | CredentialsConfig<{ username: { label: string; type: string; }; password: { ...; }; }>)[]; callbacks: { ...; }; pages: { ...; }; secret: string | undefined; }]' is not assignable to parameter of type 'GetServerSessionParams<GetServerSessionOptions>'.
  Type '[{ providers: (OAuthConfig<GoogleProfile> | OAuthConfig<FacebookProfile> | CredentialsConfig<{ username: { label: string; type: string; }; password: { ...; }; }>)[]; callbacks: { ...; }; pages: { ...; }; secret: string | undefined; }]' is not assignable to type '[GetServerSessionOptions]'.
    Type '{ providers: (OAuthConfig<GoogleProfile> | OAuthConfig<FacebookProfile> | CredentialsConfig<{ username: { label: string; type: string; }; password: { ...; }; }>)[]; callbacks: { ...; }; pages: { ...; }; secret: string | undefined; }' is not assignable to type 'GetServerSessionOptions'.
      Type '{ providers: (OAuthConfig<GoogleProfile> | OAuthConfig<FacebookProfile> | CredentialsConfig<{ username: { label: string; type: string; }; password: { ...; }; }>)[]; callbacks: { ...; }; pages: { ...; }; secret: string | undefined; }' is not assignable to type '{ callbacks?: (Omit<Partial<CallbacksOptions<Profile, Account>> | undefined, "session"> & { session?: ((params: { session: Session; token: JWT; user: AdapterUser; } & { ...; }) => any) | undefined; }) | undefined; }'.
        Types of property 'callbacks' are incompatible.
          Type '{ signIn({ user, account }: { user: Record<string, unknown>; account: Record<string, unknown> | null; }): Promise<boolean>; jwt({ token, user, account }: { token: Record<string, unknown>; user?: Record<string, unknown> | undefined; account?: Record<...> | ... 1 more ... | undefined; }): Promise<...>; session({ sessi...' is not assignable to type 'Omit<Partial<CallbacksOptions<Profile, Account>> | undefined, "session"> & { session?: ((params: { session: Session; token: JWT; user: AdapterUser; } & { ...; }) => any) | undefined; }'.
            Type '{ signIn({ user, account }: { user: Record<string, unknown>; account: Record<string, unknown> | null; }): Promise<boolean>; jwt({ token, user, account }: { token: Record<string, unknown>; user?: Record<string, unknown> | undefined; account?: Record<...> | ... 1 more ... | undefined; }): Promise<...>; session({ sessi...' is not assignable to type '{ session?: ((params: { session: Session; token: JWT; user: AdapterUser; } & { newSession: any; trigger: "update"; }) => any) | undefined; }'.
              Types of property 'session' are incompatible.
                Type '({ session, token }: { session: Record<string, unknown>; token: Record<string, unknown>; }) => Promise<Record<string, unknown>>' is not assignable to type '(params: { session: Session; token: JWT; user: AdapterUser; } & { newSession: any; trigger: "update"; }) => any'.
                  Types of parameters '__0' and 'params' are incompatible.
                    Type '{ session: Session; token: JWT; user: AdapterUser; } & { newSession: any; trigger: "update"; }' is not assignable to type '{ session: Record<string, unknown>; token: Record<string, unknown>; }'.
                      Types of property 'session' are incompatible.
                        Type 'Session' is not assignable to type 'Record<string, unknown>'.
                          Index signature for type 'string' is missing in type 'Session'.
src/components/Header.tsx(92,38): error TS2345: Argument of type '{ movies: Movie[]; actors: any; }' is not assignable to parameter of type 'SetStateAction<{ movies: Record<string, unknown>[]; actors: Record<string, unknown>[]; } | null>'.
  Type '{ movies: Movie[]; actors: any; }' is not assignable to type '{ movies: Record<string, unknown>[]; actors: Record<string, unknown>[]; }'.
    Types of property 'movies' are incompatible.
      Type 'Movie[]' is not assignable to type 'Record<string, unknown>[]'.
        Type 'Movie' is not assignable to type 'Record<string, unknown>'.
          Index signature for type 'string' is missing in type 'Movie'.
src/components/Header.tsx(386,108): error TS2345: Argument of type 'unknown' is not assignable to parameter of type 'string | number | boolean'.
src/components/Header.tsx(387,69): error TS2322: Type 'unknown' is not assignable to type 'Key | null | undefined'.
src/components/Header.tsx(393,101): error TS2345: Argument of type '{}' is not assignable to parameter of type 'string'.
src/components/Header.tsx(393,121): error TS2322: Type 'unknown' is not assignable to type 'string'.
src/components/Header.tsx(399,171): error TS2322: Type 'unknown' is not assignable to type 'ReactNode'.
src/components/Header.tsx(413,69): error TS2322: Type 'unknown' is not assignable to type 'Key | null | undefined'.
src/components/Header.tsx(418,97): error TS2345: Argument of type 'unknown' is not assignable to parameter of type 'string'.
src/components/Header.tsx(418,135): error TS2322: Type 'unknown' is not assignable to type 'string'.
src/components/Header.tsx(421,171): error TS2322: Type 'unknown' is not assignable to type 'ReactNode'.
src/components/Header.tsx(422,121): error TS2322: Type 'unknown' is not assignable to type 'ReactNode'.
src/components/HeroSection.tsx(91,47): error TS2339: Property 'poster_path' does not exist on type '{}'.
src/components/HeroSection.tsx(92,71): error TS2339: Property 'poster_path' does not exist on type '{}'.
src/components/HeroSection.tsx(94,49): error TS2339: Property 'backdrop_path' does not exist on type '{}'.
src/components/HeroSection.tsx(95,71): error TS2339: Property 'backdrop_path' does not exist on type '{}'.
src/components/HeroSection.tsx(99,38): error TS2345: Argument of type '{}' is not assignable to parameter of type 'string'.
src/components/HeroSection.tsx(108,37): error TS2345: Argument of type '(movie: Record<string, unknown>, index: number) => Element' is not assignable to parameter of type '(value: Movie, index: number, array: Movie[]) => Element'.
  Types of parameters 'movie' and 'value' are incompatible.
    Type 'Movie' is not assignable to type 'Record<string, unknown>'.
      Index signature for type 'string' is missing in type 'Movie'.
src/components/HeroSection.tsx(111,56): error TS2339: Property 'vote_average' does not exist on type '{}'.
src/components/HeroSection.tsx(111,86): error TS2339: Property 'vote_average' does not exist on type '{}'.
src/components/HeroSection.tsx(116,33): error TS2322: Type 'unknown' is not assignable to type 'Key | null | undefined'.
src/components/HeroSection.tsx(123,57): error TS2345: Argument of type 'unknown' is not assignable to parameter of type 'string'.
src/components/HeroSection.tsx(138,140): error TS2322: Type '{}' is not assignable to type 'ReactNode'.
src/components/HeroSection.tsx(151,57): error TS2345: Argument of type 'unknown' is not assignable to parameter of type 'string'.
src/components/HeroSection.tsx(154,104): error TS2322: Type '{}' is not assignable to type 'ReactNode'.
src/components/HeroSection.tsx(155,62): error TS2339: Property 'slice' does not exist on type '{}'.
src/components/HeroSection.tsx(179,88): error TS2345: Argument of type 'Record<string, unknown>' is not assignable to parameter of type 'Movie'.
  Type 'Record<string, unknown>' is missing the following properties from type 'Movie': _id, name, slug, origin_name, and 23 more.
src/components/HeroSection.tsx(211,60): error TS2345: Argument of type 'Movie' is not assignable to parameter of type 'Record<string, unknown>'.
  Index signature for type 'string' is missing in type 'Movie'.
src/components/HeroSection.tsx(212,62): error TS2345: Argument of type 'Movie' is not assignable to parameter of type 'Record<string, unknown>'.
  Index signature for type 'string' is missing in type 'Movie'.
src/components/MovieCast.tsx(21,57): error TS2339: Property 'profile_path' does not exist on type '{ id: string | number; profile_url?: string | undefined; name: string; character?: string | undefined; }'.
src/components/MovieCast.tsx(22,106): error TS2339: Property 'profile_path' does not exist on type '{ id: string | number; profile_url?: string | undefined; name: string; character?: string | undefined; }'.
src/components/MovieCast.tsx(43,57): error TS2339: Property 'profile_path' does not exist on type '{ id: string | number; profile_url?: string | undefined; name: string; character?: string | undefined; }'.
src/components/MovieCast.tsx(45,103): error TS2339: Property 'profile_path' does not exist on type '{ id: string | number; profile_url?: string | undefined; name: string; character?: string | undefined; }'.
src/components/MovieTabs.tsx(244,55): error TS18048: 'ep.name' is possibly 'undefined'.
src/components/MovieTabs.tsx(247,65): error TS2345: Argument of type 'string | undefined' is not assignable to parameter of type 'string'.
  Type 'undefined' is not assignable to type 'string'.
src/components/MovieTabs.tsx(248,59): error TS18048: 'ep.name' is possibly 'undefined'.
src/components/MovieTabs.tsx(276,69): error TS2339: Property 'includes' does not exist on type '{}'.
src/components/MovieTabs.tsx(278,60): error TS2339: Property 'replace' does not exist on type '{}'.
src/components/MovieTabs.tsx(299,48): error TS2322: Type 'unknown' is not assignable to type 'Key | null | undefined'.
src/components/MovieTabs.tsx(299,60): error TS2740: Type 'Record<string, unknown>' is missing the following properties from type 'Movie': _id, name, slug, origin_name, and 23 more.
src/components/PlaylistManagerModal.tsx(27,19): error TS2339: Property 'trim' does not exist on type '{}'.
src/components/PlaylistManagerModal.tsx(38,55): error TS2339: Property 'trim' does not exist on type '{}'.
src/components/PlaylistManagerModal.tsx(46,76): error TS2339: Property 'trim' does not exist on type '{}'.
src/components/PlaylistManagerModal.tsx(54,22): error TS18046: 'err' is of type 'unknown'.
src/components/PlaylistManagerModal.tsx(75,22): error TS18046: 'err' is of type 'unknown'.
src/components/PlaylistManagerModal.tsx(100,33): error TS2322: Type '{}' is not assignable to type 'string | number | readonly string[] | undefined'.
src/components/ProfileTabs.tsx(84,42): error TS2322: Type 'unknown' is not assignable to type 'Key | null | undefined'.
src/components/ProfileTabs.tsx(89,57): error TS2322: Type '{}' is not assignable to type 'string'.
src/components/ProfileTabs.tsx(90,57): error TS2322: Type 'unknown' is not assignable to type 'string'.
src/components/ProfileTabs.tsx(91,57): error TS2322: Type 'unknown' is not assignable to type 'string'.
src/components/ProfileTabs.tsx(92,57): error TS2322: Type 'unknown' is not assignable to type 'string'.
src/components/ProfileTabs.tsx(93,57): error TS2322: Type 'unknown' is not assignable to type 'string'.
src/components/ProfileTabs.tsx(94,57): error TS2322: Type 'unknown' is not assignable to type 'number'.
src/components/ProfileTabs.tsx(95,57): error TS2322: Type 'unknown' is not assignable to type 'string'.
src/components/ProfileTabs.tsx(105,70): error TS2345: Argument of type 'unknown' is not assignable to parameter of type 'string'.
src/components/ProfileTabs.tsx(106,53): error TS2322: Type 'unknown' is not assignable to type 'string'.
src/components/ProfileTabs.tsx(123,53): error TS2322: Type '{}' is not assignable to type 'ReactNode'.
src/components/ProfileTabs.tsx(131,53): error TS2322: Type 'unknown' is not assignable to type 'ReactNode'.
src/components/ProfileTabs.tsx(134,53): error TS2322: Type 'unknown' is not assignable to type 'ReactNode'.
src/components/ProfileTabs.tsx(134,79): error TS2322: Type 'unknown' is not assignable to type 'ReactNode'.
src/components/ProfileTabs.tsx(163,41): error TS2322: Type 'unknown' is not assignable to type 'Key | null | undefined'.
src/components/ProfileTabs.tsx(169,66): error TS2345: Argument of type 'unknown' is not assignable to parameter of type 'string'.
src/components/ProfileTabs.tsx(170,49): error TS2322: Type 'unknown' is not assignable to type 'string'.
src/components/ProfileTabs.tsx(190,49): error TS2322: Type 'unknown' is not assignable to type 'ReactNode'.
src/components/ProfileTabs.tsx(196,49): error TS2322: Type 'unknown' is not assignable to type 'ReactNode'.
src/components/ProfileTabs.tsx(199,88): error TS2322: Type 'unknown' is not assignable to type 'ReactNode'.
src/components/ProfileTabs.tsx(200,93): error TS2322: Type 'unknown' is not assignable to type 'ReactNode'.
src/components/ProfileTabs.tsx(289,48): error TS2322: Type '{}' is not assignable to type 'string | StaticImport'.
src/components/ProfileTabs.tsx(292,46): error TS7053: Element implicitly has an 'any' type because expression of type '0' can't be used to index type '{}'.
  Property '0' does not exist on type '{}'.
src/components/ProfileTabs.tsx(300,84): error TS2322: Type 'unknown' is not assignable to type 'ReactNode'.
src/components/ProfileTabs.tsx(307,89): error TS2322: Type 'unknown' is not assignable to type 'ReactNode'.
src/components/ProfileTabs.tsx(365,40): error TS2322: Type '{}' is not assignable to type 'string | StaticImport'.
src/components/ProfileTabs.tsx(368,38): error TS7053: Element implicitly has an 'any' type because expression of type '0' can't be used to index type '{}'.
  Property '0' does not exist on type '{}'.
src/components/ProfileTabs.tsx(373,82): error TS2322: Type 'unknown' is not assignable to type 'ReactNode'.
src/components/RelatedMovies.tsx(24,41): error TS2345: Argument of type '(movie: Record<string, unknown>) => JSX.Element' is not assignable to parameter of type '(value: Movie, index: number, array: Movie[]) => Element'.
  Types of parameters 'movie' and 'value' are incompatible.
    Type 'Movie' is not assignable to type 'Record<string, unknown>'.
      Index signature for type 'string' is missing in type 'Movie'.
src/components/RelatedMovies.tsx(25,27): error TS2322: Type 'unknown' is not assignable to type 'Key | null | undefined'.
src/components/RelatedMovies.tsx(30,50): error TS2345: Argument of type 'unknown' is not assignable to parameter of type 'string'.
src/components/RelatedMovies.tsx(31,33): error TS2322: Type 'unknown' is not assignable to type 'string'.
src/components/RelatedMovies.tsx(40,33): error TS2322: Type 'unknown' is not assignable to type 'ReactNode'.
src/components/RelatedMovies.tsx(42,90): error TS2322: Type 'unknown' is not assignable to type 'ReactNode'.
src/components/RelatedMovies.tsx(45,33): error TS2322: Type 'unknown' is not assignable to type 'ReactNode'.
src/components/VideoPlayer.tsx(161,36): error TS2304: Cannot find name 'initArt'.
src/components/VideoPlayer.tsx(500,37): error TS2339: Property 'user' does not exist on type '{}'.
src/components/VideoPlayer.tsx(502,45): error TS2339: Property 'duration' does not exist on type '{}'.
src/components/VideoPlayer.tsx(503,41): error TS2339: Property 'duration' does not exist on type '{}'.
src/components/VideoPlayer.tsx(508,35): error TS2345: Argument of type '{ duration: number; currentTime: number; }' is not assignable to parameter of type '{ movieId: string; movieSlug: string; movieName: string; movieOriginName: string; moviePoster: string; episodeSlug: string; episodeName: string; duration: number; currentTime: number; }'.
  Type '{ duration: number; currentTime: number; }' is missing the following properties from type '{ movieId: string; movieSlug: string; movieName: string; movieOriginName: string; moviePoster: string; episodeSlug: string; episodeName: string; duration: number; currentTime: number; }': movieId, movieSlug, movieName, movieOriginName, and 3 more.
src/components/VideoPlayer.tsx(511,48): error TS18046: 'initialProgress' is of type 'unknown'.
src/components/VideoPlayer.tsx(511,71): error TS18046: 'initialProgress' is of type 'unknown'.
src/components/VideoPlayer.tsx(517,35): error TS2345: Argument of type '{ duration: number; currentTime: number; }' is not assignable to parameter of type '{ movieId: string; movieSlug: string; movieName: string; movieOriginName: string; moviePoster: string; episodeSlug: string; episodeName: string; duration: number; currentTime: number; }'.
  Type '{ duration: number; currentTime: number; }' is missing the following properties from type '{ movieId: string; movieSlug: string; movieName: string; movieOriginName: string; moviePoster: string; episodeSlug: string; episodeName: string; duration: number; currentTime: number; }': movieId, movieSlug, movieName, movieOriginName, and 3 more.
src/components/VideoPlayer.tsx(530,17): error TS2322: Type 'unknown' is not assignable to type 'string | undefined'.
src/components/WatchContainer.tsx(43,31): error TS2339: Property 'find' does not exist on type '{}'.
src/components/WatchContainer.tsx(46,46): error TS2339: Property 'findIndex' does not exist on type '{}'.
src/components/WatchContainer.tsx(47,42): error TS7053: Element implicitly has an 'any' type because expression of type 'number' can't be used to index type '{}'.
  No index signature with a parameter of type 'number' was found on type '{}'.
src/components/WatchContainer.tsx(48,79): error TS2339: Property 'length' does not exist on type '{}'.
src/components/WatchContainer.tsx(49,11): error TS7053: Element implicitly has an 'any' type because expression of type 'any' can't be used to index type '{}'.
src/components/WatchContainer.tsx(126,29): error TS2740: Type 'Record<string, unknown>' is missing the following properties from type '{ movieId: string; movieSlug: string; movieName: string; movieOriginName: string; moviePoster: string; episodeSlug: string; episodeName: string; duration?: number | undefined; }': movieId, movieSlug, movieName, movieOriginName, and 3 more.
src/components/WatchContainer.tsx(222,21): error TS2322: Type 'Movie' is not assignable to type 'Record<string, unknown>'.
  Index signature for type 'string' is missing in type 'Movie'.
src/components/WatchContainer.tsx(241,25): error TS2322: Type 'Record<string, unknown>[]' is not assignable to type 'Server[]'.
  Type 'Record<string, unknown>' is missing the following properties from type 'Server': server_name, server_data
src/components/WatchContainer.tsx(242,25): error TS2322: Type 'unknown' is not assignable to type 'string'.
src/components/WatchContainer.tsx(243,25): error TS2322: Type '{}' is not assignable to type 'string'.
src/components/WatchEngagementBar.tsx(39,31): error TS2322: Type 'unknown' is not assignable to type 'string | undefined'.
src/components/WatchEngagementBar.tsx(54,25): error TS2322: Type '{ movieId: {}; movieSlug: unknown; movieName: unknown; movieOriginName: {}; moviePoster: {}; movieYear: number; movieQuality: {}; movieVoteAverage: {}; movieCategories: string[]; }' is not assignable to type '{ movieId: string; movieSlug: string; movieName: string; movieOriginName: string; moviePoster: string; movieYear: number; movieQuality: string; movieCategories: string[]; }'.
  Types of property 'movieId' are incompatible.
    Type '{}' is not assignable to type 'string'.
src/components/WatchEngagementBar.tsx(60,25): error TS2322: Type 'unknown' is not assignable to type 'string'.
src/components/WatchEngagementBar.tsx(61,25): error TS2322: Type 'unknown' is not assignable to type 'string | undefined'.
src/components/WatchEngagementBar.tsx(62,25): error TS2322: Type 'unknown' is not assignable to type 'string | undefined'.
src/components/WatchEngagementBar.tsx(126,46): error TS2345: Argument of type 'unknown' is not assignable to parameter of type 'string'.
src/components/WatchEngagementBar.tsx(127,29): error TS2322: Type 'unknown' is not assignable to type 'string'.
src/components/WatchEngagementBar.tsx(138,25): error TS2322: Type 'unknown' is not assignable to type 'ReactNode'.
src/components/WatchEngagementBar.tsx(141,104): error TS2322: Type 'unknown' is not assignable to type 'ReactNode'.
src/components/WatchEngagementBar.tsx(144,25): error TS2322: Type 'unknown' is not assignable to type 'ReactNode'.
src/components/WatchEngagementBar.tsx(144,114): error TS2322: Type '{}' is not assignable to type 'ReactNode'.
src/components/WatchEngagementBar.tsx(145,25): error TS2322: Type 'unknown' is not assignable to type 'ReactNode'.
src/components/WatchEngagementBar.tsx(146,160): error TS2322: Type '{}' is not assignable to type 'ReactNode'.
src/components/WatchEngagementBar.tsx(147,25): error TS2322: Type 'unknown' is not assignable to type 'ReactNode'.
src/components/WatchEngagementBar.tsx(147,114): error TS2322: Type '{}' is not assignable to type 'ReactNode'.
src/components/WatchEngagementBar.tsx(159,48): error TS2365: Operator '>' cannot be applied to types '{}' and 'number'.
src/components/WatchEngagementBar.tsx(174,57): error TS2339: Property 'toFixed' does not exist on type '{}'.
src/context/FavoritesContext.tsx(69,41): error TS2345: Argument of type '{ [key: string]: unknown; movieSlug: string; }' is not assignable to parameter of type '{ movieId?: string | undefined; movieSlug: string; movieName: string; movieOriginName: string; moviePoster: string; movieYear: number; movieQuality: string; movieCategories: string[]; }'.
  Type '{ [key: string]: unknown; movieSlug: string; }' is missing the following properties from type '{ movieId?: string | undefined; movieSlug: string; movieName: string; movieOriginName: string; moviePoster: string; movieYear: number; movieQuality: string; movieCategories: string[]; }': movieName, movieOriginName, moviePoster, movieYear, and 2 more.
src/context/FavoritesContext.tsx(87,79): error TS2322: Type '(movieData: { movieSlug: string; [key: string]: unknown; }) => Promise<void>' is not assignable to type '(movieData: Record<string, unknown>) => Promise<void>'.
  Types of parameters 'movieData' and 'movieData' are incompatible.
    Property 'movieSlug' is missing in type 'Record<string, unknown>' but required in type '{ [key: string]: unknown; movieSlug: string; }'.
src/services/api.ts(187,17): error TS18047: 'combinedData' is possibly 'null'.
src/services/api.ts(187,56): error TS18047: 'combinedData' is possibly 'null'.
src/services/api.ts(188,17): error TS18047: 'combinedData' is possibly 'null'.
src/services/api.ts(188,41): error TS18047: 'combinedData' is possibly 'null'.
src/services/api.ts(196,32): error TS18047: 'combinedData' is possibly 'null'.
src/services/api.ts(197,76): error TS18047: 'combinedData' is possibly 'null'.
src/services/api.ts(198,51): error TS18047: 'combinedData' is possibly 'null'.
src/services/api.ts(199,52): error TS18047: 'combinedData' is possibly 'null'.
src/services/api.ts(202,17): error TS18047: 'combinedData' is possibly 'null'.
src/services/api.ts(202,56): error TS18047: 'combinedData' is possibly 'null'.
src/services/api.ts(203,17): error TS18047: 'combinedData' is possibly 'null'.
src/services/api.ts(203,41): error TS18047: 'combinedData' is possibly 'null'.
src/services/api.ts(400,78): error TS2345: Argument of type 'Movie' is not assignable to parameter of type 'Record<string, unknown>'.
  Index signature for type 'string' is missing in type 'Movie'.
src/services/api.ts(467,78): error TS2345: Argument of type 'Movie' is not assignable to parameter of type 'Record<string, unknown>'.
  Index signature for type 'string' is missing in type 'Movie'.
src/services/api.ts(533,78): error TS2345: Argument of type 'Movie' is not assignable to parameter of type 'Record<string, unknown>'.
  Index signature for type 'string' is missing in type 'Movie'.
src/services/api.ts(590,54): error TS2345: Argument of type 'unknown' is not assignable to parameter of type 'string'.
src/services/api.ts(651,74): error TS2345: Argument of type 'string | undefined' is not assignable to parameter of type 'string'.
  Type 'undefined' is not assignable to type 'string'.
src/services/tmdb.ts(83,88): error TS2345: Argument of type 'string | undefined' is not assignable to parameter of type 'string'.
  Type 'undefined' is not assignable to type 'string'.
